Archive member included to satisfy reference by file (symbol)

.\ARM_GCC_541\Debug\CE210514_PSOC3_5_Thermistor.a(CapSense.o)
                              .\ARM_GCC_541\Debug\main.o (symbol from plugin) (CapSense_IsBusy)
.\ARM_GCC_541\Debug\CE210514_PSOC3_5_Thermistor.a(CapSense_CSHL.o)
                              .\ARM_GCC_541\Debug\main.o (symbol from plugin) (CapSense_InitializeAllBaselines)
.\ARM_GCC_541\Debug\CE210514_PSOC3_5_Thermistor.a(CapSense_INT.o)
                              CapSense.o (symbol from plugin) (CapSense_IsrCH0_ISR)
.\ARM_GCC_541\Debug\CE210514_PSOC3_5_Thermistor.a(CapSense_CompCH0.o)
                              CapSense.o (symbol from plugin) (CapSense_CompCH0_Enable)
.\ARM_GCC_541\Debug\CE210514_PSOC3_5_Thermistor.a(CapSense_IdacCH0.o)
                              CapSense.o (symbol from plugin) (CapSense_IdacCH0_Enable)
.\ARM_GCC_541\Debug\CE210514_PSOC3_5_Thermistor.a(CapSense_AMuxCH0.o)
                              CapSense.o (symbol from plugin) (CapSense_AMuxCH0_Init)
.\ARM_GCC_541\Debug\CE210514_PSOC3_5_Thermistor.a(CapSense_IntClock.o)
                              CapSense.o (symbol from plugin) (CapSense_IntClock_Start)
.\ARM_GCC_541\Debug\CE210514_PSOC3_5_Thermistor.a(cy_em_eeprom.o)
                              .\ARM_GCC_541\Debug\main.o (symbol from plugin) (Cy_Em_EEPROM_Read)
.\ARM_GCC_541\Debug\CE210514_PSOC3_5_Thermistor.a(CyDmac.o)
                              .\ARM_GCC_541\Debug\Cm3Start.o (symbol from plugin) (CyDmacConfigure)
.\ARM_GCC_541\Debug\CE210514_PSOC3_5_Thermistor.a(CyFlash.o)
                              cy_em_eeprom.o (symbol from plugin) (CySetTemp)
.\ARM_GCC_541\Debug\CE210514_PSOC3_5_Thermistor.a(CyLib.o)
                              .\ARM_GCC_541\Debug\Cm3Start.o (symbol from plugin) (CyHalt)
.\ARM_GCC_541\Debug\CE210514_PSOC3_5_Thermistor.a(cyPm.o)
                              CyLib.o (symbol from plugin) (CyPmReadStatus)
.\ARM_GCC_541\Debug\CE210514_PSOC3_5_Thermistor.a(CySpc.o)
                              CyFlash.o (symbol from plugin) (CySpcStart)
.\ARM_GCC_541\Debug\CE210514_PSOC3_5_Thermistor.a(AMux_1.o)
                              .\ARM_GCC_541\Debug\main.o (symbol from plugin) (AMux_1_Start)
.\ARM_GCC_541\Debug\CE210514_PSOC3_5_Thermistor.a(ADC_1.o)
                              .\ARM_GCC_541\Debug\main.o (symbol from plugin) (ADC_1_Start)
.\ARM_GCC_541\Debug\CE210514_PSOC3_5_Thermistor.a(ADC_1_INT.o)
                              ADC_1.o (symbol from plugin) (ADC_1_ISR1)
.\ARM_GCC_541\Debug\CE210514_PSOC3_5_Thermistor.a(ADC_1_Ext_CP_Clk.o)
                              ADC_1.o (symbol from plugin) (ADC_1_Ext_CP_Clk_SetModeRegister)
.\ARM_GCC_541\Debug\CE210514_PSOC3_5_Thermistor.a(ADC_1_theACLK.o)
                              ADC_1.o (symbol from plugin) (ADC_1_theACLK_SetModeRegister)
.\ARM_GCC_541\Debug\CE210514_PSOC3_5_Thermistor.a(SPIM_1.o)
                              .\ARM_GCC_541\Debug\main.o (symbol from plugin) (SPIM_1_ReadTxStatus)
.\ARM_GCC_541\Debug\CE210514_PSOC3_5_Thermistor.a(SPIM_2.o)
                              .\ARM_GCC_541\Debug\main.o (symbol from plugin) (SPIM_2_ReadTxStatus)
.\ARM_GCC_541\Debug\CE210514_PSOC3_5_Thermistor.a(SPIM_1_IntClock.o)
                              SPIM_1.o (symbol from plugin) (SPIM_1_IntClock_Start)
.\ARM_GCC_541\Debug\CE210514_PSOC3_5_Thermistor.a(SPIM_2_IntClock.o)
                              SPIM_2.o (symbol from plugin) (SPIM_2_IntClock_Start)
.\ARM_GCC_541\Debug\CE210514_PSOC3_5_Thermistor.a(I2C_1.o)
                              .\ARM_GCC_541\Debug\main.o (symbol from plugin) (I2C_1_Stop)
.\ARM_GCC_541\Debug\CE210514_PSOC3_5_Thermistor.a(I2C_1_INT.o)
                              I2C_1.o (symbol from plugin) (I2C_1_ISR)
.\ARM_GCC_541\Debug\CE210514_PSOC3_5_Thermistor.a(I2C_1_PM.o)
                              I2C_1.o (symbol from plugin) (I2C_1_backup)
.\ARM_GCC_541\Debug\CE210514_PSOC3_5_Thermistor.a(I2C_1_MASTER.o)
                              .\ARM_GCC_541\Debug\main.o (symbol from plugin) (I2C_1_MasterWriteBuf)
.\ARM_GCC_541\Debug\CE210514_PSOC3_5_Thermistor.a(ADC_SAR_Seq_1.o)
                              .\ARM_GCC_541\Debug\main.o (symbol from plugin) (ADC_SAR_Seq_1_Start)
.\ARM_GCC_541\Debug\CE210514_PSOC3_5_Thermistor.a(ADC_SAR_Seq_1_INT.o)
                              ADC_SAR_Seq_1.o (symbol from plugin) (ADC_SAR_Seq_1_ISR)
.\ARM_GCC_541\Debug\CE210514_PSOC3_5_Thermistor.a(ADC_SAR_Seq_1_SAR.o)
                              ADC_SAR_Seq_1.o (symbol from plugin) (ADC_SAR_Seq_1_SAR_shift)
.\ARM_GCC_541\Debug\CE210514_PSOC3_5_Thermistor.a(ADC_SAR_Seq_1_TempBuf_dma.o)
                              ADC_SAR_Seq_1.o (symbol from plugin) (ADC_SAR_Seq_1_TempBuf_DmaInitialize)
.\ARM_GCC_541\Debug\CE210514_PSOC3_5_Thermistor.a(ADC_SAR_Seq_1_FinalBuf_dma.o)
                              ADC_SAR_Seq_1.o (symbol from plugin) (ADC_SAR_Seq_1_FinalBuf_DmaInitialize)
.\ARM_GCC_541\Debug\CE210514_PSOC3_5_Thermistor.a(ADC_SAR_Seq_1_IRQ.o)
[...]
Memory Configuration

Name             Origin             Length             Attributes
rom              0x00000000         0x00040000         xr
ram              0x1fff8000         0x00010000         xrw
*default*        0x00000000         0xffffffff

Linker script and memory map

LOAD c:/program files (x86)/cypress/psoc creator/4.4/psoc creator/import/gnu/arm/5.4.1/bin/../lib/gcc/arm-none-eabi/5.4.1/armv7-m/crti.o
LOAD c:/program files (x86)/cypress/psoc creator/4.4/psoc creator/import/gnu/arm/5.4.1/bin/../lib/gcc/arm-none-eabi/5.4.1/armv7-m/crtbegin.o
LOAD c:/program files (x86)/cypress/psoc creator/4.4/psoc creator/import/gnu/arm/5.4.1/bin/../lib/gcc/arm-none-eabi/5.4.1/../../../../arm-none-eabi/lib/armv7-m/crt0.o
START GROUP
LOAD .\ARM_GCC_541\Debug\main.o
LOAD C:\Users\JEFFSN~1\AppData\Local\Temp\ccjcw853.ltrans0.ltrans.o
LOAD C:\Users\JEFFSN~1\AppData\Local\Temp\ccjcw853.ltrans1.ltrans.o
LOAD C:\Users\JEFFSN~1\AppData\Local\Temp\ccjcw853.ltrans2.ltrans.o
LOAD C:\Users\JEFFSN~1\AppData\Local\Temp\ccjcw853.ltrans3.ltrans.o
LOAD C:\Users\JEFFSN~1\AppData\Local\Temp\ccjcw853.ltrans4.ltrans.o
LOAD C:\Users\JEFFSN~1\AppData\Local\Temp\ccjcw853.ltrans5.ltrans.o
LOAD C:\Users\JEFFSN~1\AppData\Local\Temp\ccjcw853.ltrans6.ltrans.o
LOAD .\ARM_GCC_541\Debug\midi.o
LOAD .\ARM_GCC_541\Debug\cyfitter_cfg.o
LOAD .\ARM_GCC_541\Debug\cymetadata.o
LOAD .\ARM_GCC_541\Debug\Cm3Start.o
LOAD .\ARM_GCC_541\Debug\CE210514_PSOC3_5_Thermistor.a
LOAD C:\Program Files (x86)\Cypress\PSoC Creator\4.4\PSoC Creator\psoc\content\CyComponentLibrary\CyComponentLibrary.cylib\CapSense_CSD_v3_50\Library\CapSenseLibrary_GCC.a
LOAD C:\Program Files (x86)\Cypress\PSoC Creator\4.4\PSoC Creator\psoc\content\cycomponentlibrary\CyComponentLibrary.cylib\CortexM3\ARM_GCC_541\Debug\CyComponentLibrary.a
LOAD c:/program files (x86)/cypress/psoc creator/4.4/psoc creator/import/gnu/arm/5.4.1/bin/../lib/gcc/arm-none-eabi/5.4.1/../../../../arm-none-eabi/lib/armv7-m\libm.a
END GROUP
START GROUP
LOAD c:/program files (x86)/cypress/psoc creator/4.4/psoc creator/import/gnu/arm/5.4.1/bin/../lib/gcc/arm-none-eabi/5.4.1/armv7-m\libgcc.a
LOAD c:/program files (x86)/cypress/psoc creator/4.4/psoc creator/import/gnu/arm/5.4.1/bin/../lib/gcc/arm-none-eabi/5.4.1/../../../../arm-none-eabi/lib/armv7-m\libg_nano.a
LOAD c:/program files (x86)/cypress/psoc creator/4.4/psoc creator/import/gnu/arm/5.4.1/bin/../lib/gcc/arm-none-eabi/5.4.1/../../../../arm-none-eabi/lib/armv7-m\libc_nano.a
END GROUP
START GROUP
LOAD c:/program files (x86)/cypress/psoc creator/4.4/psoc creator/import/gnu/arm/5.4.1/bin/../lib/gcc/arm-none-eabi/5.4.1/armv7-m\libgcc.a
LOAD c:/program files (x86)/cypress/psoc creator/4.4/psoc creator/import/gnu/arm/5.4.1/bin/../lib/gcc/arm-none-eabi/5.4.1/../../../../arm-none-eabi/lib/armv7-m\libc_nano.a
END GROUP
LOAD c:/program files (x86)/cypress/psoc creator/4.4/psoc creator/import/gnu/arm/5.4.1/bin/../lib/gcc/arm-none-eabi/5.4.1/armv7-m/crtend.o
LOAD c:/program files (x86)/cypress/psoc creator/4.4/psoc creator/import/gnu/arm/5.4.1/bin/../lib/gcc/arm-none-eabi/5.4.1/armv7-m/crtn.o
START GROUP
LOAD c:/program files (x86)/cypress/psoc creator/4.4/psoc creator/import/gnu/arm/5.4.1/bin/../lib/gcc/arm-none-eabi/5.4.1/armv7-m\libgcc.a
LOAD c:/program files (x86)/cypress/psoc creator/4.4/psoc creator/import/gnu/arm/5.4.1/bin/../lib/gcc/arm-none-eabi/5.4.1/../../../../arm-none-eabi/lib/armv7-m\libc.a
LOAD c:/program files (x86)/cypress/psoc creator/4.4/psoc creator/import/gnu/arm/5.4.1/bin/../lib/gcc/arm-none-eabi/5.4.1/../../../../arm-none-eabi/lib/armv7-m\libnosys.a
END GROUP
                0x00000000                CY_APPL_ORIGIN = 0x0
                0x00000100                CY_FLASH_ROW_SIZE = 0x100
                0x00000020                CY_ECC_ROW_SIZE = 0x20
                0x00000000                CY_EE_IN_BTLDR = 0x0
                0x00000000                CY_APPL_LOADABLE = 0x0
                0x00000800                CY_EE_SIZE = 0x800
                0x00000001                CY_APPL_NUM = 0x1
                0x00000001                CY_APPL_MAX = 0x1
                0x00000040                CY_METADATA_SIZE = 0x40
                0x00000000                CY_APPL_LOADABLE = 0x0
                0x00000000                CY_CHECKSUM_EXCLUDE_SIZE = ALIGN (0x0, CY_FLASH_ROW_SIZE)
                [!provide]                PROVIDE (__cy_heap_start, _end)
                0x00000001                PROVIDE (__cy_region_num, ((__cy_regions_end - __cy_regions) / 0x10))
                0x20008000                PROVIDE (__cy_stack, (ORIGIN (ram) + LENGTH (ram)))
                [!provide]                PROVIDE (__cy_heap_end, (__cy_stack - 0x800))

.cybootloader   0x00000000        0x0
 *(.cybootloader)
                0x00000000                appl1_start = CY_APPL_ORIGIN?CY_APPL_ORIGIN:ALIGN (CY_FLASH_ROW_SIZE)
                0x0001ff00                appl2_start = (appl1_start + ALIGN ((((LENGTH (rom) - appl1_start) - (0x2 * CY_FLASH_ROW_SIZE)) / 0x2), CY_FLASH_ROW_SIZE))
                0x00000000                appl_start = (CY_APPL_NUM == 0x1)?appl1_start:appl2_start
                0x00000000                ecc_offset = ((appl_start / CY_FLASH_ROW_SIZE) * CY_ECC_ROW_SIZE)
                0x00000000                ee_offset = (CY_APPL_LOADABLE && ! (CY_EE_IN_BTLDR))?((CY_EE_SIZE / CY_APPL_MAX) * (CY_APPL_NUM - 0x1)):0x0
                0x00000800                ee_size = (CY_APPL_LOADABLE && ! (CY_EE_IN_BTLDR))?(CY_EE_SIZE / CY_APPL_MAX):CY_EE_SIZE
                [!provide]                PROVIDE (CY_ECC_OFFSET, ecc_offset)

.text           0x00000000     0x92a4
 CREATE_OBJECT_SYMBOLS
                0x00000000                PROVIDE (__cy_interrupt_vector, RomVectors)
 *(.romvectors)
 .romvectors    0x00000000       0x10 C:\Users\JEFFSN~1\AppData\Local\Temp\ccjcw853.ltrans2.ltrans.o
                0x00000000                RomVectors
                0x00000001                ASSERT ((. != __cy_interrupt_vector), No interrupt vector)
                0x00000001                ASSERT (CY_APPL_ORIGIN?(SIZEOF (.cybootloader) <= CY_APPL_ORIGIN):0x1, Wrong image location)
                0x00000010                PROVIDE (__cy_reset, Reset)
 *(.text.Reset)
 .text.Reset    0x00000010       0x18 C:\Users\JEFFSN~1\AppData\Local\Temp\ccjcw853.ltrans2.ltrans.o
                0x00000010                Reset
                0x00000001                ASSERT ((. != __cy_reset), No reset code)
 *(.dma_init)
 .dma_init      0x00000028      0x328 C:\Users\JEFFSN~1\AppData\Local\Temp\ccjcw853.ltrans2.ltrans.o
                0x00000001                ASSERT ((((appl_start + .) <= 0x10000) || 0x0), DMA Init must be within the first 64k of flash)
 *(.text .text.* .gnu.linkonce.t.*)
 .text          0x00000350       0x5c c:/program files (x86)/cypress/psoc creator/4.4/psoc creator/import/gnu/arm/5.4.1/bin/../lib/gcc/arm-none-eabi/5.4.1/armv7-m/crtbegin.o
 .text.ADC_1_Ext_CP_Clk_GetSourceRegister
                0x000003ac       0x10 C:\Users\JEFFSN~1\AppData\Local\Temp\ccjcw853.ltrans0.ltrans.o
 .text.ADC_1_Ext_CP_Clk_SetModeRegister
                0x000003bc       0x14 C:\Users\JEFFSN~1\AppData\Local\Temp\ccjcw853.ltrans0.ltrans.o
 .text.ADC_1_Ext_CP_Clk_GetDividerRegister
                0x000003d0        0xc C:\Users\JEFFSN~1\AppData\Local\Temp\ccjcw853.ltrans0.ltrans.o
 .text.ADC_1_Ext_CP_Clk_SetDividerRegister
                0x000003dc       0xd8 C:\Users\JEFFSN~1\AppData\Local\Temp\ccjcw853.ltrans0.ltrans.o
 .text.ADC_1_ISR1
                0x000004b4        0x4 C:\Users\JEFFSN~1\AppData\Local\Temp\ccjcw853.ltrans0.ltrans.o
 .text.CySpcGetAlgorithm
                0x000004b8       0x28 C:\Users\JEFFSN~1\AppData\Local\Temp\ccjcw853.ltrans0.ltrans.o
 .text.CySpcGetTemp
                0x000004e0       0x3c C:\Users\JEFFSN~1\AppData\Local\Temp\ccjcw853.ltrans0.ltrans.o
 .text.CySpcWriteRow
                0x0000051c       0x4c C:\Users\JEFFSN~1\AppData\Local\Temp\ccjcw853.ltrans0.ltrans.o
 .text.CySpcLoadRowFull
                0x00000568       0x80 C:\Users\JEFFSN~1\AppData\Local\Temp\ccjcw853.ltrans0.ltrans.o
 .text.ADC_1_theACLK_SetDividerRegister
                0x000005e8       0xd8 C:\Users\JEFFSN~1\AppData\Local\Temp\ccjcw853.ltrans0.ltrans.o
 .text.CySpcUnlock
                0x000006c0       0x38 C:\Users\JEFFSN~1\AppData\Local\Temp\ccjcw853.ltrans0.ltrans.o
 .text.CySpcLock
                0x000006f8       0x4c C:\Users\JEFFSN~1\AppData\Local\Temp\ccjcw853.ltrans0.ltrans.o
 .text.CySpcStart
                0x00000744       0x24 C:\Users\JEFFSN~1\AppData\Local\Temp\ccjcw853.ltrans0.ltrans.o
 .text.AMux_1_Disconnect
                0x00000768       0x10 C:\Users\JEFFSN~1\AppData\Local\Temp\ccjcw853.ltrans0.ltrans.o
 .text.ADC_1_GetResult32
                0x00000778       0x6c C:\Users\JEFFSN~1\AppData\Local\Temp\ccjcw853.ltrans0.ltrans.o
                0x00000778                ADC_1_GetResult32
 .text.ADC_1_IsEndConversion
                0x000007e4       0x30 C:\Users\JEFFSN~1\AppData\Local\Temp\ccjcw853.ltrans0.ltrans.o
                0x000007e4                ADC_1_IsEndConversion
 .text.ADC_1_StartConvert
                0x00000814       0x10 C:\Users\JEFFSN~1\AppData\Local\Temp\ccjcw853.ltrans0.ltrans.o
                0x00000814                ADC_1_StartConvert
 .text.AMux_1_FastSelect
                0x00000824       0x28 C:\Users\JEFFSN~1\AppData\Local\Temp\ccjcw853.ltrans0.ltrans.o
                0x00000824                AMux_1_FastSelect
 .text.AMux_1_Start
                0x0000084c       0x28 C:\Users\JEFFSN~1\AppData\Local\Temp\ccjcw853.ltrans0.ltrans.o
                0x0000084c                AMux_1_Start
 .text.CyGetUniqueId
                0x00000874       0x70 C:\Users\JEFFSN~1\AppData\Local\Temp\ccjcw853.ltrans0.ltrans.o
                0x00000874                CyGetUniqueId
 .text.CyFlushCache
                0x000008e4       0x44 C:\Users\JEFFSN~1\AppData\Local\Temp\ccjcw853.ltrans0.ltrans.o
                0x000008e4                CyFlushCache
 .text.CyDelayUs
                0x00000928       0x10 C:\Users\JEFFSN~1\AppData\Local\Temp\ccjcw853.ltrans0.ltrans.o
                0x00000928                CyDelayUs
 .text.ADC_1_SetDSMRef0Reg
                0x00000938       0x4c C:\Users\JEFFSN~1\AppData\Local\Temp\ccjcw853.ltrans0.ltrans.o
 .text.ADC_1_Enable
                0x00000984       0xd8 C:\Users\JEFFSN~1\AppData\Local\Temp\ccjcw853.ltrans0.ltrans.o
 .text.CySpcReadData
                0x00000a5c       0x34 C:\Users\JEFFSN~1\AppData\Local\Temp\ccjcw853.ltrans0.ltrans.o
 .text.CyWriteRowFull
                0x00000a90       0xf8 C:\Users\JEFFSN~1\AppData\Local\Temp\ccjcw853.ltrans0.ltrans.o
 .text.CyFlashGetSpcAlgorithm
                0x00000b88       0x4c C:\Users\JEFFSN~1\AppData\Local\Temp\ccjcw853.ltrans0.ltrans.o
 .text.CySetTempInt
                0x00000bd4       0x60 C:\Users\JEFFSN~1\AppData\Local\Temp\ccjcw853.ltrans0.ltrans.o
 .text.CyDelay  0x00000c34       0x2c C:\Users\JEFFSN~1\AppData\Local\Temp\ccjcw853.ltrans0.ltrans.o
                0x00000c34                CyDelay
 .text.CySoftwareReset
                0x00000c60       0x10 C:\Users\JEFFSN~1\AppData\Local\Temp\ccjcw853.ltrans0.ltrans.o
                0x00000c60                CySoftwareReset
 .text.CyHalt   0x00000c70        0x4 C:\Users\JEFFSN~1\AppData\Local\Temp\ccjcw853.ltrans0.ltrans.o
                0x00000c70                CyHalt
 .text.ADC_1_GainCompensation
                0x00000c74       0xdc C:\Users\JEFFSN~1\AppData\Local\Temp\ccjcw853.ltrans0.ltrans.o
 .text.CyIntSetPriority
                0x00000d50       0x30 C:\Users\JEFFSN~1\AppData\Local\Temp\ccjcw853.ltrans0.ltrans.o
                0x00000d50                CyIntSetPriority
 .text.CyIntSetVector
                0x00000d80       0x28 C:\Users\JEFFSN~1\AppData\Local\Temp\ccjcw853.ltrans0.ltrans.o
                0x00000d80                CyIntSetVector
 .text.ADC_1_InitConfig
                0x00000da8       0xe0 C:\Users\JEFFSN~1\AppData\Local\Temp\ccjcw853.ltrans0.ltrans.o
 .text.ADC_1_Init
                0x00000e88       0xc8 C:\Users\JEFFSN~1\AppData\Local\Temp\ccjcw853.ltrans0.ltrans.o
 .text.ADC_1_Start
                0x00000f50       0x28 C:\Users\JEFFSN~1\AppData\Local\Temp\ccjcw853.ltrans0.ltrans.o
                0x00000f50                ADC_1_Start
 .text.CyWriteRowData
                0x00000f78       0x14 C:\Users\JEFFSN~1\AppData\Local\Temp\ccjcw853.ltrans0.ltrans.o
                0x00000f78                CyWriteRowData
 .text.CySetTemp
                0x00000f8c       0x14 C:\Users\JEFFSN~1\AppData\Local\Temp\ccjcw853.ltrans0.ltrans.o
                0x00000f8c                CySetTemp
 .text.CyDmaTdSetAddress
                0x00000fa0       0x1c C:\Users\JEFFSN~1\AppData\Local\Temp\ccjcw853.ltrans0.ltrans.o
                0x00000fa0                CyDmaTdSetAddress
 .text.CyDmaTdSetConfiguration
                0x00000fbc       0x28 C:\Users\JEFFSN~1\AppData\Local\Temp\ccjcw853.ltrans0.ltrans.o
                0x00000fbc                CyDmaTdSetConfiguration
 .text.CyDmaTdFree
                0x00000fe4       0x34 C:\Users\JEFFSN~1\AppData\Local\Temp\ccjcw853.ltrans0.ltrans.o
                0x00000fe4                CyDmaTdFree
 .text.CyDmaTdAllocate
                0x00001018       0x34 C:\Users\JEFFSN~1\AppData\Local\Temp\ccjcw853.ltrans0.ltrans.o
                0x00001018                CyDmaTdAllocate
 .text.CyDmaChSetConfiguration
                0x0000104c       0x44 C:\Users\JEFFSN~1\AppData\Local\Temp\ccjcw853.ltrans0.ltrans.o
                0x0000104c                CyDmaChSetConfiguration
 .text.CyDmaChSetInitialTd
                0x00001090       0x18 C:\Users\JEFFSN~1\AppData\Local\Temp\ccjcw853.ltrans0.ltrans.o
                0x00001090                CyDmaChSetInitialTd
 .text.CyDmaChSetExtendedAddress
                0x000010a8       0x34 C:\Users\JEFFSN~1\AppData\Local\Temp\ccjcw853.ltrans0.ltrans.o
                0x000010a8                CyDmaChSetExtendedAddress
 .text.CyDmaChPriority
                0x000010dc       0x24 C:\Users\JEFFSN~1\AppData\Local\Temp\ccjcw853.ltrans0.ltrans.o
                0x000010dc                CyDmaChPriority
 .text.CyDmaClearPendingDrq
                0x00001100       0x28 C:\Users\JEFFSN~1\AppData\Local\Temp\ccjcw853.ltrans0.ltrans.o
                0x00001100                CyDmaClearPendingDrq
 .text.CyDmaChDisable
                0x00001128       0x24 C:\Users\JEFFSN~1\AppData\Local\Temp\ccjcw853.ltrans0.ltrans.o
                0x00001128                CyDmaChDisable
 .text.CyDmaChEnable
                0x0000114c       0x38 C:\Users\JEFFSN~1\AppData\Local\Temp\ccjcw853.ltrans0.ltrans.o
                0x0000114c                CyDmaChEnable
 .text.CyDmacConfigure
                0x00001184       0x34 C:\Users\JEFFSN~1\AppData\Local\Temp\ccjcw853.ltrans0.ltrans.o
                0x00001184                CyDmacConfigure
 .text.FillChecksum.lto_priv.5
                0x000011b8       0x6c C:\Users\JEFFSN~1\AppData\Local\Temp\ccjcw853.ltrans0.ltrans.o
                0x000011b8                FillChecksum.lto_priv.5
 .text.GetAddresses.lto_priv.3
                0x00001224       0x90 C:\Users\JEFFSN~1\AppData\Local\Temp\ccjcw853.ltrans0.ltrans.o
                0x00001224                GetAddresses.lto_priv.3
 .text.CheckCrcAndCopy.lto_priv.4
                0x000012b4       0x78 C:\Users\JEFFSN~1\AppData\Local\Temp\ccjcw853.ltrans0.ltrans.o
                0x000012b4                CheckCrcAndCopy.lto_priv.4
 .text.USB_ConfigReg
                0x0000132c       0xb8 C:\Users\JEFFSN~1\AppData\Local\Temp\ccjcw853.ltrans1.ltrans.o
 .text.USB_SOF_ISR
                0x000013e4        0x4 C:\Users\JEFFSN~1\AppData\Local\Temp\ccjcw853.ltrans1.ltrans.o
                0x000013e4                USB_SOF_ISR
 .text.USB_InitializeStatusBlock
                0x000013e8       0x1c C:\Users\JEFFSN~1\AppData\Local\Temp\ccjcw853.ltrans1.ltrans.o
 .text.USB_UpdateStatusBlock
                0x00001404       0x1c C:\Users\JEFFSN~1\AppData\Local\Temp\ccjcw853.ltrans1.ltrans.o
 .text.USB_NoDataControlStatusStage
                0x00001420       0x38 C:\Users\JEFFSN~1\AppData\Local\Temp\ccjcw853.ltrans1.ltrans.o
 .text.USB_ControlWriteStatusStage
                0x00001458       0x18 C:\Users\JEFFSN~1\AppData\Local\Temp\ccjcw853.ltrans1.ltrans.o
 .text.USB_ControlWriteDataStage
                0x00001470       0x70 C:\Users\JEFFSN~1\AppData\Local\Temp\ccjcw853.ltrans1.ltrans.o
 .text.USB_ControlReadStatusStage
                0x000014e0       0x24 C:\Users\JEFFSN~1\AppData\Local\Temp\ccjcw853.ltrans1.ltrans.o
 .text.USB_InitZeroLengthControlTransfer
                0x00001504       0x1c C:\Users\JEFFSN~1\AppData\Local\Temp\ccjcw853.ltrans1.ltrans.o
 .text.USB_LoadEP0
                0x00001520       0x78 C:\Users\JEFFSN~1\AppData\Local\Temp\ccjcw853.ltrans1.ltrans.o
 .text.USB_ControlReadDataStage
                0x00001598        0x8 C:\Users\JEFFSN~1\AppData\Local\Temp\ccjcw853.ltrans1.ltrans.o
 .text.USB_InitControlRead
                0x000015a0       0x44 C:\Users\JEFFSN~1\AppData\Local\Temp\ccjcw853.ltrans1.ltrans.o
 .text.USB_HandleOUT
                0x000015e4       0x34 C:\Users\JEFFSN~1\AppData\Local\Temp\ccjcw853.ltrans1.ltrans.o
 .text.USB_HandleIN
                0x00001618       0x2c C:\Users\JEFFSN~1\AppData\Local\Temp\ccjcw853.ltrans1.ltrans.o
 .text.USB_LoadNextInEP
                0x00001644       0x8c C:\Users\JEFFSN~1\AppData\Local\Temp\ccjcw853.ltrans1.ltrans.o
 .text.USB_ARB_ISR
                0x000016d0       0xbc C:\Users\JEFFSN~1\AppData\Local\Temp\ccjcw853.ltrans1.ltrans.o
                0x000016d0                USB_ARB_ISR
 .text.USB_ReadDieID
                0x0000178c       0x6c C:\Users\JEFFSN~1\AppData\Local\Temp\ccjcw853.ltrans1.ltrans.o
 .text.USB_DP_ISR
                0x000017f8        0x8 C:\Users\JEFFSN~1\AppData\Local\Temp\ccjcw853.ltrans1.ltrans.o
                0x000017f8                USB_DP_ISR
 .text.USB_EP_DMA_DONE_ISR
                0x00001800       0x88 C:\Users\JEFFSN~1\AppData\Local\Temp\ccjcw853.ltrans1.ltrans.o
                0x00001800                USB_EP_DMA_DONE_ISR
 .text.USB_BUS_RESET_ISR
                0x00001888        0x8 C:\Users\JEFFSN~1\AppData\Local\Temp\ccjcw853.ltrans1.ltrans.o
                0x00001888                USB_BUS_RESET_ISR
 .text.USB_EP_2_ISR
                0x00001890       0x48 C:\Users\JEFFSN~1\AppData\Local\Temp\ccjcw853.ltrans1.ltrans.o
                0x00001890                USB_EP_2_ISR
 .text.USB_EP_1_ISR
                0x000018d8       0x44 C:\Users\JEFFSN~1\AppData\Local\Temp\ccjcw853.ltrans1.ltrans.o
                0x000018d8                USB_EP_1_ISR
 .text.USB_InitEP_DMA
                0x0000191c       0x74 C:\Users\JEFFSN~1\AppData\Local\Temp\ccjcw853.ltrans1.ltrans.o
 .text.USB_GetConfigTablePtr
                0x00001990       0x20 C:\Users\JEFFSN~1\AppData\Local\Temp\ccjcw853.ltrans1.ltrans.o
                0x00001990                USB_GetConfigTablePtr
 .text.USB_ConfigAltChanged
                0x000019b0      0x140 C:\Users\JEFFSN~1\AppData\Local\Temp\ccjcw853.ltrans1.ltrans.o
 .text.USB_Config
                0x00001af0      0x1cc C:\Users\JEFFSN~1\AppData\Local\Temp\ccjcw853.ltrans1.ltrans.o
 .text.USB_InitNoDataControlTransfer
                0x00001cbc       0x18 C:\Users\JEFFSN~1\AppData\Local\Temp\ccjcw853.ltrans1.ltrans.o
                0x00001cbc                USB_InitNoDataControlTransfer
 .text.USB_HandleStandardRqst
                0x00001cd4      0x350 C:\Users\JEFFSN~1\AppData\Local\Temp\ccjcw853.ltrans1.ltrans.o
 .text.USB_HandleSetup
                0x00002024       0x5c C:\Users\JEFFSN~1\AppData\Local\Temp\ccjcw853.ltrans1.ltrans.o
 .text.USB_EP_0_ISR
                0x00002080       0xac C:\Users\JEFFSN~1\AppData\Local\Temp\ccjcw853.ltrans1.ltrans.o
                0x00002080                USB_EP_0_ISR
 .text.USB_VBusPresent
                0x0000212c       0x10 C:\Users\JEFFSN~1\AppData\Local\Temp\ccjcw853.ltrans1.ltrans.o
                0x0000212c                USB_VBusPresent
 .text.USB_SetPowerStatus
                0x0000213c       0x28 C:\Users\JEFFSN~1\AppData\Local\Temp\ccjcw853.ltrans1.ltrans.o
                0x0000213c                USB_SetPowerStatus
 .text.USB_EnableOutEP
                0x00002164       0x2c C:\Users\JEFFSN~1\AppData\Local\Temp\ccjcw853.ltrans1.ltrans.o
                0x00002164                USB_EnableOutEP
 .text.USB_ReadOutEP
                0x00002190       0x7c C:\Users\JEFFSN~1\AppData\Local\Temp\ccjcw853.ltrans1.ltrans.o
                0x00002190                USB_ReadOutEP
 .text.USB_LoadInEP
                0x0000220c      0x184 C:\Users\JEFFSN~1\AppData\Local\Temp\ccjcw853.ltrans1.ltrans.o
                0x0000220c                USB_LoadInEP
 .text.USB_Stop_DMA
                0x00002390       0x5c C:\Users\JEFFSN~1\AppData\Local\Temp\ccjcw853.ltrans1.ltrans.o
                0x00002390                USB_Stop_DMA
 .text.USB_GetEPCount
                0x000023ec       0x28 C:\Users\JEFFSN~1\AppData\Local\Temp\ccjcw853.ltrans1.ltrans.o
                0x000023ec                USB_GetEPCount
 .text.USB_GetEPState
                0x00002414       0x14 C:\Users\JEFFSN~1\AppData\Local\Temp\ccjcw853.ltrans1.ltrans.o
                0x00002414                USB_GetEPState
 .text.USB_IsConfigurationChanged
                0x00002428       0x24 C:\Users\JEFFSN~1\AppData\Local\Temp\ccjcw853.ltrans1.ltrans.o
                0x00002428                USB_IsConfigurationChanged
 .text.USB_GetConfiguration
                0x0000244c        0xc C:\Users\JEFFSN~1\AppData\Local\Temp\ccjcw853.ltrans1.ltrans.o
                0x0000244c                USB_GetConfiguration
 .text.CyClockStartupError
                0x00002458        0x4 C:\Users\JEFFSN~1\AppData\Local\Temp\ccjcw853.ltrans2.ltrans.o
 .text.CapSense_Enable
                0x0000245c       0x94 C:\Users\JEFFSN~1\AppData\Local\Temp\ccjcw853.ltrans2.ltrans.o
 .text.IntDefaultHandler
                0x000024f0       0x10 C:\Users\JEFFSN~1\AppData\Local\Temp\ccjcw853.ltrans2.ltrans.o
 .text.AnalogSetDefault
                0x00002500       0xc0 C:\Users\JEFFSN~1\AppData\Local\Temp\ccjcw853.ltrans2.ltrans.o
 .text.CYCONFIGCPY
                0x000025c0        0x8 C:\Users\JEFFSN~1\AppData\Local\Temp\ccjcw853.ltrans2.ltrans.o
 .text.ClockSetup
                0x000025c8      0x11c C:\Users\JEFFSN~1\AppData\Local\Temp\ccjcw853.ltrans2.ltrans.o
 .text.cfg_dma_init
                0x000026e4      0x118 C:\Users\JEFFSN~1\AppData\Local\Temp\ccjcw853.ltrans2.ltrans.o
 .text.CYMEMZERO
                0x000027fc        0xc C:\Users\JEFFSN~1\AppData\Local\Temp\ccjcw853.ltrans2.ltrans.o
 .text.cyfitter_cfg
                0x00002808      0x180 C:\Users\JEFFSN~1\AppData\Local\Temp\ccjcw853.ltrans2.ltrans.o
 .text.sendMIDINoteOn
                0x00002988       0x7c C:\Users\JEFFSN~1\AppData\Local\Temp\ccjcw853.ltrans2.ltrans.o
 .text.CapSense_ScanSensor
                0x00002a04       0x70 C:\Users\JEFFSN~1\AppData\Local\Temp\ccjcw853.ltrans2.ltrans.o
                0x00002a04                CapSense_ScanSensor
 .text.CapSense_SetScanSlotSettings
                0x00002a74       0x5c C:\Users\JEFFSN~1\AppData\Local\Temp\ccjcw853.ltrans2.ltrans.o
                0x00002a74                CapSense_SetScanSlotSettings
 .text.CapSense_FindNextPair
                0x00002ad0       0x78 C:\Users\JEFFSN~1\AppData\Local\Temp\ccjcw853.ltrans2.ltrans.o
                0x00002ad0                CapSense_FindNextPair
 .text.initialize_psoc
                0x00002b48       0x64 C:\Users\JEFFSN~1\AppData\Local\Temp\ccjcw853.ltrans2.ltrans.o
 .text._sbrk    0x00002bac       0x30 C:\Users\JEFFSN~1\AppData\Local\Temp\ccjcw853.ltrans2.ltrans.o
                0x00002bac                _sbrk
 .text.CapSense_AMuxCH1_Unset
                0x00002bdc       0x24 C:\Users\JEFFSN~1\AppData\Local\Temp\ccjcw853.ltrans2.ltrans.o
                0x00002bdc                CapSense_AMuxCH1_Unset
 .text.CapSense_AMuxCH1_Set
                0x00002c00       0x20 C:\Users\JEFFSN~1\AppData\Local\Temp\ccjcw853.ltrans2.ltrans.o
                0x00002c00                CapSense_AMuxCH1_Set
 .text.CapSense_AMuxCH0_Unset
                0x00002c20       0x24 C:\Users\JEFFSN~1\AppData\Local\Temp\ccjcw853.ltrans2.ltrans.o
                0x00002c20                CapSense_AMuxCH0_Unset
 .text.CapSense_AMuxCH0_Set
                0x00002c44       0x20 C:\Users\JEFFSN~1\AppData\Local\Temp\ccjcw853.ltrans2.ltrans.o
                0x00002c44                CapSense_AMuxCH0_Set
 .text.CapSense_Init
                0x00002c64      0x17c C:\Users\JEFFSN~1\AppData\Local\Temp\ccjcw853.ltrans2.ltrans.o
 .text.CapSense_Start
                0x00002de0       0x20 C:\Users\JEFFSN~1\AppData\Local\Temp\ccjcw853.ltrans2.ltrans.o
                0x00002de0                CapSense_Start
 .text.AMux_1_CYAMUXSIDE_B_Unset
                0x00002e00       0x44 C:\Users\JEFFSN~1\AppData\Local\Temp\ccjcw853.ltrans2.ltrans.o
                0x00002e00                AMux_1_CYAMUXSIDE_B_Unset
 .text.AMux_1_CYAMUXSIDE_B_Set
                0x00002e44       0x40 C:\Users\JEFFSN~1\AppData\Local\Temp\ccjcw853.ltrans2.ltrans.o
                0x00002e44                AMux_1_CYAMUXSIDE_B_Set
 .text.AMux_1_CYAMUXSIDE_A_Unset
                0x00002e84       0x68 C:\Users\JEFFSN~1\AppData\Local\Temp\ccjcw853.ltrans2.ltrans.o
                0x00002e84                AMux_1_CYAMUXSIDE_A_Unset
 .text.AMux_1_CYAMUXSIDE_A_Set
                0x00002eec       0x68 C:\Users\JEFFSN~1\AppData\Local\Temp\ccjcw853.ltrans2.ltrans.o
                0x00002eec                AMux_1_CYAMUXSIDE_A_Set
 .text.handleNotes
                0x00002f54      0x108 C:\Users\JEFFSN~1\AppData\Local\Temp\ccjcw853.ltrans2.ltrans.o
                0x00002f54                handleNotes
 .text.DmaRxConfiguration
                0x0000305c       0x9c C:\Users\JEFFSN~1\AppData\Local\Temp\ccjcw853.ltrans2.ltrans.o
                0x0000305c                DmaRxConfiguration
 .text.DmaTxConfiguration
                0x000030f8       0x9c C:\Users\JEFFSN~1\AppData\Local\Temp\ccjcw853.ltrans2.ltrans.o
                0x000030f8                DmaTxConfiguration
 .text.scanLinearResistor
                0x00003194       0xcc C:\Users\JEFFSN~1\AppData\Local\Temp\ccjcw853.ltrans2.ltrans.o
                0x00003194                scanLinearResistor
 .text.sendMIDIControlChange
                0x00003260       0x6c C:\Users\JEFFSN~1\AppData\Local\Temp\ccjcw853.ltrans2.ltrans.o
                0x00003260                sendMIDIControlChange
 .text.sendMIDIPitchBend
                0x000032cc       0x70 C:\Users\JEFFSN~1\AppData\Local\Temp\ccjcw853.ltrans2.ltrans.o
                0x000032cc                sendMIDIPitchBend
 .text.USB_callbackLocalMidiEvent
                0x0000333c       0xbc C:\Users\JEFFSN~1\AppData\Local\Temp\ccjcw853.ltrans2.ltrans.o
                0x0000333c                USB_callbackLocalMidiEvent
 .text.Start_c  0x000033f8       0x4c C:\Users\JEFFSN~1\AppData\Local\Temp\ccjcw853.ltrans2.ltrans.o
 .text.CheckRanges
                0x00003444       0x34 C:\Users\JEFFSN~1\AppData\Local\Temp\ccjcw853.ltrans3.ltrans.o
 .text.GetRowAddrBySeqNum
                0x00003478       0x1c C:\Users\JEFFSN~1\AppData\Local\Temp\ccjcw853.ltrans3.ltrans.o
 .text.FindLastWrittenRow
                0x00003494       0x30 C:\Users\JEFFSN~1\AppData\Local\Temp\ccjcw853.ltrans3.ltrans.o
 .text.CapSense_IdacCH0_DacTrim
                0x000034c4       0x34 C:\Users\JEFFSN~1\AppData\Local\Temp\ccjcw853.ltrans3.ltrans.o
 .text.CapSense_IdacCH0_SetSpeed
                0x000034f8       0x1c C:\Users\JEFFSN~1\AppData\Local\Temp\ccjcw853.ltrans3.ltrans.o
 .text.CapSense_CompCH0_SetSpeed
                0x00003514       0x58 C:\Users\JEFFSN~1\AppData\Local\Temp\ccjcw853.ltrans3.ltrans.o
 .text.CapSense_IIR2Filter
                0x0000356c        0x8 C:\Users\JEFFSN~1\AppData\Local\Temp\ccjcw853.ltrans3.ltrans.o
 .text.CapSense_CheckIsSensorActive
                0x00003574       0x88 C:\Users\JEFFSN~1\AppData\Local\Temp\ccjcw853.ltrans3.ltrans.o
 .text.CapSense_CheckIsWidgetActive
                0x000035fc       0x30 C:\Users\JEFFSN~1\AppData\Local\Temp\ccjcw853.ltrans3.ltrans.o
 .text.CapSense_BaseInit
                0x0000362c       0x34 C:\Users\JEFFSN~1\AppData\Local\Temp\ccjcw853.ltrans3.ltrans.o
 .text.CapSense_UpdateSensorBaseline
                0x00003660       0xbc C:\Users\JEFFSN~1\AppData\Local\Temp\ccjcw853.ltrans3.ltrans.o
 .text.CapSense_AMuxCH0_DisconnectAll
                0x0000371c       0x18 C:\Users\JEFFSN~1\AppData\Local\Temp\ccjcw853.ltrans3.ltrans.o
 .text.CapSense_DisableSensor
                0x00003734       0x4c C:\Users\JEFFSN~1\AppData\Local\Temp\ccjcw853.ltrans3.ltrans.o
 .text.CapSense_PostScanCh1
                0x00003780       0x64 C:\Users\JEFFSN~1\AppData\Local\Temp\ccjcw853.ltrans3.ltrans.o
 .text.CapSense_EnableSensor
                0x000037e4       0x48 C:\Users\JEFFSN~1\AppData\Local\Temp\ccjcw853.ltrans3.ltrans.o
 .text.WriteRow.lto_priv.1
                0x0000382c       0x2c C:\Users\JEFFSN~1\AppData\Local\Temp\ccjcw853.ltrans3.ltrans.o
                0x0000382c                WriteRow.lto_priv.1
 .text.CalcChecksum.lto_priv.2
                0x00003858       0x3c C:\Users\JEFFSN~1\AppData\Local\Temp\ccjcw853.ltrans3.ltrans.o
                0x00003858                CalcChecksum.lto_priv.2
 .text.GetNextRowToWrite.lto_priv.0
                0x00003894       0x5c C:\Users\JEFFSN~1\AppData\Local\Temp\ccjcw853.ltrans3.ltrans.o
                0x00003894                GetNextRowToWrite.lto_priv.0
 .text.Cy_Em_EEPROM_Write
                0x000038f0      0x16c C:\Users\JEFFSN~1\AppData\Local\Temp\ccjcw853.ltrans3.ltrans.o
                0x000038f0                Cy_Em_EEPROM_Write
 .text.Cy_Em_EEPROM_Read
                0x00003a5c      0x1f4 C:\Users\JEFFSN~1\AppData\Local\Temp\ccjcw853.ltrans3.ltrans.o
                0x00003a5c                Cy_Em_EEPROM_Read
 .text.Cy_Em_EEPROM_Init
                0x00003c50       0x98 C:\Users\JEFFSN~1\AppData\Local\Temp\ccjcw853.ltrans3.ltrans.o
                0x00003c50                Cy_Em_EEPROM_Init
 .text.CapSense_IntClock_Start
                0x00003ce8       0x1c C:\Users\JEFFSN~1\AppData\Local\Temp\ccjcw853.ltrans3.ltrans.o
                0x00003ce8                CapSense_IntClock_Start
 .text.CapSense_AMuxCH0_Init
                0x00003d04        0x8 C:\Users\JEFFSN~1\AppData\Local\Temp\ccjcw853.ltrans3.ltrans.o
                0x00003d04                CapSense_AMuxCH0_Init
 .text.CapSense_IdacCH0_SetValue
                0x00003d0c        0xc C:\Users\JEFFSN~1\AppData\Local\Temp\ccjcw853.ltrans3.ltrans.o
                0x00003d0c                CapSense_IdacCH0_SetValue
 .text.CapSense_PostScanCh0
                0x00003d18       0x64 C:\Users\JEFFSN~1\AppData\Local\Temp\ccjcw853.ltrans3.ltrans.o
 .text.CapSense_IdacCH0_SetRange
                0x00003d7c       0x20 C:\Users\JEFFSN~1\AppData\Local\Temp\ccjcw853.ltrans3.ltrans.o
                0x00003d7c                CapSense_IdacCH0_SetRange
 .text.CapSense_IdacCH0_SetPolarity
                0x00003d9c       0x20 C:\Users\JEFFSN~1\AppData\Local\Temp\ccjcw853.ltrans3.ltrans.o
                0x00003d9c                CapSense_IdacCH0_SetPolarity
 .text.CapSense_IdacCH0_Enable
                0x00003dbc       0x1c C:\Users\JEFFSN~1\AppData\Local\Temp\ccjcw853.ltrans3.ltrans.o
                0x00003dbc                CapSense_IdacCH0_Enable
 .text.CapSense_IdacCH0_Init
                0x00003dd8       0x2c C:\Users\JEFFSN~1\AppData\Local\Temp\ccjcw853.ltrans3.ltrans.o
                0x00003dd8                CapSense_IdacCH0_Init
 .text.CapSense_CompCH0_Enable
                0x00003e04       0x1c C:\Users\JEFFSN~1\AppData\Local\Temp\ccjcw853.ltrans3.ltrans.o
                0x00003e04                CapSense_CompCH0_Enable
 .text.CapSense_CompCH0_Init
                0x00003e20       0x3c C:\Users\JEFFSN~1\AppData\Local\Temp\ccjcw853.ltrans3.ltrans.o
                0x00003e20                CapSense_CompCH0_Init
 .text.CapSense_CheckIsAnyWidgetActive
                0x00003e5c       0x20 C:\Users\JEFFSN~1\AppData\Local\Temp\ccjcw853.ltrans3.ltrans.o
                0x00003e5c                CapSense_CheckIsAnyWidgetActive
 .text.CapSense_UpdateEnabledBaselines
                0x00003e7c       0x24 C:\Users\JEFFSN~1\AppData\Local\Temp\ccjcw853.ltrans3.ltrans.o
                0x00003e7c                CapSense_UpdateEnabledBaselines
 .text.CapSense_SetAnalogSwitchesSource
                0x00003ea0       0x20 C:\Users\JEFFSN~1\AppData\Local\Temp\ccjcw853.ltrans3.ltrans.o
                0x00003ea0                CapSense_SetAnalogSwitchesSource
 .text.CapSense_SetPrescaler
                0x00003ec0       0x10 C:\Users\JEFFSN~1\AppData\Local\Temp\ccjcw853.ltrans3.ltrans.o
                0x00003ec0                CapSense_SetPrescaler
 .text.CapSense_PreScan
                0x00003ed0       0x60 C:\Users\JEFFSN~1\AppData\Local\Temp\ccjcw853.ltrans3.ltrans.o
                0x00003ed0                CapSense_PreScan
 .text.CapSense_IsrCH1_ISR
                0x00003f30       0x84 C:\Users\JEFFSN~1\AppData\Local\Temp\ccjcw853.ltrans3.ltrans.o
                0x00003f30                CapSense_IsrCH1_ISR
 .text.CapSense_IsrCH0_ISR
                0x00003fb4       0x80 C:\Users\JEFFSN~1\AppData\Local\Temp\ccjcw853.ltrans3.ltrans.o
                0x00003fb4                CapSense_IsrCH0_ISR
 .text.CapSense_ClearSensors
                0x00004034       0x18 C:\Users\JEFFSN~1\AppData\Local\Temp\ccjcw853.ltrans3.ltrans.o
                0x00004034                CapSense_ClearSensors
 .text.CapSense_IsBusy
                0x0000404c       0x10 C:\Users\JEFFSN~1\AppData\Local\Temp\ccjcw853.ltrans3.ltrans.o
                0x0000404c                CapSense_IsBusy
 .text.CapSense_InitializeSensorBaseline
                0x0000405c       0x28 C:\Users\JEFFSN~1\AppData\Local\Temp\ccjcw853.ltrans3.ltrans.o
 .text.CapSense_InitializeAllBaselines
                0x00004084       0x18 C:\Users\JEFFSN~1\AppData\Local\Temp\ccjcw853.ltrans3.ltrans.o
                0x00004084                CapSense_InitializeAllBaselines
 .text.CapSense_ScanEnabledWidgets
                0x0000409c       0x4c C:\Users\JEFFSN~1\AppData\Local\Temp\ccjcw853.ltrans3.ltrans.o
                0x0000409c                CapSense_ScanEnabledWidgets
 .text.parseSysex
                0x000040e8      0x294 C:\Users\JEFFSN~1\AppData\Local\Temp\ccjcw853.ltrans4.ltrans.o
 .text.map      0x0000437c       0x44 C:\Users\JEFFSN~1\AppData\Local\Temp\ccjcw853.ltrans4.ltrans.o
 .text.USB_service
                0x000043c0       0xc0 C:\Users\JEFFSN~1\AppData\Local\Temp\ccjcw853.ltrans4.ltrans.o
 .text.checkUSB_Vbus
                0x00004480       0x4c C:\Users\JEFFSN~1\AppData\Local\Temp\ccjcw853.ltrans4.ltrans.o
 .text.restartSystemCheck
                0x000044cc       0x70 C:\Users\JEFFSN~1\AppData\Local\Temp\ccjcw853.ltrans4.ltrans.o
 .text.Vbus_function
                0x0000453c       0x10 C:\Users\JEFFSN~1\AppData\Local\Temp\ccjcw853.ltrans4.ltrans.o
 .text.ftom     0x0000454c       0x30 C:\Users\JEFFSN~1\AppData\Local\Temp\ccjcw853.ltrans4.ltrans.o
 .text.main     0x0000457c      0x860 C:\Users\JEFFSN~1\AppData\Local\Temp\ccjcw853.ltrans4.ltrans.o
                0x0000457c                main
 .text.USB_DispatchAUDIOClassRqst
                0x00004ddc       0x40 C:\Users\JEFFSN~1\AppData\Local\Temp\ccjcw853.ltrans5.ltrans.o
 .text.USB_EP_DMA_Done_isr_Disable
                0x00004e1c        0xc C:\Users\JEFFSN~1\AppData\Local\Temp\ccjcw853.ltrans5.ltrans.o
 .text.USB_EP_DMA_Done_isr_Enable
                0x00004e28        0xc C:\Users\JEFFSN~1\AppData\Local\Temp\ccjcw853.ltrans5.ltrans.o
 .text.USB_EP_DMA_Done_isr_SetPriority
                0x00004e34       0x10 C:\Users\JEFFSN~1\AppData\Local\Temp\ccjcw853.ltrans5.ltrans.o
 .text.USB_EP_DMA_Done_isr_SetVector
                0x00004e44        0xc C:\Users\JEFFSN~1\AppData\Local\Temp\ccjcw853.ltrans5.ltrans.o
 .text.CapSense_IdacCH1_DacTrim
                0x00004e50       0x34 C:\Users\JEFFSN~1\AppData\Local\Temp\ccjcw853.ltrans5.ltrans.o
 .text.CapSense_IdacCH1_SetSpeed
                0x00004e84       0x1c C:\Users\JEFFSN~1\AppData\Local\Temp\ccjcw853.ltrans5.ltrans.o
 .text.CapSense_CompCH1_SetSpeed
                0x00004ea0       0x58 C:\Users\JEFFSN~1\AppData\Local\Temp\ccjcw853.ltrans5.ltrans.o
 .text.IDAC8_1_DacTrim
                0x00004ef8       0x34 C:\Users\JEFFSN~1\AppData\Local\Temp\ccjcw853.ltrans5.ltrans.o
 .text.IDAC8_1_SetValue
                0x00004f2c        0xc C:\Users\JEFFSN~1\AppData\Local\Temp\ccjcw853.ltrans5.ltrans.o
 .text.IDAC8_1_SetSpeed
                0x00004f38       0x1c C:\Users\JEFFSN~1\AppData\Local\Temp\ccjcw853.ltrans5.ltrans.o
 .text.IDAC8_1_Enable
                0x00004f54       0x1c C:\Users\JEFFSN~1\AppData\Local\Temp\ccjcw853.ltrans5.ltrans.o
 .text.IDAC8_1_Init
                0x00004f70       0x24 C:\Users\JEFFSN~1\AppData\Local\Temp\ccjcw853.ltrans5.ltrans.o
 .text.my_Vbus_ISR_Disable
                0x00004f94       0x10 C:\Users\JEFFSN~1\AppData\Local\Temp\ccjcw853.ltrans5.ltrans.o
 .text.my_Vbus_ISR_Enable
                0x00004fa4       0x10 C:\Users\JEFFSN~1\AppData\Local\Temp\ccjcw853.ltrans5.ltrans.o
 .text.my_Vbus_ISR_SetPriority
                0x00004fb4       0x10 C:\Users\JEFFSN~1\AppData\Local\Temp\ccjcw853.ltrans5.ltrans.o
 .text.my_Vbus_ISR_SetVector
                0x00004fc4        0xc C:\Users\JEFFSN~1\AppData\Local\Temp\ccjcw853.ltrans5.ltrans.o
 .text.USB_PrepareInBuffer
                0x00004fd0      0x1e8 C:\Users\JEFFSN~1\AppData\Local\Temp\ccjcw853.ltrans5.ltrans.o
 .text.CapSense_AMuxCH1_DisconnectAll
                0x000051b8       0x18 C:\Users\JEFFSN~1\AppData\Local\Temp\ccjcw853.ltrans5.ltrans.o
 .text.USB_MIDI_IN_EP_Service
                0x000051d0       0x30 C:\Users\JEFFSN~1\AppData\Local\Temp\ccjcw853.ltrans5.ltrans.o
 .text.USB_DispatchClassRqst
                0x00005200       0x60 C:\Users\JEFFSN~1\AppData\Local\Temp\ccjcw853.ltrans5.ltrans.o
                0x00005200                USB_DispatchClassRqst
 .text.SPI_ready_Read
                0x00005260       0x10 C:\Users\JEFFSN~1\AppData\Local\Temp\ccjcw853.ltrans5.ltrans.o
                0x00005260                SPI_ready_Read
 .text.USB_EP8_DMA_Done_SR_InterruptEnable
                0x00005270       0x1c C:\Users\JEFFSN~1\AppData\Local\Temp\ccjcw853.ltrans5.ltrans.o
                0x00005270                USB_EP8_DMA_Done_SR_InterruptEnable
 .text.USB_EP8_DMA_Done_SR_Read
                0x0000528c        0xc C:\Users\JEFFSN~1\AppData\Local\Temp\ccjcw853.ltrans5.ltrans.o
                0x0000528c                USB_EP8_DMA_Done_SR_Read
 .text.USB_EP_DMA_Done_isr_StartEx
                0x00005298       0x1c C:\Users\JEFFSN~1\AppData\Local\Temp\ccjcw853.ltrans5.ltrans.o
                0x00005298                USB_EP_DMA_Done_isr_StartEx
 .text.USB_ep1_DmaInitialize
                0x000052b4       0x3c C:\Users\JEFFSN~1\AppData\Local\Temp\ccjcw853.ltrans5.ltrans.o
                0x000052b4                USB_ep1_DmaInitialize
 .text.USB_ep2_DmaInitialize
                0x000052f0       0x3c C:\Users\JEFFSN~1\AppData\Local\Temp\ccjcw853.ltrans5.ltrans.o
                0x000052f0                USB_ep2_DmaInitialize
 .text.USB_EP17_DMA_Done_SR_InterruptEnable
                0x0000532c       0x1c C:\Users\JEFFSN~1\AppData\Local\Temp\ccjcw853.ltrans5.ltrans.o
                0x0000532c                USB_EP17_DMA_Done_SR_InterruptEnable
 .text.USB_EP17_DMA_Done_SR_Read
                0x00005348        0xc C:\Users\JEFFSN~1\AppData\Local\Temp\ccjcw853.ltrans5.ltrans.o
                0x00005348                USB_EP17_DMA_Done_SR_Read
 .text.DMA_2_TX_DmaInitialize
                0x00005354       0x3c C:\Users\JEFFSN~1\AppData\Local\Temp\ccjcw853.ltrans5.ltrans.o
                0x00005354                DMA_2_TX_DmaInitialize
 .text.DMA_2_RX_DmaInitialize
                0x00005390       0x3c C:\Users\JEFFSN~1\AppData\Local\Temp\ccjcw853.ltrans5.ltrans.o
                0x00005390                DMA_2_RX_DmaInitialize
 .text.CV_pedal_sense_Read
                0x000053cc       0x10 C:\Users\JEFFSN~1\AppData\Local\Temp\ccjcw853.ltrans5.ltrans.o
                0x000053cc                CV_pedal_sense_Read
 .text.LED1_Write
                0x000053dc       0x18 C:\Users\JEFFSN~1\AppData\Local\Temp\ccjcw853.ltrans5.ltrans.o
                0x000053dc                LED1_Write
 .text.blue_LED_Write
                0x000053f4       0x18 C:\Users\JEFFSN~1\AppData\Local\Temp\ccjcw853.ltrans5.ltrans.o
                0x000053f4                blue_LED_Write
 .text.CapSense_AMuxCH1_Init
                0x0000540c        0x8 C:\Users\JEFFSN~1\AppData\Local\Temp\ccjcw853.ltrans5.ltrans.o
                0x0000540c                CapSense_AMuxCH1_Init
 .text.CapSense_IdacCH1_SetValue
                0x00005414        0xc C:\Users\JEFFSN~1\AppData\Local\Temp\ccjcw853.ltrans5.ltrans.o
                0x00005414                CapSense_IdacCH1_SetValue
 .text.CapSense_IdacCH1_SetRange
                0x00005420       0x20 C:\Users\JEFFSN~1\AppData\Local\Temp\ccjcw853.ltrans5.ltrans.o
                0x00005420                CapSense_IdacCH1_SetRange
 .text.CapSense_IdacCH1_SetPolarity
                0x00005440       0x20 C:\Users\JEFFSN~1\AppData\Local\Temp\ccjcw853.ltrans5.ltrans.o
                0x00005440                CapSense_IdacCH1_SetPolarity
 .text.CapSense_IdacCH1_Enable
                0x00005460       0x1c C:\Users\JEFFSN~1\AppData\Local\Temp\ccjcw853.ltrans5.ltrans.o
                0x00005460                CapSense_IdacCH1_Enable
 .text.CapSense_IdacCH1_Init
                0x0000547c       0x2c C:\Users\JEFFSN~1\AppData\Local\Temp\ccjcw853.ltrans5.ltrans.o
                0x0000547c                CapSense_IdacCH1_Init
 .text.CapSense_CompCH1_Enable
                0x000054a8       0x1c C:\Users\JEFFSN~1\AppData\Local\Temp\ccjcw853.ltrans5.ltrans.o
                0x000054a8                CapSense_CompCH1_Enable
 .text.CapSense_CompCH1_Init
                0x000054c4       0x3c C:\Users\JEFFSN~1\AppData\Local\Temp\ccjcw853.ltrans5.ltrans.o
                0x000054c4                CapSense_CompCH1_Init
 .text.IDAC8_1_Start
                0x00005500       0x28 C:\Users\JEFFSN~1\AppData\Local\Temp\ccjcw853.ltrans5.ltrans.o
                0x00005500                IDAC8_1_Start
 .text.USB_Dp_ClearInterrupt
                0x00005528       0x10 C:\Users\JEFFSN~1\AppData\Local\Temp\ccjcw853.ltrans5.ltrans.o
                0x00005528                USB_Dp_ClearInterrupt
 .text.Em_EEPROM_Init
                0x00005538       0x2c C:\Users\JEFFSN~1\AppData\Local\Temp\ccjcw853.ltrans5.ltrans.o
                0x00005538                Em_EEPROM_Init
 .text.my_Vbus_ISR_ClearPending
                0x00005564       0x10 C:\Users\JEFFSN~1\AppData\Local\Temp\ccjcw853.ltrans5.ltrans.o
                0x00005564                my_Vbus_ISR_ClearPending
 .text.my_Vbus_ISR_StartEx
                0x00005574       0x1c C:\Users\JEFFSN~1\AppData\Local\Temp\ccjcw853.ltrans5.ltrans.o
                0x00005574                my_Vbus_ISR_StartEx
 .text.vBusPin_ClearInterrupt
                0x00005590        0xc C:\Users\JEFFSN~1\AppData\Local\Temp\ccjcw853.ltrans5.ltrans.o
                0x00005590                vBusPin_ClearInterrupt
 .text.USB_PutUsbMidiIn
                0x0000559c       0xec C:\Users\JEFFSN~1\AppData\Local\Temp\ccjcw853.ltrans5.ltrans.o
                0x0000559c                USB_PutUsbMidiIn
 .text.USB_MIDI_IN_Service
                0x00005688        0x8 C:\Users\JEFFSN~1\AppData\Local\Temp\ccjcw853.ltrans5.ltrans.o
                0x00005688                USB_MIDI_IN_Service
 .text.USB_MIDI_OUT_Service
                0x00005690       0x5c C:\Users\JEFFSN~1\AppData\Local\Temp\ccjcw853.ltrans5.ltrans.o
                0x00005690                USB_MIDI_OUT_Service
 .text.USB_MIDI_Init
                0x000056ec       0x30 C:\Users\JEFFSN~1\AppData\Local\Temp\ccjcw853.ltrans5.ltrans.o
                0x000056ec                USB_MIDI_Init
 .text.USB_HandleVendorRqst
                0x0000571c       0x18 C:\Users\JEFFSN~1\AppData\Local\Temp\ccjcw853.ltrans5.ltrans.o
                0x0000571c                USB_HandleVendorRqst
 .text.USB_ValidateAlternateSetting
                0x00005734       0x4c C:\Users\JEFFSN~1\AppData\Local\Temp\ccjcw853.ltrans5.ltrans.o
                0x00005734                USB_ValidateAlternateSetting
 .text.USB_ClearEndpointHalt
                0x00005780       0xbc C:\Users\JEFFSN~1\AppData\Local\Temp\ccjcw853.ltrans5.ltrans.o
                0x00005780                USB_ClearEndpointHalt
 .text.USB_SetEndpointHalt
                0x0000583c       0x70 C:\Users\JEFFSN~1\AppData\Local\Temp\ccjcw853.ltrans5.ltrans.o
                0x0000583c                USB_SetEndpointHalt
 .text.USB_GetInterfaceClassTablePtr
                0x000058ac       0x28 C:\Users\JEFFSN~1\AppData\Local\Temp\ccjcw853.ltrans5.ltrans.o
                0x000058ac                USB_GetInterfaceClassTablePtr
 .text.USB_GetDeviceTablePtr
                0x000058d4       0x14 C:\Users\JEFFSN~1\AppData\Local\Temp\ccjcw853.ltrans5.ltrans.o
                0x000058d4                USB_GetDeviceTablePtr
 .text.ADC_SAR_Seq_1_IRQ_SetPriority
                0x000058e8       0x10 C:\Users\JEFFSN~1\AppData\Local\Temp\ccjcw853.ltrans6.ltrans.o
 .text.ADC_SAR_Seq_1_IRQ_SetVector
                0x000058f8        0xc C:\Users\JEFFSN~1\AppData\Local\Temp\ccjcw853.ltrans6.ltrans.o
 .text.ADC_SAR_Seq_1_SAR_StartConvert
                0x00005904       0x10 C:\Users\JEFFSN~1\AppData\Local\Temp\ccjcw853.ltrans6.ltrans.o
 .text.ADC_SAR_Seq_1_ISR
                0x00005914        0x4 C:\Users\JEFFSN~1\AppData\Local\Temp\ccjcw853.ltrans6.ltrans.o
 .text.SPIM_2_IntClock_Start
                0x00005918       0x1c C:\Users\JEFFSN~1\AppData\Local\Temp\ccjcw853.ltrans6.ltrans.o
 .text.SPIM_1_IntClock_Start
                0x00005934       0x1c C:\Users\JEFFSN~1\AppData\Local\Temp\ccjcw853.ltrans6.ltrans.o
 .text.SPIM_2_ReadRxStatus
                0x00005950        0xc C:\Users\JEFFSN~1\AppData\Local\Temp\ccjcw853.ltrans6.ltrans.o
 .text.SPIM_1_ReadRxStatus
                0x0000595c        0xc C:\Users\JEFFSN~1\AppData\Local\Temp\ccjcw853.ltrans6.ltrans.o
 .text.SPIM_2_ClearFIFO
                0x00005968       0x3c C:\Users\JEFFSN~1\AppData\Local\Temp\ccjcw853.ltrans6.ltrans.o
 .text.SPIM_2_Enable
                0x000059a4       0x34 C:\Users\JEFFSN~1\AppData\Local\Temp\ccjcw853.ltrans6.ltrans.o
 .text.SPIM_1_ClearFIFO
                0x000059d8       0x3c C:\Users\JEFFSN~1\AppData\Local\Temp\ccjcw853.ltrans6.ltrans.o
 .text.SPIM_1_Enable
                0x00005a14       0x34 C:\Users\JEFFSN~1\AppData\Local\Temp\ccjcw853.ltrans6.ltrans.o
 .text.USB_InitComponent
                0x00005a48       0xe4 C:\Users\JEFFSN~1\AppData\Local\Temp\ccjcw853.ltrans6.ltrans.o
 .text.USB_Init
                0x00005b2c      0x15c C:\Users\JEFFSN~1\AppData\Local\Temp\ccjcw853.ltrans6.ltrans.o
 .text.ADC_SAR_Seq_1_SAR_Enable
                0x00005c88       0x78 C:\Users\JEFFSN~1\AppData\Local\Temp\ccjcw853.ltrans6.ltrans.o
 .text.ADC_SAR_Seq_1_FinalBuf_DmaInitialize
                0x00005d00       0x3c C:\Users\JEFFSN~1\AppData\Local\Temp\ccjcw853.ltrans6.ltrans.o
 .text.ADC_SAR_Seq_1_TempBuf_DmaInitialize
                0x00005d3c       0x3c C:\Users\JEFFSN~1\AppData\Local\Temp\ccjcw853.ltrans6.ltrans.o
 .text.ADC_SAR_Seq_1_Init
                0x00005d78       0x3c C:\Users\JEFFSN~1\AppData\Local\Temp\ccjcw853.ltrans6.ltrans.o
 .text.ADC_SAR_Seq_1_SAR_CalcGain
                0x00005db4       0x58 C:\Users\JEFFSN~1\AppData\Local\Temp\ccjcw853.ltrans6.ltrans.o
 .text.ADC_SAR_Seq_1_SAR_SetResolution
                0x00005e0c       0x38 C:\Users\JEFFSN~1\AppData\Local\Temp\ccjcw853.ltrans6.ltrans.o
 .text.ADC_SAR_Seq_1_SAR_Init
                0x00005e44       0x24 C:\Users\JEFFSN~1\AppData\Local\Temp\ccjcw853.ltrans6.ltrans.o
 .text.ADC_SAR_Seq_1_SAR_Start
                0x00005e68       0x1c C:\Users\JEFFSN~1\AppData\Local\Temp\ccjcw853.ltrans6.ltrans.o
 .text.ADC_SAR_Seq_1_Enable
                0x00005e84       0xcc C:\Users\JEFFSN~1\AppData\Local\Temp\ccjcw853.ltrans6.ltrans.o
 .text.USB_Stop
                0x00005f50       0xbc C:\Users\JEFFSN~1\AppData\Local\Temp\ccjcw853.ltrans6.ltrans.o
                0x00005f50                USB_Stop
 .text.USB_ReInitComponent
                0x0000600c       0x4c C:\Users\JEFFSN~1\AppData\Local\Temp\ccjcw853.ltrans6.ltrans.o
                0x0000600c                USB_ReInitComponent
 .text.USB_Start
                0x00006058       0x28 C:\Users\JEFFSN~1\AppData\Local\Temp\ccjcw853.ltrans6.ltrans.o
                0x00006058                USB_Start
 .text.DMA_1_TX_DmaInitialize
                0x00006080       0x3c C:\Users\JEFFSN~1\AppData\Local\Temp\ccjcw853.ltrans6.ltrans.o
                0x00006080                DMA_1_TX_DmaInitialize
 .text.DMA_1_RX_DmaInitialize
                0x000060bc       0x3c C:\Users\JEFFSN~1\AppData\Local\Temp\ccjcw853.ltrans6.ltrans.o
                0x000060bc                DMA_1_RX_DmaInitialize
 .text.ExtMUXS1_Write
                0x000060f8       0x18 C:\Users\JEFFSN~1\AppData\Local\Temp\ccjcw853.ltrans6.ltrans.o
                0x000060f8                ExtMUXS1_Write
 .text.ExtMUX_EN_Write
                0x00006110       0x18 C:\Users\JEFFSN~1\AppData\Local\Temp\ccjcw853.ltrans6.ltrans.o
                0x00006110                ExtMUX_EN_Write
 .text.ExtMUXS0_Write
                0x00006128       0x18 C:\Users\JEFFSN~1\AppData\Local\Temp\ccjcw853.ltrans6.ltrans.o
                0x00006128                ExtMUXS0_Write
 .text.ADC_SAR_Seq_1_GetResult16
                0x00006140       0x1c C:\Users\JEFFSN~1\AppData\Local\Temp\ccjcw853.ltrans6.ltrans.o
                0x00006140                ADC_SAR_Seq_1_GetResult16
 .text.ADC_SAR_Seq_1_IsEndConversion
                0x0000615c       0x18 C:\Users\JEFFSN~1\AppData\Local\Temp\ccjcw853.ltrans6.ltrans.o
                0x0000615c                ADC_SAR_Seq_1_IsEndConversion
 .text.ADC_SAR_Seq_1_StartConvert
                0x00006174        0x8 C:\Users\JEFFSN~1\AppData\Local\Temp\ccjcw853.ltrans6.ltrans.o
                0x00006174                ADC_SAR_Seq_1_StartConvert
 .text.ADC_SAR_Seq_1_Start
                0x0000617c       0x28 C:\Users\JEFFSN~1\AppData\Local\Temp\ccjcw853.ltrans6.ltrans.o
                0x0000617c                ADC_SAR_Seq_1_Start
 .text.I2C_1_Stop
                0x000061a4       0xb8 C:\Users\JEFFSN~1\AppData\Local\Temp\ccjcw853.ltrans6.ltrans.o
                0x000061a4                I2C_1_Stop
 .text.SPIM_2_ClearRxBuffer
                0x0000625c       0x1c C:\Users\JEFFSN~1\AppData\Local\Temp\ccjcw853.ltrans6.ltrans.o
                0x0000625c                SPIM_2_ClearRxBuffer
 .text.SPIM_2_ReadTxStatus
                0x00006278        0xc C:\Users\JEFFSN~1\AppData\Local\Temp\ccjcw853.ltrans6.ltrans.o
                0x00006278                SPIM_2_ReadTxStatus
 .text.SPIM_2_Init
                0x00006284       0x2c C:\Users\JEFFSN~1\AppData\Local\Temp\ccjcw853.ltrans6.ltrans.o
 .text.SPIM_2_Start
                0x000062b0       0x20 C:\Users\JEFFSN~1\AppData\Local\Temp\ccjcw853.ltrans6.ltrans.o
                0x000062b0                SPIM_2_Start
 .text.SPIM_1_ClearRxBuffer
                0x000062d0       0x1c C:\Users\JEFFSN~1\AppData\Local\Temp\ccjcw853.ltrans6.ltrans.o
                0x000062d0                SPIM_1_ClearRxBuffer
 .text.SPIM_1_ReadTxStatus
                0x000062ec        0xc C:\Users\JEFFSN~1\AppData\Local\Temp\ccjcw853.ltrans6.ltrans.o
                0x000062ec                SPIM_1_ReadTxStatus
 .text.SPIM_1_Init
                0x000062f8       0x2c C:\Users\JEFFSN~1\AppData\Local\Temp\ccjcw853.ltrans6.ltrans.o
 .text.SPIM_1_Start
                0x00006324       0x20 C:\Users\JEFFSN~1\AppData\Local\Temp\ccjcw853.ltrans6.ltrans.o
                0x00006324                SPIM_1_Start
 .text.ADC_1_theACLK_GetSourceRegister
                0x00006344       0x10 C:\Users\JEFFSN~1\AppData\Local\Temp\ccjcw853.ltrans6.ltrans.o
                0x00006344                ADC_1_theACLK_GetSourceRegister
 .text.ADC_1_theACLK_SetModeRegister
                0x00006354       0x14 C:\Users\JEFFSN~1\AppData\Local\Temp\ccjcw853.ltrans6.ltrans.o
                0x00006354                ADC_1_theACLK_SetModeRegister
 .text.ADC_1_theACLK_GetDividerRegister
                0x00006368        0xc C:\Users\JEFFSN~1\AppData\Local\Temp\ccjcw853.ltrans6.ltrans.o
                0x00006368                ADC_1_theACLK_GetDividerRegister
 *fill*         0x00006374        0x4 
 .text          0x00006378       0x20 .\ARM_GCC_541\Debug\CE210514_PSOC3_5_Thermistor.a(CyBootAsmGnu.o)
                0x00006378                CyDelayCycles
                0x00006388                CyEnterCriticalSection
                0x00006390                CyExitCriticalSection
 .text.__errno  0x00006398        0xc c:/program files (x86)/cypress/psoc creator/4.4/psoc creator/import/gnu/arm/5.4.1/bin/../lib/gcc/arm-none-eabi/5.4.1/../../../../arm-none-eabi/lib/armv7-m\libg_nano.a(lib_a-errno.o)
                0x00006398                __errno
 .text.__libc_init_array
                0x000063a4       0x4c c:/program files (x86)/cypress/psoc creator/4.4/psoc creator/import/gnu/arm/5.4.1/bin/../lib/gcc/arm-none-eabi/5.4.1/../../../../arm-none-eabi/lib/armv7-m\libg_nano.a(lib_a-init.o)
                0x000063a4                __libc_init_array
 .text.memset   0x000063f0       0x10 c:/program files (x86)/cypress/psoc creator/4.4/psoc creator/import/gnu/arm/5.4.1/bin/../lib/gcc/arm-none-eabi/5.4.1/../../../../arm-none-eabi/lib/armv7-m\libg_nano.a(lib_a-memset.o)
                0x000063f0                memset
 .text.__cvt    0x00006400       0xc0 c:/program files (x86)/cypress/psoc creator/4.4/psoc creator/import/gnu/arm/5.4.1/bin/../lib/gcc/arm-none-eabi/5.4.1/../../../../arm-none-eabi/lib/armv7-m\libg_nano.a(lib_a-nano-vfprintf_float.o)
                0x00006400                __cvt
 .text.__exponent
                0x000064c0       0x62 c:/program files (x86)/cypress/psoc creator/4.4/psoc creator/import/gnu/arm/5.4.1/bin/../lib/gcc/arm-none-eabi/5.4.1/../../../../arm-none-eabi/lib/armv7-m\libg_nano.a(lib_a-nano-vfprintf_float.o)
                0x000064c0                __exponent
 *fill*         0x00006522        0x2 
 .text._printf_float
                0x00006524      0x488 c:/program files (x86)/cypress/psoc creator/4.4/psoc creator/import/gnu/arm/5.4.1/bin/../lib/gcc/arm-none-eabi/5.4.1/../../../../arm-none-eabi/lib/armv7-m\libg_nano.a(lib_a-nano-vfprintf_float.o)
                0x00006524                _printf_float
 .text._printf_common
                0x000069ac       0xec c:/program files (x86)/cypress/psoc creator/4.4/psoc creator/import/gnu/arm/5.4.1/bin/../lib/gcc/arm-none-eabi/5.4.1/../../../../arm-none-eabi/lib/armv7-m\libg_nano.a(lib_a-nano-vfprintf_i.o)
                0x000069ac                _printf_common
 .text          0x00006a98       0x10 c:/program files (x86)/cypress/psoc creator/4.4/psoc creator/import/gnu/arm/5.4.1/bin/../lib/gcc/arm-none-eabi/5.4.1/../../../../arm-none-eabi/lib/armv7-m\libg_nano.a(lib_a-strlen.o)
                0x00006a98                strlen
 .text.quorem   0x00006aa8      0x116 c:/program files (x86)/cypress/psoc creator/4.4/psoc creator/import/gnu/arm/5.4.1/bin/../lib/gcc/arm-none-eabi/5.4.1/../../../../arm-none-eabi/lib/armv7-m\libg_nano.a(lib_a-dtoa.o)
 *fill*         0x00006bbe        0x2 
 .text._dtoa_r  0x00006bc0      0xb30 c:/program files (x86)/cypress/psoc creator/4.4/psoc creator/import/gnu/arm/5.4.1/bin/../lib/gcc/arm-none-eabi/5.4.1/../../../../arm-none-eabi/lib/armv7-m\libg_nano.a(lib_a-dtoa.o)
                0x00006bc0                _dtoa_r
 .text._localeconv_r
                0x000076f0        0x8 c:/program files (x86)/cypress/psoc creator/4.4/psoc creator/import/gnu/arm/5.4.1/bin/../lib/gcc/arm-none-eabi/5.4.1/../../../../arm-none-eabi/lib/armv7-m\libg_nano.a(lib_a-locale.o)
                0x000076f0                _localeconv_r
 .text.malloc   0x000076f8       0x10 c:/program files (x86)/cypress/psoc creator/4.4/psoc creator/import/gnu/arm/5.4.1/bin/../lib/gcc/arm-none-eabi/5.4.1/../../../../arm-none-eabi/lib/armv7-m\libg_nano.a(lib_a-malloc.o)
                0x000076f8                malloc
 .text.memcpy   0x00007708       0x16 c:/program files (x86)/cypress/psoc creator/4.4/psoc creator/import/gnu/arm/5.4.1/bin/../lib/gcc/arm-none-eabi/5.4.1/../../../../arm-none-eabi/lib/armv7-m\libg_nano.a(lib_a-memcpy-stub.o)
                0x00007708                memcpy
 .text._Balloc  0x0000771e       0x6a c:/program files (x86)/cypress/psoc creator/4.4/psoc creator/import/gnu/arm/5.4.1/bin/../lib/gcc/arm-none-eabi/5.4.1/../../../../arm-none-eabi/lib/armv7-m\libg_nano.a(lib_a-mprec.o)
                0x0000771e                _Balloc
 .text._Bfree   0x00007788       0x2e c:/program files (x86)/cypress/psoc creator/4.4/psoc creator/import/gnu/arm/5.4.1/bin/../lib/gcc/arm-none-eabi/5.4.1/../../../../arm-none-eabi/lib/armv7-m\libg_nano.a(lib_a-mprec.o)
                0x00007788                _Bfree
 .text.__multadd
                0x000077b6       0x76 c:/program files (x86)/cypress/psoc creator/4.4/psoc creator/import/gnu/arm/5.4.1/bin/../lib/gcc/arm-none-eabi/5.4.1/../../../../arm-none-eabi/lib/armv7-m\libg_nano.a(lib_a-mprec.o)
                0x000077b6                __multadd
 .text.__hi0bits
                0x0000782c       0x40 c:/program files (x86)/cypress/psoc creator/4.4/psoc creator/import/gnu/arm/5.4.1/bin/../lib/gcc/arm-none-eabi/5.4.1/../../../../arm-none-eabi/lib/armv7-m\libg_nano.a(lib_a-mprec.o)
                0x0000782c                __hi0bits
 .text.__lo0bits
                0x0000786c       0x5a c:/program files (x86)/cypress/psoc creator/4.4/psoc creator/import/gnu/arm/5.4.1/bin/../lib/gcc/arm-none-eabi/5.4.1/../../../../arm-none-eabi/lib/armv7-m\libg_nano.a(lib_a-mprec.o)
                0x0000786c                __lo0bits
 .text.__i2b    0x000078c6       0x12 c:/program files (x86)/cypress/psoc creator/4.4/psoc creator/import/gnu/arm/5.4.1/bin/../lib/gcc/arm-none-eabi/5.4.1/../../../../arm-none-eabi/lib/armv7-m\libg_nano.a(lib_a-mprec.o)
                0x000078c6                __i2b
 .text.__multiply
                0x000078d8      0x120 c:/program files (x86)/cypress/psoc creator/4.4/psoc creator/import/gnu/arm/5.4.1/bin/../lib/gcc/arm-none-eabi/5.4.1/../../../../arm-none-eabi/lib/armv7-m\libg_nano.a(lib_a-mprec.o)
                0x000078d8                __multiply
 .text.__pow5mult
                0x000079f8       0x9c c:/program files (x86)/cypress/psoc creator/4.4/psoc creator/import/gnu/arm/5.4.1/bin/../lib/gcc/arm-none-eabi/5.4.1/../../../../arm-none-eabi/lib/armv7-m\libg_nano.a(lib_a-mprec.o)
                0x000079f8                __pow5mult
 .text.__lshift
                0x00007a94       0xa2 c:/program files (x86)/cypress/psoc creator/4.4/psoc creator/import/gnu/arm/5.4.1/bin/../lib/gcc/arm-none-eabi/5.4.1/../../../../arm-none-eabi/lib/armv7-m\libg_nano.a(lib_a-mprec.o)
                0x00007a94                __lshift
 .text.__mcmp   0x00007b36       0x38 c:/program files (x86)/cypress/psoc creator/4.4/psoc creator/import/gnu/arm/5.4.1/bin/../lib/gcc/arm-none-eabi/5.4.1/../../../../arm-none-eabi/lib/armv7-m\libg_nano.a(lib_a-mprec.o)
                0x00007b36                __mcmp
 .text.__mdiff  0x00007b6e       0xbe c:/program files (x86)/cypress/psoc creator/4.4/psoc creator/import/gnu/arm/5.4.1/bin/../lib/gcc/arm-none-eabi/5.4.1/../../../../arm-none-eabi/lib/armv7-m\libg_nano.a(lib_a-mprec.o)
                0x00007b6e                __mdiff
 .text.__d2b    0x00007c2c       0x9c c:/program files (x86)/cypress/psoc creator/4.4/psoc creator/import/gnu/arm/5.4.1/bin/../lib/gcc/arm-none-eabi/5.4.1/../../../../arm-none-eabi/lib/armv7-m\libg_nano.a(lib_a-mprec.o)
                0x00007c2c                __d2b
 .text._calloc_r
                0x00007cc8       0x1c c:/program files (x86)/cypress/psoc creator/4.4/psoc creator/import/gnu/arm/5.4.1/bin/../lib/gcc/arm-none-eabi/5.4.1/../../../../arm-none-eabi/lib/armv7-m\libg_nano.a(lib_a-nano-callocr.o)
                0x00007cc8                _calloc_r
 .text._malloc_r
                0x00007ce4       0xbc c:/program files (x86)/cypress/psoc creator/4.4/psoc creator/import/gnu/arm/5.4.1/bin/../lib/gcc/arm-none-eabi/5.4.1/../../../../arm-none-eabi/lib/armv7-m\libg_nano.a(lib_a-nano-mallocr.o)
                0x00007ce4                _malloc_r
 .text._sbrk_r  0x00007da0       0x20 c:/program files (x86)/cypress/psoc creator/4.4/psoc creator/import/gnu/arm/5.4.1/bin/../lib/gcc/arm-none-eabi/5.4.1/../../../../arm-none-eabi/lib/armv7-m\libg_nano.a(lib_a-sbrkr.o)
                0x00007da0                _sbrk_r
 .text.__malloc_lock
                0x00007dc0        0x2 c:/program files (x86)/cypress/psoc creator/4.4/psoc creator/import/gnu/arm/5.4.1/bin/../lib/gcc/arm-none-eabi/5.4.1/../../../../arm-none-eabi/lib/armv7-m\libg_nano.a(lib_a-mlock.o)
                0x00007dc0                __malloc_lock
 .text.__malloc_unlock
                0x00007dc2        0x2 c:/program files (x86)/cypress/psoc creator/4.4/psoc creator/import/gnu/arm/5.4.1/bin/../lib/gcc/arm-none-eabi/5.4.1/../../../../arm-none-eabi/lib/armv7-m\libg_nano.a(lib_a-mlock.o)
                0x00007dc2                __malloc_unlock
 .text          0x00007dc4      0x370 c:/program files (x86)/cypress/psoc creator/4.4/psoc creator/import/gnu/arm/5.4.1/bin/../lib/gcc/arm-none-eabi/5.4.1/armv7-m\libgcc.a(_arm_addsubdf3.o)
                0x00007dc4                __aeabi_drsub
                0x00007dcc                __aeabi_dsub
                0x00007dcc                __subdf3
                0x00007dd0                __aeabi_dadd
                0x00007dd0                __adddf3
                0x00008048                __floatunsidf
                0x00008048                __aeabi_ui2d
                0x00008068                __floatsidf
                0x00008068                __aeabi_i2d
                0x0000808c                __aeabi_f2d
                0x0000808c                __extendsfdf2
                0x000080c8                __floatundidf
                0x000080c8                __aeabi_ul2d
                0x000080d8                __floatdidf
                0x000080d8                __aeabi_l2d
 .text          0x00008134      0x424 c:/program files (x86)/cypress/psoc creator/4.4/psoc creator/import/gnu/arm/5.4.1/bin/../lib/gcc/arm-none-eabi/5.4.1/armv7-m\libgcc.a(_arm_muldivdf3.o)
                0x00008134                __aeabi_dmul
                0x00008134                __muldf3
                0x00008388                __divdf3
                0x00008388                __aeabi_ddiv
 .text          0x00008558      0x110 c:/program files (x86)/cypress/psoc creator/4.4/psoc creator/import/gnu/arm/5.4.1/bin/../lib/gcc/arm-none-eabi/5.4.1/armv7-m\libgcc.a(_arm_cmpdf2.o)
                0x00008558                __gtdf2
                0x00008558                __gedf2
                0x00008560                __ltdf2
                0x00008560                __ledf2
                0x00008568                __nedf2
                0x00008568                __eqdf2
                0x00008568                __cmpdf2
                0x000085e4                __aeabi_cdrcmple
                0x000085f4                __aeabi_cdcmpeq
                0x000085f4                __aeabi_cdcmple
                0x00008604                __aeabi_dcmpeq
                0x00008618                __aeabi_dcmplt
                0x0000862c                __aeabi_dcmple
                0x00008640                __aeabi_dcmpge
                0x00008654                __aeabi_dcmpgt
 .text          0x00008668       0x2c c:/program files (x86)/cypress/psoc creator/4.4/psoc creator/import/gnu/arm/5.4.1/bin/../lib/gcc/arm-none-eabi/5.4.1/armv7-m\libgcc.a(_arm_unorddf2.o)
                0x00008668                __unorddf2
                0x00008668                __aeabi_dcmpun
 .text          0x00008694       0x50 c:/program files (x86)/cypress/psoc creator/4.4/psoc creator/import/gnu/arm/5.4.1/bin/../lib/gcc/arm-none-eabi/5.4.1/armv7-m\libgcc.a(_arm_fixdfsi.o)
                0x00008694                __aeabi_d2iz
                0x00008694                __fixdfsi
 .text.logf     0x000086e4       0xe8 c:/program files (x86)/cypress/psoc creator/4.4/psoc creator/import/gnu/arm/5.4.1/bin/../lib/gcc/arm-none-eabi/5.4.1/../../../../arm-none-eabi/lib/armv7-m\libm.a(lib_a-wf_log.o)
                0x000086e4                logf
 .text.sqrtf    0x000087cc       0x9c c:/program files (x86)/cypress/psoc creator/4.4/psoc creator/import/gnu/arm/5.4.1/bin/../lib/gcc/arm-none-eabi/5.4.1/../../../../arm-none-eabi/lib/armv7-m\libm.a(lib_a-wf_sqrt.o)
                0x000087cc                sqrtf
 .text.__ieee754_logf
                0x00008868      0x284 c:/program files (x86)/cypress/psoc creator/4.4/psoc creator/import/gnu/arm/5.4.1/bin/../lib/gcc/arm-none-eabi/5.4.1/../../../../arm-none-eabi/lib/armv7-m\libm.a(lib_a-ef_log.o)
                0x00008868                __ieee754_logf
 .text.__ieee754_sqrtf
                0x00008aec       0xa8 c:/program files (x86)/cypress/psoc creator/4.4/psoc creator/import/gnu/arm/5.4.1/bin/../lib/gcc/arm-none-eabi/5.4.1/../../../../arm-none-eabi/lib/armv7-m\libm.a(lib_a-ef_sqrt.o)
                0x00008aec                __ieee754_sqrtf
 .text.matherr  0x00008b94        0x4 c:/program files (x86)/cypress/psoc creator/4.4/psoc creator/import/gnu/arm/5.4.1/bin/../lib/gcc/arm-none-eabi/5.4.1/../../../../arm-none-eabi/lib/armv7-m\libm.a(lib_a-s_matherr.o)
                0x00008b94                matherr
 .text.nan      0x00008b98        0xc c:/program files (x86)/cypress/psoc creator/4.4/psoc creator/import/gnu/arm/5.4.1/bin/../lib/gcc/arm-none-eabi/5.4.1/../../../../arm-none-eabi/lib/armv7-m\libm.a(lib_a-s_nan.o)
                0x00008b98                nan
 .text          0x00008ba4       0xa0 c:/program files (x86)/cypress/psoc creator/4.4/psoc creator/import/gnu/arm/5.4.1/bin/../lib/gcc/arm-none-eabi/5.4.1/armv7-m\libgcc.a(_arm_truncdfsf2.o)
                0x00008ba4                __truncdfsf2
                0x00008ba4                __aeabi_d2f
 .text          0x00008c44      0x21c c:/program files (x86)/cypress/psoc creator/4.4/psoc creator/import/gnu/arm/5.4.1/bin/../lib/gcc/arm-none-eabi/5.4.1/armv7-m\libgcc.a(_arm_addsubsf3.o)
                0x00008c44                __aeabi_frsub
                0x00008c4c                __subsf3
                0x00008c4c                __aeabi_fsub
                0x00008c50                __aeabi_fadd
                0x00008c50                __addsf3
                0x00008db0                __aeabi_ui2f
                0x00008db0                __floatunsisf
                0x00008db8                __aeabi_i2f
                0x00008db8                __floatsisf
                0x00008dd4                __aeabi_ul2f
                0x00008dd4                __floatundisf
                0x00008de4                __aeabi_l2f
                0x00008de4                __floatdisf
 .text          0x00008e60      0x2a0 c:/program files (x86)/cypress/psoc creator/4.4/psoc creator/import/gnu/arm/5.4.1/bin/../lib/gcc/arm-none-eabi/5.4.1/armv7-m\libgcc.a(_arm_muldivsf3.o)
                0x00008e60                __mulsf3
                0x00008e60                __aeabi_fmul
                0x00008fc8                __aeabi_fdiv
                0x00008fc8                __divsf3
 .text          0x00009100       0xec c:/program files (x86)/cypress/psoc creator/4.4/psoc creator/import/gnu/arm/5.4.1/bin/../lib/gcc/arm-none-eabi/5.4.1/armv7-m\libgcc.a(_arm_cmpsf2.o)
                0x00009100                __gesf2
                0x00009100                __gtsf2
                0x00009108                __lesf2
                0x00009108                __ltsf2
                0x00009110                __nesf2
                0x00009110                __eqsf2
                0x00009110                __cmpsf2
                0x00009170                __aeabi_cfrcmple
                0x00009178                __aeabi_cfcmpeq
                0x00009178                __aeabi_cfcmple
                0x00009188                __aeabi_fcmpeq
                0x0000919c                __aeabi_fcmplt
                0x000091b0                __aeabi_fcmple
                0x000091c4                __aeabi_fcmpge
                0x000091d8                __aeabi_fcmpgt
 .text          0x000091ec       0x2c c:/program files (x86)/cypress/psoc creator/4.4/psoc creator/import/gnu/arm/5.4.1/bin/../lib/gcc/arm-none-eabi/5.4.1/armv7-m\libgcc.a(_arm_unordsf2.o)
                0x000091ec                __unordsf2
                0x000091ec                __aeabi_fcmpun
 .text          0x00009218       0x4c c:/program files (x86)/cypress/psoc creator/4.4/psoc creator/import/gnu/arm/5.4.1/bin/../lib/gcc/arm-none-eabi/5.4.1/armv7-m\libgcc.a(_arm_fixsfsi.o)
                0x00009218                __aeabi_f2iz
                0x00009218                __fixsfsi
 .text          0x00009264       0x40 c:/program files (x86)/cypress/psoc creator/4.4/psoc creator/import/gnu/arm/5.4.1/bin/../lib/gcc/arm-none-eabi/5.4.1/armv7-m\libgcc.a(_arm_fixunssfsi.o)
                0x00009264                __fixunssfsi
                0x00009264                __aeabi_f2uiz
 *(.plt)
 *(.gnu.warning)
 *(.glue_7t)
 .glue_7t       0x000092a4        0x0 linker stubs
 *(.glue_7)
 .glue_7        0x000092a4        0x0 linker stubs
 *(.vfp11_veneer)
 .vfp11_veneer  0x000092a4        0x0 linker stubs
 *(.bootloader)
 *(.ARM.extab* .gnu.linkonce.armextab.*)
 *(.gcc_except_table)

.v4_bx          0x000092a4        0x0
 .v4_bx         0x000092a4        0x0 linker stubs

.iplt           0x000092a4        0x0
 .iplt          0x000092a4        0x0 c:/program files (x86)/cypress/psoc creator/4.4/psoc creator/import/gnu/arm/5.4.1/bin/../lib/gcc/arm-none-eabi/5.4.1/armv7-m/crtbegin.o

.eh_frame_hdr
 *(.eh_frame_hdr)

.eh_frame       0x000092a4        0x4
 *(.eh_frame)
 .eh_frame      0x000092a4        0x0 c:/program files (x86)/cypress/psoc creator/4.4/psoc creator/import/gnu/arm/5.4.1/bin/../lib/gcc/arm-none-eabi/5.4.1/armv7-m/crtbegin.o
 .eh_frame      0x000092a4        0x4 c:/program files (x86)/cypress/psoc creator/4.4/psoc creator/import/gnu/arm/5.4.1/bin/../lib/gcc/arm-none-eabi/5.4.1/armv7-m/crtend.o
                [!provide]                PROVIDE (__exidx_start, .)

.ARM.exidx
 *(.ARM.exidx* .gnu.linkonce.armexidx.*)
                0x000092a8                __exidx_end = .

.rodata         0x00009300      0xa90
 *(.rodata .rodata.* .gnu.linkonce.r.*)
 .rodata        0x00009300       0xcd C:\Users\JEFFSN~1\AppData\Local\Temp\ccjcw853.ltrans1.ltrans.o
 *fill*         0x000093cd        0x3 
 .rodata.str1.4
                0x000093d0       0x11 C:\Users\JEFFSN~1\AppData\Local\Temp\ccjcw853.ltrans1.ltrans.o
 *fill*         0x000093e1        0x3 
 .rodata        0x000093e4      0x200 C:\Users\JEFFSN~1\AppData\Local\Temp\ccjcw853.ltrans2.ltrans.o
                0x000095e0                polyMode
 .rodata        0x000095e4       0xa1 C:\Users\JEFFSN~1\AppData\Local\Temp\ccjcw853.ltrans3.ltrans.o
                0x000095e4                CapSense_widgetNumber
                0x00009684                CapSense_sensorEnableMask
 *fill*         0x00009685       0x7b 
 .rodata        0x00009700      0x440 C:\Users\JEFFSN~1\AppData\Local\Temp\ccjcw853.ltrans4.ltrans.o
 .rodata        0x00009b40       0xd8 C:\Users\JEFFSN~1\AppData\Local\Temp\ccjcw853.ltrans5.ltrans.o
                0x00009b40                USB_DEVICE0_TABLE
                0x00009b58                USB_DEVICE0_CONFIGURATION0_INTERFACE_CLASS
                0x00009b5c                USB_DEVICE0_CONFIGURATION0_EP_SETTINGS_TABLE
                0x00009b6c                USB_DEVICE0_CONFIGURATION0_DESCR
                0x00009bd4                USB_DEVICE0_CONFIGURATION0_TABLE
                0x00009bfc                USB_DEVICE0_DESCR
                0x00009c10                USB_TABLE
 .rodata.str1.1
                0x00009c18        0x2 c:/program files (x86)/cypress/psoc creator/4.4/psoc creator/import/gnu/arm/5.4.1/bin/../lib/gcc/arm-none-eabi/5.4.1/../../../../arm-none-eabi/lib/armv7-m\libg_nano.a(lib_a-impure.o)
 .rodata.str1.1
                0x00009c1a       0x12 c:/program files (x86)/cypress/psoc creator/4.4/psoc creator/import/gnu/arm/5.4.1/bin/../lib/gcc/arm-none-eabi/5.4.1/../../../../arm-none-eabi/lib/armv7-m\libg_nano.a(lib_a-nano-vfprintf_float.o)
 .rodata.str1.1
                0x00009c2c        0xd c:/program files (x86)/cypress/psoc creator/4.4/psoc creator/import/gnu/arm/5.4.1/bin/../lib/gcc/arm-none-eabi/5.4.1/../../../../arm-none-eabi/lib/armv7-m\libg_nano.a(lib_a-dtoa.o)
                                  0xf (size before relaxing)
 .rodata.str1.1
                0x00009c39        0x8 c:/program files (x86)/cypress/psoc creator/4.4/psoc creator/import/gnu/arm/5.4.1/bin/../lib/gcc/arm-none-eabi/5.4.1/../../../../arm-none-eabi/lib/armv7-m\libg_nano.a(lib_a-locale.o)
                                  0xb (size before relaxing)
 *fill*         0x00009c41        0x7 
 .rodata.__mprec_tens
                0x00009c48       0xc8 c:/program files (x86)/cypress/psoc creator/4.4/psoc creator/import/gnu/arm/5.4.1/bin/../lib/gcc/arm-none-eabi/5.4.1/../../../../arm-none-eabi/lib/armv7-m\libg_nano.a(lib_a-mprec.o)
                0x00009c48                __mprec_tens
 .rodata.p05.5408
                0x00009d10        0xc c:/program files (x86)/cypress/psoc creator/4.4/psoc creator/import/gnu/arm/5.4.1/bin/../lib/gcc/arm-none-eabi/5.4.1/../../../../arm-none-eabi/lib/armv7-m\libg_nano.a(lib_a-mprec.o)
 *fill*         0x00009d1c        0x4 
 .rodata.__mprec_bigtens
                0x00009d20       0x28 c:/program files (x86)/cypress/psoc creator/4.4/psoc creator/import/gnu/arm/5.4.1/bin/../lib/gcc/arm-none-eabi/5.4.1/../../../../arm-none-eabi/lib/armv7-m\libg_nano.a(lib_a-mprec.o)
                0x00009d20                __mprec_bigtens
 .rodata.str1.4
                0x00009d48        0x5 c:/program files (x86)/cypress/psoc creator/4.4/psoc creator/import/gnu/arm/5.4.1/bin/../lib/gcc/arm-none-eabi/5.4.1/../../../../arm-none-eabi/lib/armv7-m\libm.a(lib_a-wf_log.o)
                                  0x9 (size before relaxing)
 *fill*         0x00009d4d        0x3 
 .rodata.str1.4
                0x00009d50        0x8 c:/program files (x86)/cypress/psoc creator/4.4/psoc creator/import/gnu/arm/5.4.1/bin/../lib/gcc/arm-none-eabi/5.4.1/../../../../arm-none-eabi/lib/armv7-m\libm.a(lib_a-wf_sqrt.o)
                                  0x6 (size before relaxing)
                0x00009d58                . = ALIGN (0x4)
 *(.init)
 .init          0x00009d58        0x4 c:/program files (x86)/cypress/psoc creator/4.4/psoc creator/import/gnu/arm/5.4.1/bin/../lib/gcc/arm-none-eabi/5.4.1/armv7-m/crti.o
                0x00009d58                _init
 .init          0x00009d5c        0x8 c:/program files (x86)/cypress/psoc creator/4.4/psoc creator/import/gnu/arm/5.4.1/bin/../lib/gcc/arm-none-eabi/5.4.1/armv7-m/crtn.o
                0x00009d64                . = ALIGN (0x4)
                0x00009d64                __preinit_array_start = .
 *(.preinit_array)
                0x00009d64                __preinit_array_end = .
                0x00009d64                . = ALIGN (0x4)
                0x00009d64                __init_array_start = .
 *(SORT(.init_array.*))
 *(.init_array)
 .init_array    0x00009d64        0x4 c:/program files (x86)/cypress/psoc creator/4.4/psoc creator/import/gnu/arm/5.4.1/bin/../lib/gcc/arm-none-eabi/5.4.1/armv7-m/crtbegin.o
 .init_array    0x00009d68        0x4 C:\Users\JEFFSN~1\AppData\Local\Temp\ccjcw853.ltrans2.ltrans.o
                0x00009d6c                __init_array_end = .
                0x00009d6c                . = ALIGN (0x4)
 *(.fini)
 .fini          0x00009d6c        0x4 c:/program files (x86)/cypress/psoc creator/4.4/psoc creator/import/gnu/arm/5.4.1/bin/../lib/gcc/arm-none-eabi/5.4.1/armv7-m/crti.o
                0x00009d6c                _fini
 .fini          0x00009d70        0x8 c:/program files (x86)/cypress/psoc creator/4.4/psoc creator/import/gnu/arm/5.4.1/bin/../lib/gcc/arm-none-eabi/5.4.1/armv7-m/crtn.o
                0x00009d78                . = ALIGN (0x4)
                0x00009d78                __fini_array_start = .
 *(.fini_array)
 .fini_array    0x00009d78        0x4 c:/program files (x86)/cypress/psoc creator/4.4/psoc creator/import/gnu/arm/5.4.1/bin/../lib/gcc/arm-none-eabi/5.4.1/armv7-m/crtbegin.o
 *(SORT(.fini_array.*))
                0x00009d7c                __fini_array_end = .
                0x00009d7c                . = ALIGN (0x4)
 *crtbegin.o(.ctors)
 *(EXCLUDE_FILE(*crtend.o) .ctors)
 *(SORT(.ctors.*))
 *crtend.o(.ctors)
                0x00009d7c                . = ALIGN (0x4)
 *crtbegin.o(.dtors)
 *(EXCLUDE_FILE(*crtend.o) .dtors)
 *(SORT(.dtors.*))
 *crtend.o(.dtors)
                0x00009d7c                . = ALIGN (0x4)
                0x00009d7c                __cy_regions = .
                0x00009d7c        0x4 LONG 0x9d90 __cy_region_init_ram
                0x00009d80        0x4 LONG 0x1fff80c0 __cy_region_start_data
                0x00009d84        0x4 LONG 0xc8 __cy_region_init_size_ram
                0x00009d88        0x4 LONG 0x1080 __cy_region_zero_size_ram
                0x00009d8c                __cy_regions_end = .
                0x00009d90                . = ALIGN (0x8)
 *fill*         0x00009d8c        0x4 
                0x00009d90                _etext = .

.cy_checksum_exclude
                0x00009d90        0x0
 *(.cy_checksum_exclude)

.ramvectors     0x1fff8000       0xc0
                0x1fff8000                __cy_region_start_ram = .
 *(.ramvectors)
 .ramvectors    0x1fff8000       0xc0 C:\Users\JEFFSN~1\AppData\Local\Temp\ccjcw853.ltrans2.ltrans.o
                0x1fff8000                CyRamVectors

.noinit
 *(.noinit)

.data           0x1fff80c0       0xc8 load address 0x00009d90
                0x1fff80c0                __cy_region_start_data = .
 *(.jcr)
 .jcr           0x1fff80c0        0x0 c:/program files (x86)/cypress/psoc creator/4.4/psoc creator/import/gnu/arm/5.4.1/bin/../lib/gcc/arm-none-eabi/5.4.1/armv7-m/crtbegin.o
 .jcr           0x1fff80c0        0x4 c:/program files (x86)/cypress/psoc creator/4.4/psoc creator/import/gnu/arm/5.4.1/bin/../lib/gcc/arm-none-eabi/5.4.1/armv7-m/crtend.o
 *(.got.plt)
 *(.got)
 *(.shdata)
 *(.data .data.* .gnu.linkonce.d.*)
 .data          0x1fff80c4        0x4 C:\Users\JEFFSN~1\AppData\Local\Temp\ccjcw853.ltrans0.ltrans.o
 .data          0x1fff80c8        0x1 C:\Users\JEFFSN~1\AppData\Local\Temp\ccjcw853.ltrans1.ltrans.o
 *fill*         0x1fff80c9        0x3 
 .data          0x1fff80cc        0x4 C:\Users\JEFFSN~1\AppData\Local\Temp\ccjcw853.ltrans2.ltrans.o
 .data          0x1fff80d0        0x4 C:\Users\JEFFSN~1\AppData\Local\Temp\ccjcw853.ltrans5.ltrans.o
 .data          0x1fff80d4        0xe C:\Users\JEFFSN~1\AppData\Local\Temp\ccjcw853.ltrans6.ltrans.o
 *fill*         0x1fff80e2        0x2 
 .data.impure_data
                0x1fff80e4       0x60 c:/program files (x86)/cypress/psoc creator/4.4/psoc creator/import/gnu/arm/5.4.1/bin/../lib/gcc/arm-none-eabi/5.4.1/../../../../arm-none-eabi/lib/armv7-m\libg_nano.a(lib_a-impure.o)
 .data._impure_ptr
                0x1fff8144        0x4 c:/program files (x86)/cypress/psoc creator/4.4/psoc creator/import/gnu/arm/5.4.1/bin/../lib/gcc/arm-none-eabi/5.4.1/../../../../arm-none-eabi/lib/armv7-m\libg_nano.a(lib_a-impure.o)
                0x1fff8144                _impure_ptr
 .data.lconv    0x1fff8148       0x38 c:/program files (x86)/cypress/psoc creator/4.4/psoc creator/import/gnu/arm/5.4.1/bin/../lib/gcc/arm-none-eabi/5.4.1/../../../../arm-none-eabi/lib/armv7-m\libg_nano.a(lib_a-locale.o)
 .data.__fdlib_version
                0x1fff8180        0x1 c:/program files (x86)/cypress/psoc creator/4.4/psoc creator/import/gnu/arm/5.4.1/bin/../lib/gcc/arm-none-eabi/5.4.1/../../../../arm-none-eabi/lib/armv7-m\libm.a(lib_a-s_lib_ver.o)
                0x1fff8180                __fdlib_version
                0x1fff8188                . = ALIGN (0x8)
 *fill*         0x1fff8181        0x7 
 *(.ram)
                0x1fff8188                _edata = .

.igot.plt       0x1fff8188        0x0 load address 0x00009e58
 .igot.plt      0x1fff8188        0x0 c:/program files (x86)/cypress/psoc creator/4.4/psoc creator/import/gnu/arm/5.4.1/bin/../lib/gcc/arm-none-eabi/5.4.1/armv7-m/crtbegin.o

.bss            0x1fff8188     0x1080 load address 0x00009e58
                0x1fff8188                PROVIDE (__bss_start__, .)
 *(.shbss)
 *(.bss .bss.* .gnu.linkonce.b.*)
 .bss           0x1fff8188       0x1c c:/program files (x86)/cypress/psoc creator/4.4/psoc creator/import/gnu/arm/5.4.1/bin/../lib/gcc/arm-none-eabi/5.4.1/armv7-m/crtbegin.o
 .bss           0x1fff81a4       0x1a C:\Users\JEFFSN~1\AppData\Local\Temp\ccjcw853.ltrans0.ltrans.o
 *fill*         0x1fff81be        0x2 
 .bss           0x1fff81c0       0xaa C:\Users\JEFFSN~1\AppData\Local\Temp\ccjcw853.ltrans1.ltrans.o
                0x1fff81d0                USB_deviceAddress
                0x1fff81d1                USB_transferState
                0x1fff81d5                USB_lastPacketSize
                0x1fff81d8                USB_DmaTd
                0x1fff8234                USB_DmaNextTd
                0x1fff823d                USB_interfaceNumber
                0x1fff823e                USB_deviceStatus
                0x1fff8266                USB_configurationChanged
 *fill*         0x1fff826a        0x6 
 .bss           0x1fff8270      0x500 C:\Users\JEFFSN~1\AppData\Local\Temp\ccjcw853.ltrans2.ltrans.o
                0x1fff8278                USB_active
                0x1fff827a                midiSent
                0x1fff827c                currentOutPointer
                0x1fff8280                tx2BufferTemp
                0x1fff8290                outChanged
                0x1fff829c                stringStates
                0x1fff82c0                timeSinceLastAttack
                0x1fff82c8                pitchFreeze
                0x1fff82cc                LHMuteCounter
                0x1fff82dc                LHMute
                0x1fff82e4                rxChannel
                0x1fff82e8                rxBuffer
                0x1fff82f8                rx2Channel
                0x1fff830c                txChannel
                0x1fff8310                txBuffer
                0x1fff8320                tx2Channel
                0x1fff8324                tx2Buffer
                0x1fff8334                whichLinearSensor
                0x1fff8338                scanPart
                0x1fff8340                linearPotValue32Bit
                0x1fff8358                sysexPointer
                0x1fff835c                sysexBuffer
                0x1fff875c                parsingSysex
                0x1fff875d                parseThatMF
                0x1fff8760                openStringCount
 .bss           0x1fff8770       0x62 C:\Users\JEFFSN~1\AppData\Local\Temp\ccjcw853.ltrans3.ltrans.o
                0x1fff8770                CapSense_sensorOnMask
                0x1fff87d0                CapSense_sensorIndex
                0x1fff87d1                CapSense_csv
 *fill*         0x1fff87d2        0x2 
 .bss           0x1fff87d4      0x8ce C:\Users\JEFFSN~1\AppData\Local\Temp\ccjcw853.ltrans4.ltrans.o
 *fill*         0x1fff90a2        0x2 
 .bss           0x1fff90a4      0x127 C:\Users\JEFFSN~1\AppData\Local\Temp\ccjcw853.ltrans5.ltrans.o
                0x1fff90a4                USB_midiInPointer
                0x1fff90a8                USB_midiInBuffer
                0x1fff90e8                USB_midi_in_ep
                0x1fff90ec                USB_EP
                0x1fff9158                USB_interfaceClass
                0x1fff9160                Em_EEPROM_context
                0x1fff917c                USB_midi_out_ep
                0x1fff9180                USB_midiOutBuffer
                0x1fff91c0                USB_configuration
                0x1fff91c4                USB_interfaceSetting
                0x1fff91c8                USB_interfaceSettingLast
                0x1fff91ca                USB_device
 *fill*         0x1fff91cb        0x1 
 .bss           0x1fff91cc       0x2f C:\Users\JEFFSN~1\AppData\Local\Temp\ccjcw853.ltrans6.ltrans.o
 *fill*         0x1fff91fb        0x1 
 .bss.__malloc_sbrk_start
                0x1fff91fc        0x4 c:/program files (x86)/cypress/psoc creator/4.4/psoc creator/import/gnu/arm/5.4.1/bin/../lib/gcc/arm-none-eabi/5.4.1/../../../../arm-none-eabi/lib/armv7-m\libg_nano.a(lib_a-nano-mallocr.o)
                0x1fff91fc                __malloc_sbrk_start
 .bss.__malloc_free_list
                0x1fff9200        0x4 c:/program files (x86)/cypress/psoc creator/4.4/psoc creator/import/gnu/arm/5.4.1/bin/../lib/gcc/arm-none-eabi/5.4.1/../../../../arm-none-eabi/lib/armv7-m\libg_nano.a(lib_a-nano-mallocr.o)
                0x1fff9200                __malloc_free_list
 *(COMMON)
 COMMON         0x1fff9204        0x4 c:/program files (x86)/cypress/psoc creator/4.4/psoc creator/import/gnu/arm/5.4.1/bin/../lib/gcc/arm-none-eabi/5.4.1/../../../../arm-none-eabi/lib/armv7-m\libg_nano.a(lib_a-reent.o)
                0x1fff9204                errno
                0x1fff9208                . = ALIGN (0x8)
 *(.ram.b)
                0x1fff9208                _end = .
                0x1fff9208                __end = .
                0x1fff9208                PROVIDE (end, .)
                0x1fff9208                PROVIDE (__bss_end__, .)
                0x00009d90                __cy_region_init_ram = LOADADDR (.data)
                0x000000c8                __cy_region_init_size_ram = (_edata - ADDR (.data))
                0x00001080                __cy_region_zero_size_ram = (_end - _edata)

.heap           0x1fff9208       0x80 load address 0x00009e58
                0x1fff9208                . = _end
                0x1fff9288                . = (. + 0x80)
 *fill*         0x1fff9208       0x80 
                0x1fff9288                __cy_heap_limit = .

.stack          0x20007800      0x800
                0x20007800                __cy_stack_limit = .
                0x20008000                . = (. + 0x800)
 *fill*         0x20007800      0x800 
                0x00000001                ASSERT ((__cy_stack_limit >= __cy_heap_limit), region RAM overflowed with stack)
                0x00000000                cy_checksum_exclude_size = (CY_APPL_LOADABLE == 0x1)?SIZEOF (.cy_checksum_exclude):0x0
                0x00000001                ASSERT ((cy_checksum_exclude_size <= CY_CHECKSUM_EXCLUDE_SIZE), CY_BOOT: Section .cy_checksum_exclude size exceedes specified limit.)

.cyloadermeta
 *(.cyloadermeta)

.cyloadablemeta
 *(.cyloadablemeta)

.cyconfigecc    0x80000000     0x2404
 *(.cyconfigecc)
 .cyconfigecc   0x80000000     0x2404 C:\Users\JEFFSN~1\AppData\Local\Temp\ccjcw853.ltrans4.ltrans.o
                0x80000000                cy_meta_configecc

.cycustnvl      0x90000000        0x4
 *(.cycustnvl)
 .cycustnvl     0x90000000        0x4 C:\Users\JEFFSN~1\AppData\Local\Temp\ccjcw853.ltrans4.ltrans.o
                0x90000000                cy_meta_custnvl

.cywolatch      0x90100000        0x4
 *(.cywolatch)
 .cywolatch     0x90100000        0x4 C:\Users\JEFFSN~1\AppData\Local\Temp\ccjcw853.ltrans4.ltrans.o
                0x90100000                cy_meta_wonvl

.cyeeprom       0x90200000        0x0
 *(.cyeeprom)
                0x00000001                ASSERT ((. <= ((0x90200000 + ee_offset) + ee_size)), .cyeeprom data will not fit in EEPROM)

.cyflashprotect
                0x90400000      0x100
 *(.cyflashprotect)
 .cyflashprotect
                0x90400000      0x100 C:\Users\JEFFSN~1\AppData\Local\Temp\ccjcw853.ltrans4.ltrans.o
                0x90400000                cy_meta_flashprotect

.cymeta         0x90500000        0xc
 *(.cymeta)
 .cymeta        0x90500000        0xc C:\Users\JEFFSN~1\AppData\Local\Temp\ccjcw853.ltrans4.ltrans.o
                0x90500000                cy_metadata

.rel.dyn        0x00009e58        0x0 load address 0x9050000c
 .rel.iplt      0x00009e58        0x0 c:/program files (x86)/cypress/psoc creator/4.4/psoc creator/import/gnu/arm/5.4.1/bin/../lib/gcc/arm-none-eabi/5.4.1/armv7-m/crtbegin.o

.stab
 *(.stab)

.stabstr
 *(.stabstr)

.debug
 *(.debug)

.line
 *(.line)

.debug_srcinfo
 *(.debug_srcinfo)

.debug_sfnames
 *(.debug_sfnames)

.debug_aranges  0x00000000      0x9b0
 *(.debug_aranges)
 .debug_aranges
                0x00000000      0x1c8 C:\Users\JEFFSN~1\AppData\Local\Temp\ccjcw853.ltrans0.ltrans.o
 .debug_aranges
                0x000001c8      0x158 C:\Users\JEFFSN~1\AppData\Local\Temp\ccjcw853.ltrans1.ltrans.o
 .debug_aranges
                0x00000320      0x130 C:\Users\JEFFSN~1\AppData\Local\Temp\ccjcw853.ltrans2.ltrans.o
 .debug_aranges
                0x00000450      0x170 C:\Users\JEFFSN~1\AppData\Local\Temp\ccjcw853.ltrans3.ltrans.o
 .debug_aranges
                0x000005c0       0x58 C:\Users\JEFFSN~1\AppData\Local\Temp\ccjcw853.ltrans4.ltrans.o
 .debug_aranges
                0x00000618      0x1e8 C:\Users\JEFFSN~1\AppData\Local\Temp\ccjcw853.ltrans5.ltrans.o
 .debug_aranges
                0x00000800      0x190 C:\Users\JEFFSN~1\AppData\Local\Temp\ccjcw853.ltrans6.ltrans.o
 .debug_aranges
                0x00000990       0x20 .\ARM_GCC_541\Debug\CE210514_PSOC3_5_Thermistor.a(CyBootAsmGnu.o)

.debug_pubnames
 *(.debug_pubnames)

.debug_info     0x00000000     0x7e70
 *(.debug_info .gnu.linkonce.wi.*)
 .debug_info    0x00000000     0x15b1 C:\Users\JEFFSN~1\AppData\Local\Temp\ccjcw853.ltrans0.ltrans.o
 .debug_info    0x000015b1      0xf9d C:\Users\JEFFSN~1\AppData\Local\Temp\ccjcw853.ltrans1.ltrans.o
 .debug_info    0x0000254e     0x1794 C:\Users\JEFFSN~1\AppData\Local\Temp\ccjcw853.ltrans2.ltrans.o
 .debug_info    0x00003ce2     0x134b C:\Users\JEFFSN~1\AppData\Local\Temp\ccjcw853.ltrans3.ltrans.o
 .debug_info    0x0000502d      0xcd2 C:\Users\JEFFSN~1\AppData\Local\Temp\ccjcw853.ltrans4.ltrans.o
 .debug_info    0x00005cff     0x11cd C:\Users\JEFFSN~1\AppData\Local\Temp\ccjcw853.ltrans5.ltrans.o
 .debug_info    0x00006ecc      0xee7 C:\Users\JEFFSN~1\AppData\Local\Temp\ccjcw853.ltrans6.ltrans.o
 .debug_info    0x00007db3       0xbd .\ARM_GCC_541\Debug\CE210514_PSOC3_5_Thermistor.a(CyBootAsmGnu.o)

.debug_abbrev   0x00000000     0x1371
 *(.debug_abbrev)
 .debug_abbrev  0x00000000      0x2d6 C:\Users\JEFFSN~1\AppData\Local\Temp\ccjcw853.ltrans0.ltrans.o
 .debug_abbrev  0x000002d6      0x27b C:\Users\JEFFSN~1\AppData\Local\Temp\ccjcw853.ltrans1.ltrans.o
 .debug_abbrev  0x00000551      0x326 C:\Users\JEFFSN~1\AppData\Local\Temp\ccjcw853.ltrans2.ltrans.o
 .debug_abbrev  0x00000877      0x314 C:\Users\JEFFSN~1\AppData\Local\Temp\ccjcw853.ltrans3.ltrans.o
 .debug_abbrev  0x00000b8b      0x212 C:\Users\JEFFSN~1\AppData\Local\Temp\ccjcw853.ltrans4.ltrans.o
 .debug_abbrev  0x00000d9d      0x32f C:\Users\JEFFSN~1\AppData\Local\Temp\ccjcw853.ltrans5.ltrans.o
 .debug_abbrev  0x000010cc      0x291 C:\Users\JEFFSN~1\AppData\Local\Temp\ccjcw853.ltrans6.ltrans.o
 .debug_abbrev  0x0000135d       0x14 .\ARM_GCC_541\Debug\CE210514_PSOC3_5_Thermistor.a(CyBootAsmGnu.o)

.debug_line     0x00000000     0x2b6c
 *(.debug_line)
 .debug_line    0x00000000      0x755 C:\Users\JEFFSN~1\AppData\Local\Temp\ccjcw853.ltrans0.ltrans.o
 .debug_line    0x00000755      0x5f1 C:\Users\JEFFSN~1\AppData\Local\Temp\ccjcw853.ltrans1.ltrans.o
 .debug_line    0x00000d46      0x66c C:\Users\JEFFSN~1\AppData\Local\Temp\ccjcw853.ltrans2.ltrans.o
 .debug_line    0x000013b2      0x609 C:\Users\JEFFSN~1\AppData\Local\Temp\ccjcw853.ltrans3.ltrans.o
 .debug_line    0x000019bb      0x34f C:\Users\JEFFSN~1\AppData\Local\Temp\ccjcw853.ltrans4.ltrans.o
 .debug_line    0x00001d0a      0x7a2 C:\Users\JEFFSN~1\AppData\Local\Temp\ccjcw853.ltrans5.ltrans.o
 .debug_line    0x000024ac      0x65a C:\Users\JEFFSN~1\AppData\Local\Temp\ccjcw853.ltrans6.ltrans.o
 .debug_line    0x00002b06       0x66 .\ARM_GCC_541\Debug\CE210514_PSOC3_5_Thermistor.a(CyBootAsmGnu.o)

.debug_frame    0x00000000     0x21f0
 *(.debug_frame)
 .debug_frame   0x00000000      0x4fc C:\Users\JEFFSN~1\AppData\Local\Temp\ccjcw853.ltrans0.ltrans.o
 .debug_frame   0x000004fc      0x3c0 C:\Users\JEFFSN~1\AppData\Local\Temp\ccjcw853.ltrans1.ltrans.o
 .debug_frame   0x000008bc      0x360 C:\Users\JEFFSN~1\AppData\Local\Temp\ccjcw853.ltrans2.ltrans.o
 .debug_frame   0x00000c1c      0x41c C:\Users\JEFFSN~1\AppData\Local\Temp\ccjcw853.ltrans3.ltrans.o
 .debug_frame   0x00001038       0xe4 C:\Users\JEFFSN~1\AppData\Local\Temp\ccjcw853.ltrans4.ltrans.o
 .debug_frame   0x0000111c      0x4e0 C:\Users\JEFFSN~1\AppData\Local\Temp\ccjcw853.ltrans5.ltrans.o
 .debug_frame   0x000015fc      0x41c C:\Users\JEFFSN~1\AppData\Local\Temp\ccjcw853.ltrans6.ltrans.o
 .debug_frame   0x00001a18       0x20 c:/program files (x86)/cypress/psoc creator/4.4/psoc creator/import/gnu/arm/5.4.1/bin/../lib/gcc/arm-none-eabi/5.4.1/../../../../arm-none-eabi/lib/armv7-m\libg_nano.a(lib_a-errno.o)
 .debug_frame   0x00001a38       0x28 c:/program files (x86)/cypress/psoc creator/4.4/psoc creator/import/gnu/arm/5.4.1/bin/../lib/gcc/arm-none-eabi/5.4.1/../../../../arm-none-eabi/lib/armv7-m\libg_nano.a(lib_a-exit.o)
 .debug_frame   0x00001a60       0x2c c:/program files (x86)/cypress/psoc creator/4.4/psoc creator/import/gnu/arm/5.4.1/bin/../lib/gcc/arm-none-eabi/5.4.1/../../../../arm-none-eabi/lib/armv7-m\libg_nano.a(lib_a-init.o)
 .debug_frame   0x00001a8c       0x20 c:/program files (x86)/cypress/psoc creator/4.4/psoc creator/import/gnu/arm/5.4.1/bin/../lib/gcc/arm-none-eabi/5.4.1/../../../../arm-none-eabi/lib/armv7-m\libg_nano.a(lib_a-memset.o)
 .debug_frame   0x00001aac       0x8c c:/program files (x86)/cypress/psoc creator/4.4/psoc creator/import/gnu/arm/5.4.1/bin/../lib/gcc/arm-none-eabi/5.4.1/../../../../arm-none-eabi/lib/armv7-m\libg_nano.a(lib_a-nano-vfprintf_float.o)