Archive member included to satisfy reference by file (symbol)

.\ARM_GCC_541\Debug\CE210514_PSOC3_5_Thermistor.a(CapSense.o)
                              .\ARM_GCC_541\Debug\main.o (symbol from plugin) (CapSense_IsBusy)
.\ARM_GCC_541\Debug\CE210514_PSOC3_5_Thermistor.a(CapSense_CSHL.o)
                              .\ARM_GCC_541\Debug\main.o (symbol from plugin) (CapSense_InitializeAllBaselines)
.\ARM_GCC_541\Debug\CE210514_PSOC3_5_Thermistor.a(CapSense_INT.o)
                              CapSense.o (symbol from plugin) (CapSense_IsrCH0_ISR)
.\ARM_GCC_541\Debug\CE210514_PSOC3_5_Thermistor.a(CapSense_CompCH0.o)
                              CapSense.o (symbol from plugin) (CapSense_CompCH0_Enable)
.\ARM_GCC_541\Debug\CE210514_PSOC3_5_Thermistor.a(CapSense_IdacCH0.o)
                              CapSense.o (symbol from plugin) (CapSense_IdacCH0_Enable)
.\ARM_GCC_541\Debug\CE210514_PSOC3_5_Thermistor.a(CapSense_AMuxCH0.o)
                              CapSense.o (symbol from plugin) (CapSense_AMuxCH0_Init)
.\ARM_GCC_541\Debug\CE210514_PSOC3_5_Thermistor.a(CapSense_IntClock.o)
                              CapSense.o (symbol from plugin) (CapSense_IntClock_Start)
.\ARM_GCC_541\Debug\CE210514_PSOC3_5_Thermistor.a(cy_em_eeprom.o)
                              .\ARM_GCC_541\Debug\main.o (symbol from plugin) (Cy_Em_EEPROM_Read)
.\ARM_GCC_541\Debug\CE210514_PSOC3_5_Thermistor.a(CyDmac.o)
                              .\ARM_GCC_541\Debug\Cm3Start.o (symbol from plugin) (CyDmacConfigure)
.\ARM_GCC_541\Debug\CE210514_PSOC3_5_Thermistor.a(CyFlash.o)
                              cy_em_eeprom.o (symbol from plugin) (CySetTemp)
.\ARM_GCC_541\Debug\CE210514_PSOC3_5_Thermistor.a(CyLib.o)
                              .\ARM_GCC_541\Debug\Cm3Start.o (symbol from plugin) (CyHalt)
.\ARM_GCC_541\Debug\CE210514_PSOC3_5_Thermistor.a(cyPm.o)
                              CyLib.o (symbol from plugin) (CyPmReadStatus)
.\ARM_GCC_541\Debug\CE210514_PSOC3_5_Thermistor.a(CySpc.o)
                              CyFlash.o (symbol from plugin) (CySpcStart)
.\ARM_GCC_541\Debug\CE210514_PSOC3_5_Thermistor.a(AMux_1.o)
                              .\ARM_GCC_541\Debug\main.o (symbol from plugin) (AMux_1_Start)
.\ARM_GCC_541\Debug\CE210514_PSOC3_5_Thermistor.a(ADC_1.o)
                              .\ARM_GCC_541\Debug\main.o (symbol from plugin) (ADC_1_Start)
.\ARM_GCC_541\Debug\CE210514_PSOC3_5_Thermistor.a(ADC_1_INT.o)
                              ADC_1.o (symbol from plugin) (ADC_1_ISR1)
.\ARM_GCC_541\Debug\CE210514_PSOC3_5_Thermistor.a(ADC_1_Ext_CP_Clk.o)
                              ADC_1.o (symbol from plugin) (ADC_1_Ext_CP_Clk_SetModeRegister)
.\ARM_GCC_541\Debug\CE210514_PSOC3_5_Thermistor.a(ADC_1_theACLK.o)
                              ADC_1.o (symbol from plugin) (ADC_1_theACLK_SetModeRegister)
.\ARM_GCC_541\Debug\CE210514_PSOC3_5_Thermistor.a(SPIM_1.o)
                              .\ARM_GCC_541\Debug\main.o (symbol from plugin) (SPIM_1_ReadTxStatus)
.\ARM_GCC_541\Debug\CE210514_PSOC3_5_Thermistor.a(SPIM_2.o)
                              .\ARM_GCC_541\Debug\main.o (symbol from plugin) (SPIM_2_ReadTxStatus)
.\ARM_GCC_541\Debug\CE210514_PSOC3_5_Thermistor.a(SPIM_1_IntClock.o)
                              SPIM_1.o (symbol from plugin) (SPIM_1_IntClock_Start)
.\ARM_GCC_541\Debug\CE210514_PSOC3_5_Thermistor.a(SPIM_2_IntClock.o)
                              SPIM_2.o (symbol from plugin) (SPIM_2_IntClock_Start)
.\ARM_GCC_541\Debug\CE210514_PSOC3_5_Thermistor.a(I2C_1.o)
                              .\ARM_GCC_541\Debug\main.o (symbol from plugin) (I2C_1_Start)
.\ARM_GCC_541\Debug\CE210514_PSOC3_5_Thermistor.a(I2C_1_INT.o)
                              I2C_1.o (symbol from plugin) (I2C_1_ISR)
.\ARM_GCC_541\Debug\CE210514_PSOC3_5_Thermistor.a(I2C_1_PM.o)
                              I2C_1.o (symbol from plugin) (I2C_1_backup)
.\ARM_GCC_541\Debug\CE210514_PSOC3_5_Thermistor.a(I2C_1_MASTER.o)
                              .\ARM_GCC_541\Debug\main.o (symbol from plugin) (I2C_1_MasterWriteBuf)
.\ARM_GCC_541\Debug\CE210514_PSOC3_5_Thermistor.a(up.o)
                              .\ARM_GCC_541\Debug\main.o (symbol from plugin) (up_Read)
.\ARM_GCC_541\Debug\CE210514_PSOC3_5_Thermistor.a(down.o)
                              .\ARM_GCC_541\Debug\main.o (symbol from plugin) (down_Read)
.\ARM_GCC_541\Debug\CE210514_PSOC3_5_Thermistor.a(enter.o)
                              .\ARM_GCC_541\Debug\main.o (symbol from plugin) (enter_Read)
.\ARM_GCC_541\Debug\CE210514_PSOC3_5_Thermistor.a(ADC_SAR_Seq_1.o)
                              .\ARM_GCC_541\Debug\main.o (symbol from plugin) (ADC_SAR_Seq_1_Start)
.\ARM_GCC_541\Debug\CE210514_PSOC3_5_Thermistor.a(ADC_SAR_Seq_1_INT.o)
                              ADC_SAR_Seq_1.o (symbol from plugin) (ADC_SAR_Seq_1_ISR)
.\ARM_GCC_541\Debug\CE210514_PSOC3_5_Thermistor.a(ADC_SAR_Seq_1_SAR.o)
                              ADC_SAR_Seq_1.o (symbol from plugin) (ADC_SAR_Seq_1_SAR_shift)
[...]
Memory Configuration

Name             Origin             Length             Attributes
rom              0x00000000         0x00040000         xr
ram              0x1fff8000         0x00010000         xrw
*default*        0x00000000         0xffffffff

Linker script and memory map

LOAD c:/program files (x86)/cypress/psoc creator/4.4/psoc creator/import/gnu/arm/5.4.1/bin/../lib/gcc/arm-none-eabi/5.4.1/armv7-m/crti.o
LOAD c:/program files (x86)/cypress/psoc creator/4.4/psoc creator/import/gnu/arm/5.4.1/bin/../lib/gcc/arm-none-eabi/5.4.1/armv7-m/crtbegin.o
LOAD c:/program files (x86)/cypress/psoc creator/4.4/psoc creator/import/gnu/arm/5.4.1/bin/../lib/gcc/arm-none-eabi/5.4.1/../../../../arm-none-eabi/lib/armv7-m/crt0.o
START GROUP
LOAD .\ARM_GCC_541\Debug\main.o
LOAD C:\Users\JEFFSN~1\AppData\Local\Temp\ccVBu9ff.ltrans0.ltrans.o
LOAD C:\Users\JEFFSN~1\AppData\Local\Temp\ccVBu9ff.ltrans1.ltrans.o
LOAD C:\Users\JEFFSN~1\AppData\Local\Temp\ccVBu9ff.ltrans2.ltrans.o
LOAD C:\Users\JEFFSN~1\AppData\Local\Temp\ccVBu9ff.ltrans3.ltrans.o
LOAD C:\Users\JEFFSN~1\AppData\Local\Temp\ccVBu9ff.ltrans4.ltrans.o
LOAD C:\Users\JEFFSN~1\AppData\Local\Temp\ccVBu9ff.ltrans5.ltrans.o
LOAD C:\Users\JEFFSN~1\AppData\Local\Temp\ccVBu9ff.ltrans6.ltrans.o
LOAD C:\Users\JEFFSN~1\AppData\Local\Temp\ccVBu9ff.ltrans7.ltrans.o
LOAD .\ARM_GCC_541\Debug\midi.o
LOAD .\ARM_GCC_541\Debug\oled.o
LOAD .\ARM_GCC_541\Debug\ssd1306.o
LOAD .\ARM_GCC_541\Debug\gfx.o
LOAD .\ARM_GCC_541\Debug\gfx_font.o
LOAD .\ARM_GCC_541\Debug\cyfitter_cfg.o
LOAD .\ARM_GCC_541\Debug\cymetadata.o
LOAD .\ARM_GCC_541\Debug\Cm3Start.o
LOAD .\ARM_GCC_541\Debug\CE210514_PSOC3_5_Thermistor.a
LOAD C:\Program Files (x86)\Cypress\PSoC Creator\4.4\PSoC Creator\psoc\content\CyComponentLibrary\CyComponentLibrary.cylib\CapSense_CSD_v3_50\Library\CapSenseLibrary_GCC.a
LOAD C:\Program Files (x86)\Cypress\PSoC Creator\4.4\PSoC Creator\psoc\content\cycomponentlibrary\CyComponentLibrary.cylib\CortexM3\ARM_GCC_541\Debug\CyComponentLibrary.a
LOAD c:/program files (x86)/cypress/psoc creator/4.4/psoc creator/import/gnu/arm/5.4.1/bin/../lib/gcc/arm-none-eabi/5.4.1/../../../../arm-none-eabi/lib/armv7-m\libm.a
END GROUP
START GROUP
LOAD c:/program files (x86)/cypress/psoc creator/4.4/psoc creator/import/gnu/arm/5.4.1/bin/../lib/gcc/arm-none-eabi/5.4.1/armv7-m\libgcc.a
LOAD c:/program files (x86)/cypress/psoc creator/4.4/psoc creator/import/gnu/arm/5.4.1/bin/../lib/gcc/arm-none-eabi/5.4.1/../../../../arm-none-eabi/lib/armv7-m\libg_nano.a
LOAD c:/program files (x86)/cypress/psoc creator/4.4/psoc creator/import/gnu/arm/5.4.1/bin/../lib/gcc/arm-none-eabi/5.4.1/../../../../arm-none-eabi/lib/armv7-m\libc_nano.a
END GROUP
START GROUP
LOAD c:/program files (x86)/cypress/psoc creator/4.4/psoc creator/import/gnu/arm/5.4.1/bin/../lib/gcc/arm-none-eabi/5.4.1/armv7-m\libgcc.a
LOAD c:/program files (x86)/cypress/psoc creator/4.4/psoc creator/import/gnu/arm/5.4.1/bin/../lib/gcc/arm-none-eabi/5.4.1/../../../../arm-none-eabi/lib/armv7-m\libc_nano.a
END GROUP
LOAD c:/program files (x86)/cypress/psoc creator/4.4/psoc creator/import/gnu/arm/5.4.1/bin/../lib/gcc/arm-none-eabi/5.4.1/armv7-m/crtend.o
LOAD c:/program files (x86)/cypress/psoc creator/4.4/psoc creator/import/gnu/arm/5.4.1/bin/../lib/gcc/arm-none-eabi/5.4.1/armv7-m/crtn.o
START GROUP
LOAD c:/program files (x86)/cypress/psoc creator/4.4/psoc creator/import/gnu/arm/5.4.1/bin/../lib/gcc/arm-none-eabi/5.4.1/armv7-m\libgcc.a
LOAD c:/program files (x86)/cypress/psoc creator/4.4/psoc creator/import/gnu/arm/5.4.1/bin/../lib/gcc/arm-none-eabi/5.4.1/../../../../arm-none-eabi/lib/armv7-m\libc.a
LOAD c:/program files (x86)/cypress/psoc creator/4.4/psoc creator/import/gnu/arm/5.4.1/bin/../lib/gcc/arm-none-eabi/5.4.1/../../../../arm-none-eabi/lib/armv7-m\libnosys.a
END GROUP
                0x00000000                CY_APPL_ORIGIN = 0x0
                0x00000100                CY_FLASH_ROW_SIZE = 0x100
                0x00000020                CY_ECC_ROW_SIZE = 0x20
                0x00000000                CY_EE_IN_BTLDR = 0x0
                0x00000000                CY_APPL_LOADABLE = 0x0
                0x00000800                CY_EE_SIZE = 0x800
                0x00000001                CY_APPL_NUM = 0x1
                0x00000001                CY_APPL_MAX = 0x1
                0x00000040                CY_METADATA_SIZE = 0x40
                0x00000000                CY_APPL_LOADABLE = 0x0
                0x00000000                CY_CHECKSUM_EXCLUDE_SIZE = ALIGN (0x0, CY_FLASH_ROW_SIZE)
                [!provide]                PROVIDE (__cy_heap_start, _end)
                0x00000001                PROVIDE (__cy_region_num, ((__cy_regions_end - __cy_regions) / 0x10))
                0x20008000                PROVIDE (__cy_stack, (ORIGIN (ram) + LENGTH (ram)))
                [!provide]                PROVIDE (__cy_heap_end, (__cy_stack - 0x2000))

.cybootloader   0x00000000        0x0
 *(.cybootloader)
                0x00000000                appl1_start = CY_APPL_ORIGIN?CY_APPL_ORIGIN:ALIGN (CY_FLASH_ROW_SIZE)
                0x0001ff00                appl2_start = (appl1_start + ALIGN ((((LENGTH (rom) - appl1_start) - (0x2 * CY_FLASH_ROW_SIZE)) / 0x2), CY_FLASH_ROW_SIZE))
                0x00000000                appl_start = (CY_APPL_NUM == 0x1)?appl1_start:appl2_start
                0x00000000                ecc_offset = ((appl_start / CY_FLASH_ROW_SIZE) * CY_ECC_ROW_SIZE)
                0x00000000                ee_offset = (CY_APPL_LOADABLE && ! (CY_EE_IN_BTLDR))?((CY_EE_SIZE / CY_APPL_MAX) * (CY_APPL_NUM - 0x1)):0x0
                0x00000800                ee_size = (CY_APPL_LOADABLE && ! (CY_EE_IN_BTLDR))?(CY_EE_SIZE / CY_APPL_MAX):CY_EE_SIZE
                [!provide]                PROVIDE (CY_ECC_OFFSET, ecc_offset)

.text           0x00000000     0xbda0
 CREATE_OBJECT_SYMBOLS
                0x00000000                PROVIDE (__cy_interrupt_vector, RomVectors)
 *(.romvectors)
 .romvectors    0x00000000       0x10 C:\Users\JEFFSN~1\AppData\Local\Temp\ccVBu9ff.ltrans6.ltrans.o
                0x00000000                RomVectors
                0x00000001                ASSERT ((. != __cy_interrupt_vector), No interrupt vector)
                0x00000001                ASSERT (CY_APPL_ORIGIN?(SIZEOF (.cybootloader) <= CY_APPL_ORIGIN):0x1, Wrong image location)
                0x00000010                PROVIDE (__cy_reset, Reset)
 *(.text.Reset)
 .text.Reset    0x00000010       0x18 C:\Users\JEFFSN~1\AppData\Local\Temp\ccVBu9ff.ltrans6.ltrans.o
                0x00000010                Reset
                0x00000001                ASSERT ((. != __cy_reset), No reset code)
 *(.dma_init)
                0x00000001                ASSERT ((((appl_start + .) <= 0x10000) || 0x1), DMA Init must be within the first 64k of flash)
 *(.text .text.* .gnu.linkonce.t.*)
 .text          0x00000028       0x5c c:/program files (x86)/cypress/psoc creator/4.4/psoc creator/import/gnu/arm/5.4.1/bin/../lib/gcc/arm-none-eabi/5.4.1/armv7-m/crtbegin.o
 .text.map      0x00000084       0x44 C:\Users\JEFFSN~1\AppData\Local\Temp\ccVBu9ff.ltrans0.ltrans.o
 .text.USB_service
                0x000000c8       0x90 C:\Users\JEFFSN~1\AppData\Local\Temp\ccVBu9ff.ltrans0.ltrans.o
 .text.checkUSB_Vbus
                0x00000158       0x48 C:\Users\JEFFSN~1\AppData\Local\Temp\ccVBu9ff.ltrans0.ltrans.o
 .text.restartSystemCheck
                0x000001a0       0x64 C:\Users\JEFFSN~1\AppData\Local\Temp\ccVBu9ff.ltrans0.ltrans.o
 .text.Vbus_function
                0x00000204       0x10 C:\Users\JEFFSN~1\AppData\Local\Temp\ccVBu9ff.ltrans0.ltrans.o
 .text.ftom     0x00000214       0x30 C:\Users\JEFFSN~1\AppData\Local\Temp\ccVBu9ff.ltrans0.ltrans.o
 .text.mtof     0x00000244       0x48 C:\Users\JEFFSN~1\AppData\Local\Temp\ccVBu9ff.ltrans0.ltrans.o
 .text.parseSysex
                0x0000028c      0x560 C:\Users\JEFFSN~1\AppData\Local\Temp\ccVBu9ff.ltrans0.ltrans.o
 .text.sendMIDINoteOn
                0x000007ec       0x84 C:\Users\JEFFSN~1\AppData\Local\Temp\ccVBu9ff.ltrans0.ltrans.o
                0x000007ec                sendMIDINoteOn
 .text.USB_callbackLocalMidiEvent
                0x00000870       0xa8 C:\Users\JEFFSN~1\AppData\Local\Temp\ccVBu9ff.ltrans0.ltrans.o
                0x00000870                USB_callbackLocalMidiEvent
 .text.main     0x00000918      0xe80 C:\Users\JEFFSN~1\AppData\Local\Temp\ccVBu9ff.ltrans0.ltrans.o
                0x00000918                main
 .text.SPIM_1_ReadRxStatus
                0x00001798        0xc C:\Users\JEFFSN~1\AppData\Local\Temp\ccVBu9ff.ltrans1.ltrans.o
 .text.ADC_1_theACLK_GetSourceRegister
                0x000017a4       0x10 C:\Users\JEFFSN~1\AppData\Local\Temp\ccVBu9ff.ltrans1.ltrans.o
 .text.ADC_1_theACLK_SetModeRegister
                0x000017b4       0x14 C:\Users\JEFFSN~1\AppData\Local\Temp\ccVBu9ff.ltrans1.ltrans.o
 .text.ADC_1_theACLK_GetDividerRegister
                0x000017c8        0xc C:\Users\JEFFSN~1\AppData\Local\Temp\ccVBu9ff.ltrans1.ltrans.o
 .text.ADC_1_theACLK_SetDividerRegister
                0x000017d4       0xd8 C:\Users\JEFFSN~1\AppData\Local\Temp\ccVBu9ff.ltrans1.ltrans.o
 .text.ADC_1_Ext_CP_Clk_GetSourceRegister
                0x000018ac       0x10 C:\Users\JEFFSN~1\AppData\Local\Temp\ccVBu9ff.ltrans1.ltrans.o
 .text.ADC_1_Ext_CP_Clk_SetModeRegister
                0x000018bc       0x14 C:\Users\JEFFSN~1\AppData\Local\Temp\ccVBu9ff.ltrans1.ltrans.o
 .text.ADC_1_Ext_CP_Clk_GetDividerRegister
                0x000018d0        0xc C:\Users\JEFFSN~1\AppData\Local\Temp\ccVBu9ff.ltrans1.ltrans.o
 .text.ADC_1_Ext_CP_Clk_SetDividerRegister
                0x000018dc       0xd8 C:\Users\JEFFSN~1\AppData\Local\Temp\ccVBu9ff.ltrans1.ltrans.o
 .text.ADC_1_ISR1
                0x000019b4        0x4 C:\Users\JEFFSN~1\AppData\Local\Temp\ccVBu9ff.ltrans1.ltrans.o
 .text.CySpcGetAlgorithm
                0x000019b8       0x28 C:\Users\JEFFSN~1\AppData\Local\Temp\ccVBu9ff.ltrans1.ltrans.o
 .text.CySpcGetTemp
                0x000019e0       0x3c C:\Users\JEFFSN~1\AppData\Local\Temp\ccVBu9ff.ltrans1.ltrans.o
 .text.CySpcLoadRowFull
                0x00001a1c       0x80 C:\Users\JEFFSN~1\AppData\Local\Temp\ccVBu9ff.ltrans1.ltrans.o
 .text.SPIM_1_ClearFIFO
                0x00001a9c       0x3c C:\Users\JEFFSN~1\AppData\Local\Temp\ccVBu9ff.ltrans1.ltrans.o
 .text.SPIM_1_Enable
                0x00001ad8       0x34 C:\Users\JEFFSN~1\AppData\Local\Temp\ccVBu9ff.ltrans1.ltrans.o
 .text.AMux_1_Disconnect
                0x00001b0c       0x10 C:\Users\JEFFSN~1\AppData\Local\Temp\ccVBu9ff.ltrans1.ltrans.o
 .text.SPIM_2_Enable
                0x00001b1c       0x34 C:\Users\JEFFSN~1\AppData\Local\Temp\ccVBu9ff.ltrans1.ltrans.o
                0x00001b1c                SPIM_2_Enable
 .text.SPIM_2_Init
                0x00001b50       0x2c C:\Users\JEFFSN~1\AppData\Local\Temp\ccVBu9ff.ltrans1.ltrans.o
                0x00001b50                SPIM_2_Init
 .text.SPIM_1_ClearRxBuffer
                0x00001b7c       0x1c C:\Users\JEFFSN~1\AppData\Local\Temp\ccVBu9ff.ltrans1.ltrans.o
                0x00001b7c                SPIM_1_ClearRxBuffer
 .text.SPIM_1_ReadTxStatus
                0x00001b98        0xc C:\Users\JEFFSN~1\AppData\Local\Temp\ccVBu9ff.ltrans1.ltrans.o
                0x00001b98                SPIM_1_ReadTxStatus
 .text.SPIM_1_Init
                0x00001ba4       0x2c C:\Users\JEFFSN~1\AppData\Local\Temp\ccVBu9ff.ltrans1.ltrans.o
 .text.SPIM_1_Start
                0x00001bd0       0x1c C:\Users\JEFFSN~1\AppData\Local\Temp\ccVBu9ff.ltrans1.ltrans.o
                0x00001bd0                SPIM_1_Start
 .text.ADC_1_GetResult32
                0x00001bec       0x6c C:\Users\JEFFSN~1\AppData\Local\Temp\ccVBu9ff.ltrans1.ltrans.o
                0x00001bec                ADC_1_GetResult32
 .text.ADC_1_IsEndConversion
                0x00001c58       0x30 C:\Users\JEFFSN~1\AppData\Local\Temp\ccVBu9ff.ltrans1.ltrans.o
                0x00001c58                ADC_1_IsEndConversion
 .text.ADC_1_StartConvert
                0x00001c88       0x10 C:\Users\JEFFSN~1\AppData\Local\Temp\ccVBu9ff.ltrans1.ltrans.o
                0x00001c88                ADC_1_StartConvert
 .text.AMux_1_FastSelect
                0x00001c98       0x28 C:\Users\JEFFSN~1\AppData\Local\Temp\ccVBu9ff.ltrans1.ltrans.o
                0x00001c98                AMux_1_FastSelect
 .text.AMux_1_Start
                0x00001cc0       0x28 C:\Users\JEFFSN~1\AppData\Local\Temp\ccVBu9ff.ltrans1.ltrans.o
                0x00001cc0                AMux_1_Start
 .text.CySpcUnlock
                0x00001ce8       0x38 C:\Users\JEFFSN~1\AppData\Local\Temp\ccVBu9ff.ltrans1.ltrans.o
                0x00001ce8                CySpcUnlock
 .text.CySpcLock
                0x00001d20       0x4c C:\Users\JEFFSN~1\AppData\Local\Temp\ccVBu9ff.ltrans1.ltrans.o
                0x00001d20                CySpcLock
 .text.CySpcWriteRow
                0x00001d6c       0x4c C:\Users\JEFFSN~1\AppData\Local\Temp\ccVBu9ff.ltrans1.ltrans.o
                0x00001d6c                CySpcWriteRow
 .text.CySpcLoadMultiByte
                0x00001db8       0x78 C:\Users\JEFFSN~1\AppData\Local\Temp\ccVBu9ff.ltrans1.ltrans.o
                0x00001db8                CySpcLoadMultiByte
 .text.CySpcStart
                0x00001e30       0x24 C:\Users\JEFFSN~1\AppData\Local\Temp\ccVBu9ff.ltrans1.ltrans.o
                0x00001e30                CySpcStart
 .text.CyGetUniqueId
                0x00001e54       0x70 C:\Users\JEFFSN~1\AppData\Local\Temp\ccVBu9ff.ltrans1.ltrans.o
                0x00001e54                CyGetUniqueId
 .text.CyFlushCache
                0x00001ec4       0x44 C:\Users\JEFFSN~1\AppData\Local\Temp\ccVBu9ff.ltrans1.ltrans.o
                0x00001ec4                CyFlushCache
 .text.CyDelayUs
                0x00001f08       0x10 C:\Users\JEFFSN~1\AppData\Local\Temp\ccVBu9ff.ltrans1.ltrans.o
                0x00001f08                CyDelayUs
 .text.ADC_1_SetDSMRef0Reg
                0x00001f18       0x4c C:\Users\JEFFSN~1\AppData\Local\Temp\ccVBu9ff.ltrans1.ltrans.o
 .text.ADC_1_Enable
                0x00001f64       0xd8 C:\Users\JEFFSN~1\AppData\Local\Temp\ccVBu9ff.ltrans1.ltrans.o
 .text.CySpcReadData
                0x0000203c       0x34 C:\Users\JEFFSN~1\AppData\Local\Temp\ccVBu9ff.ltrans1.ltrans.o
 .text.CyWriteRowFull
                0x00002070       0xf8 C:\Users\JEFFSN~1\AppData\Local\Temp\ccVBu9ff.ltrans1.ltrans.o
 .text.CyFlashGetSpcAlgorithm
                0x00002168       0x4c C:\Users\JEFFSN~1\AppData\Local\Temp\ccVBu9ff.ltrans1.ltrans.o
 .text.CySetTempInt
                0x000021b4       0x60 C:\Users\JEFFSN~1\AppData\Local\Temp\ccVBu9ff.ltrans1.ltrans.o
 .text.CyDelay  0x00002214       0x2c C:\Users\JEFFSN~1\AppData\Local\Temp\ccVBu9ff.ltrans1.ltrans.o
                0x00002214                CyDelay
 .text.CySoftwareReset
                0x00002240       0x10 C:\Users\JEFFSN~1\AppData\Local\Temp\ccVBu9ff.ltrans1.ltrans.o
                0x00002240                CySoftwareReset
 .text.CyHalt   0x00002250        0x4 C:\Users\JEFFSN~1\AppData\Local\Temp\ccVBu9ff.ltrans1.ltrans.o
                0x00002250                CyHalt
 .text.ADC_1_GainCompensation
                0x00002254       0xdc C:\Users\JEFFSN~1\AppData\Local\Temp\ccVBu9ff.ltrans1.ltrans.o
 .text.CyIntSetPriority
                0x00002330       0x30 C:\Users\JEFFSN~1\AppData\Local\Temp\ccVBu9ff.ltrans1.ltrans.o
                0x00002330                CyIntSetPriority
 .text.CyIntSetVector
                0x00002360       0x28 C:\Users\JEFFSN~1\AppData\Local\Temp\ccVBu9ff.ltrans1.ltrans.o
                0x00002360                CyIntSetVector
 .text.ADC_1_InitConfig
                0x00002388       0xe0 C:\Users\JEFFSN~1\AppData\Local\Temp\ccVBu9ff.ltrans1.ltrans.o
 .text.ADC_1_Init
                0x00002468       0xc8 C:\Users\JEFFSN~1\AppData\Local\Temp\ccVBu9ff.ltrans1.ltrans.o
 .text.ADC_1_Start
                0x00002530       0x28 C:\Users\JEFFSN~1\AppData\Local\Temp\ccVBu9ff.ltrans1.ltrans.o
                0x00002530                ADC_1_Start
 .text.CyEEPROM_ReadRelease
                0x00002558       0x10 C:\Users\JEFFSN~1\AppData\Local\Temp\ccVBu9ff.ltrans1.ltrans.o
                0x00002558                CyEEPROM_ReadRelease
 .text.CyEEPROM_ReadReserve
                0x00002568       0x1c C:\Users\JEFFSN~1\AppData\Local\Temp\ccVBu9ff.ltrans1.ltrans.o
                0x00002568                CyEEPROM_ReadReserve
 .text.CyEEPROM_Start
                0x00002584       0x54 C:\Users\JEFFSN~1\AppData\Local\Temp\ccVBu9ff.ltrans1.ltrans.o
                0x00002584                CyEEPROM_Start
 .text.CyWriteRowData
                0x000025d8       0x14 C:\Users\JEFFSN~1\AppData\Local\Temp\ccVBu9ff.ltrans1.ltrans.o
                0x000025d8                CyWriteRowData
 .text.CySetTemp
                0x000025ec       0x14 C:\Users\JEFFSN~1\AppData\Local\Temp\ccVBu9ff.ltrans1.ltrans.o
                0x000025ec                CySetTemp
 .text.CyDmaTdSetAddress
                0x00002600       0x1c C:\Users\JEFFSN~1\AppData\Local\Temp\ccVBu9ff.ltrans1.ltrans.o
                0x00002600                CyDmaTdSetAddress
 .text.CyDmaTdSetConfiguration
                0x0000261c       0x28 C:\Users\JEFFSN~1\AppData\Local\Temp\ccVBu9ff.ltrans1.ltrans.o
                0x0000261c                CyDmaTdSetConfiguration
 .text.CyDmaTdFree
                0x00002644       0x34 C:\Users\JEFFSN~1\AppData\Local\Temp\ccVBu9ff.ltrans1.ltrans.o
                0x00002644                CyDmaTdFree
 .text.CyDmaTdAllocate
                0x00002678       0x34 C:\Users\JEFFSN~1\AppData\Local\Temp\ccVBu9ff.ltrans1.ltrans.o
                0x00002678                CyDmaTdAllocate
 .text.CyDmaChSetConfiguration
                0x000026ac       0x44 C:\Users\JEFFSN~1\AppData\Local\Temp\ccVBu9ff.ltrans1.ltrans.o
                0x000026ac                CyDmaChSetConfiguration
 .text.CyDmaChSetInitialTd
                0x000026f0       0x18 C:\Users\JEFFSN~1\AppData\Local\Temp\ccVBu9ff.ltrans1.ltrans.o
                0x000026f0                CyDmaChSetInitialTd
 .text.CyDmaChSetExtendedAddress
                0x00002708       0x34 C:\Users\JEFFSN~1\AppData\Local\Temp\ccVBu9ff.ltrans1.ltrans.o
                0x00002708                CyDmaChSetExtendedAddress
 .text.CyDmaChPriority
                0x0000273c       0x24 C:\Users\JEFFSN~1\AppData\Local\Temp\ccVBu9ff.ltrans1.ltrans.o
                0x0000273c                CyDmaChPriority
 .text.CyDmaClearPendingDrq
                0x00002760       0x28 C:\Users\JEFFSN~1\AppData\Local\Temp\ccVBu9ff.ltrans1.ltrans.o
                0x00002760                CyDmaClearPendingDrq
 .text.CyDmaChDisable
                0x00002788       0x24 C:\Users\JEFFSN~1\AppData\Local\Temp\ccVBu9ff.ltrans1.ltrans.o
                0x00002788                CyDmaChDisable
 .text.CyDmaChEnable
                0x000027ac       0x38 C:\Users\JEFFSN~1\AppData\Local\Temp\ccVBu9ff.ltrans1.ltrans.o
                0x000027ac                CyDmaChEnable
 .text.ADC_SAR_Seq_1_IRQ_SetPriority
                0x000027e4       0x10 C:\Users\JEFFSN~1\AppData\Local\Temp\ccVBu9ff.ltrans2.ltrans.o
 .text.ADC_SAR_Seq_1_IRQ_SetVector
                0x000027f4        0xc C:\Users\JEFFSN~1\AppData\Local\Temp\ccVBu9ff.ltrans2.ltrans.o
 .text.ADC_SAR_Seq_1_SAR_StartConvert
                0x00002800       0x10 C:\Users\JEFFSN~1\AppData\Local\Temp\ccVBu9ff.ltrans2.ltrans.o
 .text.ADC_SAR_Seq_1_ISR
                0x00002810        0x4 C:\Users\JEFFSN~1\AppData\Local\Temp\ccVBu9ff.ltrans2.ltrans.o
 .text.USB_Stop_DMA
                0x00002814       0x58 C:\Users\JEFFSN~1\AppData\Local\Temp\ccVBu9ff.ltrans2.ltrans.o
 .text.ADC_SAR_Seq_1_Enable
                0x0000286c       0xcc C:\Users\JEFFSN~1\AppData\Local\Temp\ccVBu9ff.ltrans2.ltrans.o
 .text.I2C_1_Enable
                0x00002938       0x24 C:\Users\JEFFSN~1\AppData\Local\Temp\ccVBu9ff.ltrans2.ltrans.o
 .text.USB_InitComponent
                0x0000295c       0xe4 C:\Users\JEFFSN~1\AppData\Local\Temp\ccVBu9ff.ltrans2.ltrans.o
 .text.I2C_1_Init
                0x00002a40       0x60 C:\Users\JEFFSN~1\AppData\Local\Temp\ccVBu9ff.ltrans2.ltrans.o
 .text.USB_Init
                0x00002aa0      0x15c C:\Users\JEFFSN~1\AppData\Local\Temp\ccVBu9ff.ltrans2.ltrans.o
 .text.ADC_SAR_Seq_1_SAR_Enable
                0x00002bfc       0x78 C:\Users\JEFFSN~1\AppData\Local\Temp\ccVBu9ff.ltrans2.ltrans.o
 .text.ADC_SAR_Seq_1_FinalBuf_DmaInitialize
                0x00002c74       0x3c C:\Users\JEFFSN~1\AppData\Local\Temp\ccVBu9ff.ltrans2.ltrans.o
 .text.ADC_SAR_Seq_1_TempBuf_DmaInitialize
                0x00002cb0       0x3c C:\Users\JEFFSN~1\AppData\Local\Temp\ccVBu9ff.ltrans2.ltrans.o
 .text.ADC_SAR_Seq_1_Init
                0x00002cec       0x3c C:\Users\JEFFSN~1\AppData\Local\Temp\ccVBu9ff.ltrans2.ltrans.o
 .text.ADC_SAR_Seq_1_SAR_CalcGain
                0x00002d28       0x58 C:\Users\JEFFSN~1\AppData\Local\Temp\ccVBu9ff.ltrans2.ltrans.o
 .text.ADC_SAR_Seq_1_SAR_SetResolution
                0x00002d80       0x38 C:\Users\JEFFSN~1\AppData\Local\Temp\ccVBu9ff.ltrans2.ltrans.o
 .text.ADC_SAR_Seq_1_SAR_Init
                0x00002db8       0x24 C:\Users\JEFFSN~1\AppData\Local\Temp\ccVBu9ff.ltrans2.ltrans.o
 .text.ADC_SAR_Seq_1_SAR_Start
                0x00002ddc       0x20 C:\Users\JEFFSN~1\AppData\Local\Temp\ccVBu9ff.ltrans2.ltrans.o
 .text.I2C_1_ISR
                0x00002dfc      0x2f8 C:\Users\JEFFSN~1\AppData\Local\Temp\ccVBu9ff.ltrans2.ltrans.o
 .text.USB_LoadNextInEP
                0x000030f4       0x98 C:\Users\JEFFSN~1\AppData\Local\Temp\ccVBu9ff.ltrans2.ltrans.o
                0x000030f4                USB_LoadNextInEP
 .text.USB_InitEP_DMA
                0x0000318c       0x74 C:\Users\JEFFSN~1\AppData\Local\Temp\ccVBu9ff.ltrans2.ltrans.o
                0x0000318c                USB_InitEP_DMA
 .text.USB_LoadInEP
                0x00003200      0x18c C:\Users\JEFFSN~1\AppData\Local\Temp\ccVBu9ff.ltrans2.ltrans.o
                0x00003200                USB_LoadInEP
 .text.USB_GetEPCount
                0x0000338c       0x28 C:\Users\JEFFSN~1\AppData\Local\Temp\ccVBu9ff.ltrans2.ltrans.o
                0x0000338c                USB_GetEPCount
 .text.USB_GetEPState
                0x000033b4       0x14 C:\Users\JEFFSN~1\AppData\Local\Temp\ccVBu9ff.ltrans2.ltrans.o
                0x000033b4                USB_GetEPState
 .text.USB_IsConfigurationChanged
                0x000033c8       0x20 C:\Users\JEFFSN~1\AppData\Local\Temp\ccVBu9ff.ltrans2.ltrans.o
                0x000033c8                USB_IsConfigurationChanged
 .text.USB_GetConfiguration
                0x000033e8        0xc C:\Users\JEFFSN~1\AppData\Local\Temp\ccVBu9ff.ltrans2.ltrans.o
                0x000033e8                USB_GetConfiguration
 .text.USB_Stop
                0x000033f4       0xbc C:\Users\JEFFSN~1\AppData\Local\Temp\ccVBu9ff.ltrans2.ltrans.o
                0x000033f4                USB_Stop
 .text.USB_ReInitComponent
                0x000034b0       0x4c C:\Users\JEFFSN~1\AppData\Local\Temp\ccVBu9ff.ltrans2.ltrans.o
                0x000034b0                USB_ReInitComponent
 .text.USB_Start
                0x000034fc       0x28 C:\Users\JEFFSN~1\AppData\Local\Temp\ccVBu9ff.ltrans2.ltrans.o
                0x000034fc                USB_Start
 .text.DMA_1_TX_DmaInitialize
                0x00003524       0x3c C:\Users\JEFFSN~1\AppData\Local\Temp\ccVBu9ff.ltrans2.ltrans.o
                0x00003524                DMA_1_TX_DmaInitialize
 .text.DMA_1_RX_DmaInitialize
                0x00003560       0x3c C:\Users\JEFFSN~1\AppData\Local\Temp\ccVBu9ff.ltrans2.ltrans.o
                0x00003560                DMA_1_RX_DmaInitialize
 .text.ExtMUXS1_Write
                0x0000359c       0x18 C:\Users\JEFFSN~1\AppData\Local\Temp\ccVBu9ff.ltrans2.ltrans.o
                0x0000359c                ExtMUXS1_Write
 .text.ExtMUX_EN_Write
                0x000035b4       0x18 C:\Users\JEFFSN~1\AppData\Local\Temp\ccVBu9ff.ltrans2.ltrans.o
                0x000035b4                ExtMUX_EN_Write
 .text.ExtMUXS0_Write
                0x000035cc       0x18 C:\Users\JEFFSN~1\AppData\Local\Temp\ccVBu9ff.ltrans2.ltrans.o
                0x000035cc                ExtMUXS0_Write
 .text.ADC_SAR_Seq_1_GetResult16
                0x000035e4       0x1c C:\Users\JEFFSN~1\AppData\Local\Temp\ccVBu9ff.ltrans2.ltrans.o
                0x000035e4                ADC_SAR_Seq_1_GetResult16
 .text.ADC_SAR_Seq_1_IsEndConversion
                0x00003600       0x18 C:\Users\JEFFSN~1\AppData\Local\Temp\ccVBu9ff.ltrans2.ltrans.o
                0x00003600                ADC_SAR_Seq_1_IsEndConversion
 .text.ADC_SAR_Seq_1_StartConvert
                0x00003618        0x8 C:\Users\JEFFSN~1\AppData\Local\Temp\ccVBu9ff.ltrans2.ltrans.o
                0x00003618                ADC_SAR_Seq_1_StartConvert
 .text.ADC_SAR_Seq_1_Start
                0x00003620       0x28 C:\Users\JEFFSN~1\AppData\Local\Temp\ccVBu9ff.ltrans2.ltrans.o
                0x00003620                ADC_SAR_Seq_1_Start
 .text.enter_Read
                0x00003648       0x10 C:\Users\JEFFSN~1\AppData\Local\Temp\ccVBu9ff.ltrans2.ltrans.o
                0x00003648                enter_Read
 .text.down_Read
                0x00003658       0x10 C:\Users\JEFFSN~1\AppData\Local\Temp\ccVBu9ff.ltrans2.ltrans.o
                0x00003658                down_Read
 .text.up_Read  0x00003668       0x10 C:\Users\JEFFSN~1\AppData\Local\Temp\ccVBu9ff.ltrans2.ltrans.o
                0x00003668                up_Read
 .text.I2C_1_MasterClearStatus
                0x00003678       0x28 C:\Users\JEFFSN~1\AppData\Local\Temp\ccVBu9ff.ltrans2.ltrans.o
                0x00003678                I2C_1_MasterClearStatus
 .text.I2C_1_MasterStatus
                0x000036a0       0x34 C:\Users\JEFFSN~1\AppData\Local\Temp\ccVBu9ff.ltrans2.ltrans.o
                0x000036a0                I2C_1_MasterStatus
 .text.I2C_1_MasterReadBuf
                0x000036d4       0xc0 C:\Users\JEFFSN~1\AppData\Local\Temp\ccVBu9ff.ltrans2.ltrans.o
                0x000036d4                I2C_1_MasterReadBuf
 .text.I2C_1_MasterWriteBuf
                0x00003794       0xbc C:\Users\JEFFSN~1\AppData\Local\Temp\ccVBu9ff.ltrans2.ltrans.o
                0x00003794                I2C_1_MasterWriteBuf
 .text.I2C_1_Stop
                0x00003850       0xb8 C:\Users\JEFFSN~1\AppData\Local\Temp\ccVBu9ff.ltrans2.ltrans.o
                0x00003850                I2C_1_Stop
 .text.I2C_1_Start
                0x00003908       0x2c C:\Users\JEFFSN~1\AppData\Local\Temp\ccVBu9ff.ltrans2.ltrans.o
                0x00003908                I2C_1_Start
 .text.SPIM_2_IntClock_Start
                0x00003934       0x1c C:\Users\JEFFSN~1\AppData\Local\Temp\ccVBu9ff.ltrans2.ltrans.o
                0x00003934                SPIM_2_IntClock_Start
 .text.SPIM_1_IntClock_Start
                0x00003950       0x1c C:\Users\JEFFSN~1\AppData\Local\Temp\ccVBu9ff.ltrans2.ltrans.o
                0x00003950                SPIM_1_IntClock_Start
 .text.SPIM_2_ClearFIFO
                0x0000396c       0x3c C:\Users\JEFFSN~1\AppData\Local\Temp\ccVBu9ff.ltrans2.ltrans.o
                0x0000396c                SPIM_2_ClearFIFO
 .text.SPIM_2_ClearTxBuffer
                0x000039a8       0x24 C:\Users\JEFFSN~1\AppData\Local\Temp\ccVBu9ff.ltrans2.ltrans.o
                0x000039a8                SPIM_2_ClearTxBuffer
 .text.SPIM_2_ClearRxBuffer
                0x000039cc       0x1c C:\Users\JEFFSN~1\AppData\Local\Temp\ccVBu9ff.ltrans2.ltrans.o
                0x000039cc                SPIM_2_ClearRxBuffer
 .text.SPIM_2_ReadRxStatus
                0x000039e8        0xc C:\Users\JEFFSN~1\AppData\Local\Temp\ccVBu9ff.ltrans2.ltrans.o
                0x000039e8                SPIM_2_ReadRxStatus
 .text.SPIM_2_ReadTxStatus
                0x000039f4        0xc C:\Users\JEFFSN~1\AppData\Local\Temp\ccVBu9ff.ltrans2.ltrans.o
                0x000039f4                SPIM_2_ReadTxStatus
 .text.SPIM_2_Start
                0x00003a00       0x20 C:\Users\JEFFSN~1\AppData\Local\Temp\ccVBu9ff.ltrans2.ltrans.o
                0x00003a00                SPIM_2_Start
 .text.GetAddresses
                0x00003a20       0x90 C:\Users\JEFFSN~1\AppData\Local\Temp\ccVBu9ff.ltrans3.ltrans.o
 .text.CheckRanges
                0x00003ab0       0x34 C:\Users\JEFFSN~1\AppData\Local\Temp\ccVBu9ff.ltrans3.ltrans.o
 .text.CalcChecksum
                0x00003ae4       0x3c C:\Users\JEFFSN~1\AppData\Local\Temp\ccVBu9ff.ltrans3.ltrans.o
 .text.GetNextRowToWrite
                0x00003b20       0x5c C:\Users\JEFFSN~1\AppData\Local\Temp\ccVBu9ff.ltrans3.ltrans.o
 .text.GetRowAddrBySeqNum
                0x00003b7c       0x1c C:\Users\JEFFSN~1\AppData\Local\Temp\ccVBu9ff.ltrans3.ltrans.o
 .text.FindLastWrittenRow
                0x00003b98       0x30 C:\Users\JEFFSN~1\AppData\Local\Temp\ccVBu9ff.ltrans3.ltrans.o
 .text.CapSense_IdacCH0_DacTrim
                0x00003bc8       0x34 C:\Users\JEFFSN~1\AppData\Local\Temp\ccVBu9ff.ltrans3.ltrans.o
 .text.CapSense_IdacCH0_SetSpeed
                0x00003bfc       0x1c C:\Users\JEFFSN~1\AppData\Local\Temp\ccVBu9ff.ltrans3.ltrans.o
 .text.CapSense_CompCH0_SetSpeed
                0x00003c18       0x58 C:\Users\JEFFSN~1\AppData\Local\Temp\ccVBu9ff.ltrans3.ltrans.o
 .text.CapSense_AveragingFilter
                0x00003c70       0x14 C:\Users\JEFFSN~1\AppData\Local\Temp\ccVBu9ff.ltrans3.ltrans.o
 .text.CapSense_CheckIsSensorActive
                0x00003c84       0x88 C:\Users\JEFFSN~1\AppData\Local\Temp\ccVBu9ff.ltrans3.ltrans.o
 .text.CapSense_CheckIsWidgetActive
                0x00003d0c       0x30 C:\Users\JEFFSN~1\AppData\Local\Temp\ccVBu9ff.ltrans3.ltrans.o
 .text.CapSense_BaseInit
                0x00003d3c       0x38 C:\Users\JEFFSN~1\AppData\Local\Temp\ccVBu9ff.ltrans3.ltrans.o
 .text.CapSense_UpdateSensorBaseline
                0x00003d74       0xd0 C:\Users\JEFFSN~1\AppData\Local\Temp\ccVBu9ff.ltrans3.ltrans.o
 .text.WriteRow
                0x00003e44       0x2c C:\Users\JEFFSN~1\AppData\Local\Temp\ccVBu9ff.ltrans3.ltrans.o
 .text.FillChecksum
                0x00003e70       0x6c C:\Users\JEFFSN~1\AppData\Local\Temp\ccVBu9ff.ltrans3.ltrans.o
 .text.CheckCrcAndCopy
                0x00003edc       0x78 C:\Users\JEFFSN~1\AppData\Local\Temp\ccVBu9ff.ltrans3.ltrans.o
 .text.CapSense_AMuxCH0_DisconnectAll
                0x00003f54       0x18 C:\Users\JEFFSN~1\AppData\Local\Temp\ccVBu9ff.ltrans3.ltrans.o
 .text.CapSense_DisableSensor
                0x00003f6c       0x4c C:\Users\JEFFSN~1\AppData\Local\Temp\ccVBu9ff.ltrans3.ltrans.o
 .text.CapSense_PostScanCh1
                0x00003fb8       0x64 C:\Users\JEFFSN~1\AppData\Local\Temp\ccVBu9ff.ltrans3.ltrans.o
 .text.CapSense_EnableSensor
                0x0000401c       0x48 C:\Users\JEFFSN~1\AppData\Local\Temp\ccVBu9ff.ltrans3.ltrans.o
 .text.CyDmacConfigure
                0x00004064       0x3c C:\Users\JEFFSN~1\AppData\Local\Temp\ccVBu9ff.ltrans3.ltrans.o
                0x00004064                CyDmacConfigure
 .text.Cy_Em_EEPROM_Write
                0x000040a0      0x16c C:\Users\JEFFSN~1\AppData\Local\Temp\ccVBu9ff.ltrans3.ltrans.o
                0x000040a0                Cy_Em_EEPROM_Write
 .text.Cy_Em_EEPROM_Read
                0x0000420c      0x1f4 C:\Users\JEFFSN~1\AppData\Local\Temp\ccVBu9ff.ltrans3.ltrans.o
                0x0000420c                Cy_Em_EEPROM_Read
 .text.Cy_Em_EEPROM_Init
                0x00004400       0x98 C:\Users\JEFFSN~1\AppData\Local\Temp\ccVBu9ff.ltrans3.ltrans.o
                0x00004400                Cy_Em_EEPROM_Init
 .text.CapSense_IntClock_Start
                0x00004498       0x1c C:\Users\JEFFSN~1\AppData\Local\Temp\ccVBu9ff.ltrans3.ltrans.o
                0x00004498                CapSense_IntClock_Start
 .text.CapSense_AMuxCH0_Init
                0x000044b4        0x8 C:\Users\JEFFSN~1\AppData\Local\Temp\ccVBu9ff.ltrans3.ltrans.o
                0x000044b4                CapSense_AMuxCH0_Init
 .text.CapSense_IdacCH0_SetValue
                0x000044bc        0xc C:\Users\JEFFSN~1\AppData\Local\Temp\ccVBu9ff.ltrans3.ltrans.o
                0x000044bc                CapSense_IdacCH0_SetValue
 .text.CapSense_PostScanCh0
                0x000044c8       0x64 C:\Users\JEFFSN~1\AppData\Local\Temp\ccVBu9ff.ltrans3.ltrans.o
 .text.CapSense_IdacCH0_SetRange
                0x0000452c       0x20 C:\Users\JEFFSN~1\AppData\Local\Temp\ccVBu9ff.ltrans3.ltrans.o
                0x0000452c                CapSense_IdacCH0_SetRange
 .text.CapSense_IdacCH0_SetPolarity
                0x0000454c       0x20 C:\Users\JEFFSN~1\AppData\Local\Temp\ccVBu9ff.ltrans3.ltrans.o
                0x0000454c                CapSense_IdacCH0_SetPolarity
 .text.CapSense_IdacCH0_Enable
                0x0000456c       0x1c C:\Users\JEFFSN~1\AppData\Local\Temp\ccVBu9ff.ltrans3.ltrans.o
                0x0000456c                CapSense_IdacCH0_Enable
 .text.CapSense_IdacCH0_Init
                0x00004588       0x2c C:\Users\JEFFSN~1\AppData\Local\Temp\ccVBu9ff.ltrans3.ltrans.o
                0x00004588                CapSense_IdacCH0_Init
 .text.CapSense_CompCH0_Enable
                0x000045b4       0x1c C:\Users\JEFFSN~1\AppData\Local\Temp\ccVBu9ff.ltrans3.ltrans.o
                0x000045b4                CapSense_CompCH0_Enable
 .text.CapSense_CompCH0_Init
                0x000045d0       0x3c C:\Users\JEFFSN~1\AppData\Local\Temp\ccVBu9ff.ltrans3.ltrans.o
                0x000045d0                CapSense_CompCH0_Init
 .text.CapSense_CheckIsAnyWidgetActive
                0x0000460c       0x20 C:\Users\JEFFSN~1\AppData\Local\Temp\ccVBu9ff.ltrans3.ltrans.o
                0x0000460c                CapSense_CheckIsAnyWidgetActive
 .text.CapSense_UpdateEnabledBaselines
                0x0000462c       0x24 C:\Users\JEFFSN~1\AppData\Local\Temp\ccVBu9ff.ltrans3.ltrans.o
                0x0000462c                CapSense_UpdateEnabledBaselines
 .text.CapSense_SetPrescaler
                0x00004650       0x10 C:\Users\JEFFSN~1\AppData\Local\Temp\ccVBu9ff.ltrans3.ltrans.o
                0x00004650                CapSense_SetPrescaler
 .text.CapSense_PreScan
                0x00004660       0x60 C:\Users\JEFFSN~1\AppData\Local\Temp\ccVBu9ff.ltrans3.ltrans.o
                0x00004660                CapSense_PreScan
 .text.CapSense_IsrCH1_ISR
                0x000046c0       0x84 C:\Users\JEFFSN~1\AppData\Local\Temp\ccVBu9ff.ltrans3.ltrans.o
                0x000046c0                CapSense_IsrCH1_ISR
 .text.CapSense_IsrCH0_ISR
                0x00004744       0x80 C:\Users\JEFFSN~1\AppData\Local\Temp\ccVBu9ff.ltrans3.ltrans.o
                0x00004744                CapSense_IsrCH0_ISR
 .text.CapSense_ClearSensors
                0x000047c4       0x18 C:\Users\JEFFSN~1\AppData\Local\Temp\ccVBu9ff.ltrans3.ltrans.o
                0x000047c4                CapSense_ClearSensors
 .text.CapSense_IsBusy
                0x000047dc       0x10 C:\Users\JEFFSN~1\AppData\Local\Temp\ccVBu9ff.ltrans3.ltrans.o
                0x000047dc                CapSense_IsBusy
 .text.CapSense_InitializeSensorBaseline
                0x000047ec       0x28 C:\Users\JEFFSN~1\AppData\Local\Temp\ccVBu9ff.ltrans3.ltrans.o
 .text.CapSense_InitializeAllBaselines
                0x00004814       0x18 C:\Users\JEFFSN~1\AppData\Local\Temp\ccVBu9ff.ltrans3.ltrans.o
                0x00004814                CapSense_InitializeAllBaselines
 .text.CapSense_ScanEnabledWidgets
                0x0000482c       0x4c C:\Users\JEFFSN~1\AppData\Local\Temp\ccVBu9ff.ltrans3.ltrans.o
                0x0000482c                CapSense_ScanEnabledWidgets
 .text.USB_HandleVendorRqst
                0x00004878       0x18 C:\Users\JEFFSN~1\AppData\Local\Temp\ccVBu9ff.ltrans4.ltrans.o
 .text.USB_GetDeviceTablePtr
                0x00004890       0x10 C:\Users\JEFFSN~1\AppData\Local\Temp\ccVBu9ff.ltrans4.ltrans.o
 .text.USB_GetConfigTablePtr
                0x000048a0       0x20 C:\Users\JEFFSN~1\AppData\Local\Temp\ccVBu9ff.ltrans4.ltrans.o
 .text.USB_ValidateAlternateSetting
                0x000048c0       0x44 C:\Users\JEFFSN~1\AppData\Local\Temp\ccVBu9ff.ltrans4.ltrans.o
 .text.USB_GetInterfaceClassTablePtr
                0x00004904       0x28 C:\Users\JEFFSN~1\AppData\Local\Temp\ccVBu9ff.ltrans4.ltrans.o
 .text.USB_ConfigAltChanged
                0x0000492c      0x138 C:\Users\JEFFSN~1\AppData\Local\Temp\ccVBu9ff.ltrans4.ltrans.o
 .text.USB_ConfigReg
                0x00004a64       0xb8 C:\Users\JEFFSN~1\AppData\Local\Temp\ccVBu9ff.ltrans4.ltrans.o
 .text.USB_Config
                0x00004b1c      0x1b0 C:\Users\JEFFSN~1\AppData\Local\Temp\ccVBu9ff.ltrans4.ltrans.o
 .text.USB_SOF_ISR
                0x00004ccc        0x4 C:\Users\JEFFSN~1\AppData\Local\Temp\ccVBu9ff.ltrans4.ltrans.o
                0x00004ccc                USB_SOF_ISR
 .text.USB_InitializeStatusBlock
                0x00004cd0       0x1c C:\Users\JEFFSN~1\AppData\Local\Temp\ccVBu9ff.ltrans4.ltrans.o
 .text.USB_UpdateStatusBlock
                0x00004cec       0x1c C:\Users\JEFFSN~1\AppData\Local\Temp\ccVBu9ff.ltrans4.ltrans.o
 .text.USB_NoDataControlStatusStage
                0x00004d08       0x38 C:\Users\JEFFSN~1\AppData\Local\Temp\ccVBu9ff.ltrans4.ltrans.o
 .text.USB_InitNoDataControlTransfer
                0x00004d40       0x1c C:\Users\JEFFSN~1\AppData\Local\Temp\ccVBu9ff.ltrans4.ltrans.o
 .text.USB_ClearEndpointHalt
                0x00004d5c       0xac C:\Users\JEFFSN~1\AppData\Local\Temp\ccVBu9ff.ltrans4.ltrans.o
 .text.USB_SetEndpointHalt
                0x00004e08       0x64 C:\Users\JEFFSN~1\AppData\Local\Temp\ccVBu9ff.ltrans4.ltrans.o
 .text.USB_ControlWriteStatusStage
                0x00004e6c       0x18 C:\Users\JEFFSN~1\AppData\Local\Temp\ccVBu9ff.ltrans4.ltrans.o
 .text.USB_ControlWriteDataStage
                0x00004e84       0x70 C:\Users\JEFFSN~1\AppData\Local\Temp\ccVBu9ff.ltrans4.ltrans.o
 .text.USB_ControlReadStatusStage
                0x00004ef4       0x28 C:\Users\JEFFSN~1\AppData\Local\Temp\ccVBu9ff.ltrans4.ltrans.o
 .text.USB_InitZeroLengthControlTransfer
                0x00004f1c       0x20 C:\Users\JEFFSN~1\AppData\Local\Temp\ccVBu9ff.ltrans4.ltrans.o
 .text.USB_LoadEP0
                0x00004f3c       0x80 C:\Users\JEFFSN~1\AppData\Local\Temp\ccVBu9ff.ltrans4.ltrans.o
 .text.USB_ControlReadDataStage
                0x00004fbc        0x8 C:\Users\JEFFSN~1\AppData\Local\Temp\ccVBu9ff.ltrans4.ltrans.o
 .text.USB_InitControlRead
                0x00004fc4       0x44 C:\Users\JEFFSN~1\AppData\Local\Temp\ccVBu9ff.ltrans4.ltrans.o
 .text.USB_HandleOUT
                0x00005008       0x34 C:\Users\JEFFSN~1\AppData\Local\Temp\ccVBu9ff.ltrans4.ltrans.o
 .text.USB_HandleIN
                0x0000503c       0x2c C:\Users\JEFFSN~1\AppData\Local\Temp\ccVBu9ff.ltrans4.ltrans.o
 .text.USB_MIDI_IN_EP_Service
                0x00005068       0x30 C:\Users\JEFFSN~1\AppData\Local\Temp\ccVBu9ff.ltrans4.ltrans.o
 .text.USB_ReadDieID
                0x00005098       0x6c C:\Users\JEFFSN~1\AppData\Local\Temp\ccVBu9ff.ltrans4.ltrans.o
 .text.USB_HandleStandardRqst
                0x00005104      0x328 C:\Users\JEFFSN~1\AppData\Local\Temp\ccVBu9ff.ltrans4.ltrans.o
 .text.USB_HandleSetup
                0x0000542c       0x5c C:\Users\JEFFSN~1\AppData\Local\Temp\ccVBu9ff.ltrans4.ltrans.o
 .text.USB_EP_0_ISR
                0x00005488       0xb0 C:\Users\JEFFSN~1\AppData\Local\Temp\ccVBu9ff.ltrans4.ltrans.o
                0x00005488                USB_EP_0_ISR
 .text.USB_DP_ISR
                0x00005538        0x8 C:\Users\JEFFSN~1\AppData\Local\Temp\ccVBu9ff.ltrans4.ltrans.o
                0x00005538                USB_DP_ISR
 .text.USB_ARB_ISR
                0x00005540       0xbc C:\Users\JEFFSN~1\AppData\Local\Temp\ccVBu9ff.ltrans4.ltrans.o
                0x00005540                USB_ARB_ISR
 .text.USB_EP_DMA_DONE_ISR
                0x000055fc       0x88 C:\Users\JEFFSN~1\AppData\Local\Temp\ccVBu9ff.ltrans4.ltrans.o
                0x000055fc                USB_EP_DMA_DONE_ISR
 .text.USB_BUS_RESET_ISR
                0x00005684        0x8 C:\Users\JEFFSN~1\AppData\Local\Temp\ccVBu9ff.ltrans4.ltrans.o
                0x00005684                USB_BUS_RESET_ISR
 .text.USB_PutUsbMidiIn
                0x0000568c       0xf4 C:\Users\JEFFSN~1\AppData\Local\Temp\ccVBu9ff.ltrans4.ltrans.o
                0x0000568c                USB_PutUsbMidiIn
 .text.USB_MIDI_IN_Service
                0x00005780        0x8 C:\Users\JEFFSN~1\AppData\Local\Temp\ccVBu9ff.ltrans4.ltrans.o
                0x00005780                USB_MIDI_IN_Service
 .text.USB_VBusPresent
                0x00005788       0x10 C:\Users\JEFFSN~1\AppData\Local\Temp\ccVBu9ff.ltrans4.ltrans.o
                0x00005788                USB_VBusPresent
 .text.USB_SetPowerStatus
                0x00005798       0x20 C:\Users\JEFFSN~1\AppData\Local\Temp\ccVBu9ff.ltrans4.ltrans.o
                0x00005798                USB_SetPowerStatus
 .text.USB_EnableOutEP
                0x000057b8       0x2c C:\Users\JEFFSN~1\AppData\Local\Temp\ccVBu9ff.ltrans4.ltrans.o
                0x000057b8                USB_EnableOutEP
 .text.USB_MIDI_OUT_Service
                0x000057e4       0x54 C:\Users\JEFFSN~1\AppData\Local\Temp\ccVBu9ff.ltrans4.ltrans.o
                0x000057e4                USB_MIDI_OUT_Service
 .text.USB_EP_2_ISR
                0x00005838       0x48 C:\Users\JEFFSN~1\AppData\Local\Temp\ccVBu9ff.ltrans4.ltrans.o
                0x00005838                USB_EP_2_ISR
 .text.USB_EP_1_ISR
                0x00005880       0x44 C:\Users\JEFFSN~1\AppData\Local\Temp\ccVBu9ff.ltrans4.ltrans.o
                0x00005880                USB_EP_1_ISR
 .text.USB_ReadOutEP
                0x000058c4       0x84 C:\Users\JEFFSN~1\AppData\Local\Temp\ccVBu9ff.ltrans4.ltrans.o
                0x000058c4                USB_ReadOutEP
 .text.USB_MIDI_Init
                0x00005948       0x34 C:\Users\JEFFSN~1\AppData\Local\Temp\ccVBu9ff.ltrans4.ltrans.o
                0x00005948                USB_MIDI_Init
 .text.GFXinit  0x0000597c       0x2c C:\Users\JEFFSN~1\AppData\Local\Temp\ccVBu9ff.ltrans5.ltrans.o
 .text.OLEDclear
                0x000059a8       0x20 C:\Users\JEFFSN~1\AppData\Local\Temp\ccVBu9ff.ltrans5.ltrans.o
 .text.GFXdrawPixel
                0x000059c8       0xf8 C:\Users\JEFFSN~1\AppData\Local\Temp\ccVBu9ff.ltrans5.ltrans.o
 .text.OLEDwriteString
                0x00005ac0       0x5c C:\Users\JEFFSN~1\AppData\Local\Temp\ccVBu9ff.ltrans5.ltrans.o
 .text.OLEDwriteInt
                0x00005b1c       0x24 C:\Users\JEFFSN~1\AppData\Local\Temp\ccVBu9ff.ltrans5.ltrans.o
 .text.I2C_MasterWriteBlocking
                0x00005b40       0x7c C:\Users\JEFFSN~1\AppData\Local\Temp\ccVBu9ff.ltrans5.ltrans.o
 .text.ssd1306_command
                0x00005bbc       0x1c C:\Users\JEFFSN~1\AppData\Local\Temp\ccVBu9ff.ltrans5.ltrans.o
 .text.ssd1306_move_raw
                0x00005bd8       0x3c C:\Users\JEFFSN~1\AppData\Local\Temp\ccVBu9ff.ltrans5.ltrans.o
 .text.ssd1306_home
                0x00005c14        0xc C:\Users\JEFFSN~1\AppData\Local\Temp\ccVBu9ff.ltrans5.ltrans.o
 .text.ssd1306_display_full_buffer
                0x00005c20       0x84 C:\Users\JEFFSN~1\AppData\Local\Temp\ccVBu9ff.ltrans5.ltrans.o
 .text.OLED_draw
                0x00005ca4        0x8 C:\Users\JEFFSN~1\AppData\Local\Temp\ccVBu9ff.ltrans5.ltrans.o
 .text.OLED_writeCalibrationScreen
                0x00005cac       0x3c C:\Users\JEFFSN~1\AppData\Local\Temp\ccVBu9ff.ltrans5.ltrans.o
 .text.OLED_writeTuning
                0x00005ce8       0x8c C:\Users\JEFFSN~1\AppData\Local\Temp\ccVBu9ff.ltrans5.ltrans.o
 .text.sendCurrentTuningNumber
                0x00005d74       0x18 C:\Users\JEFFSN~1\AppData\Local\Temp\ccVBu9ff.ltrans5.ltrans.o
 .text.ssd1306_begin
                0x00005d8c       0xbc C:\Users\JEFFSN~1\AppData\Local\Temp\ccVBu9ff.ltrans5.ltrans.o
 .text.GFXwriteFillRect
                0x00005e48       0x18 C:\Users\JEFFSN~1\AppData\Local\Temp\ccVBu9ff.ltrans5.ltrans.o
                0x00005e48                GFXwriteFillRect
 .text.GFXwriteFastVLine
                0x00005e60       0x14 C:\Users\JEFFSN~1\AppData\Local\Temp\ccVBu9ff.ltrans5.ltrans.o
                0x00005e60                GFXwriteFastVLine
 .text.GFXwritePixel
                0x00005e74        0x8 C:\Users\JEFFSN~1\AppData\Local\Temp\ccVBu9ff.ltrans5.ltrans.o
                0x00005e74                GFXwritePixel
 .text.GFXwriteLine
                0x00005e7c      0x100 C:\Users\JEFFSN~1\AppData\Local\Temp\ccVBu9ff.ltrans5.ltrans.o
                0x00005e7c                GFXwriteLine
 .text.OLED_writePreset
                0x00005f7c       0x7c C:\Users\JEFFSN~1\AppData\Local\Temp\ccVBu9ff.ltrans5.ltrans.o
                0x00005f7c                OLED_writePreset
 .text.OLED_init
                0x00005ff8       0x64 C:\Users\JEFFSN~1\AppData\Local\Temp\ccVBu9ff.ltrans5.ltrans.o
                0x00005ff8                OLED_init
 .text.sendCurrentPresetNumber
                0x0000605c       0x18 C:\Users\JEFFSN~1\AppData\Local\Temp\ccVBu9ff.ltrans5.ltrans.o
                0x0000605c                sendCurrentPresetNumber
 .text.scanButtons
                0x00006074      0x2c4 C:\Users\JEFFSN~1\AppData\Local\Temp\ccVBu9ff.ltrans5.ltrans.o
                0x00006074                scanButtons
 .text.handleNotes
                0x00006338      0x134 C:\Users\JEFFSN~1\AppData\Local\Temp\ccVBu9ff.ltrans5.ltrans.o
                0x00006338                handleNotes
 .text.I2C_MasterReadBlocking
                0x0000646c       0x20 C:\Users\JEFFSN~1\AppData\Local\Temp\ccVBu9ff.ltrans5.ltrans.o
                0x0000646c                I2C_MasterReadBlocking
 .text.DmaRxConfiguration
                0x0000648c       0x9c C:\Users\JEFFSN~1\AppData\Local\Temp\ccVBu9ff.ltrans5.ltrans.o
                0x0000648c                DmaRxConfiguration
 .text.DmaTxConfiguration
                0x00006528       0x9c C:\Users\JEFFSN~1\AppData\Local\Temp\ccVBu9ff.ltrans5.ltrans.o
                0x00006528                DmaTxConfiguration
 .text.scanLinearResistor
                0x000065c4       0xc8 C:\Users\JEFFSN~1\AppData\Local\Temp\ccVBu9ff.ltrans5.ltrans.o
                0x000065c4                scanLinearResistor
 .text.sendMIDIControlChange
                0x0000668c       0x8c C:\Users\JEFFSN~1\AppData\Local\Temp\ccVBu9ff.ltrans5.ltrans.o
                0x0000668c                sendMIDIControlChange
 .text.sendMIDIPitchBend
                0x00006718       0x94 C:\Users\JEFFSN~1\AppData\Local\Temp\ccVBu9ff.ltrans5.ltrans.o
                0x00006718                sendMIDIPitchBend
 .text.CyClockStartupError
                0x000067ac        0x4 C:\Users\JEFFSN~1\AppData\Local\Temp\ccVBu9ff.ltrans6.ltrans.o
 .text.GFXcheckScrollWrap
                0x000067b0       0x64 C:\Users\JEFFSN~1\AppData\Local\Temp\ccVBu9ff.ltrans6.ltrans.o
 .text.CapSense_Enable
                0x00006814       0x94 C:\Users\JEFFSN~1\AppData\Local\Temp\ccVBu9ff.ltrans6.ltrans.o
 .text.IntDefaultHandler
                0x000068a8       0x10 C:\Users\JEFFSN~1\AppData\Local\Temp\ccVBu9ff.ltrans6.ltrans.o
 .text.AnalogSetDefault
                0x000068b8       0xc0 C:\Users\JEFFSN~1\AppData\Local\Temp\ccVBu9ff.ltrans6.ltrans.o
 .text.CYCONFIGCPY
                0x00006978        0x8 C:\Users\JEFFSN~1\AppData\Local\Temp\ccVBu9ff.ltrans6.ltrans.o
 .text.ClockSetup
                0x00006980      0x10c C:\Users\JEFFSN~1\AppData\Local\Temp\ccVBu9ff.ltrans6.ltrans.o
 .text.CYMEMZERO
                0x00006a8c        0xc C:\Users\JEFFSN~1\AppData\Local\Temp\ccVBu9ff.ltrans6.ltrans.o
 .text.cyfitter_cfg
                0x00006a98      0x1d0 C:\Users\JEFFSN~1\AppData\Local\Temp\ccVBu9ff.ltrans6.ltrans.o
 .text.GFXdrawChar
                0x00006c68      0x23c C:\Users\JEFFSN~1\AppData\Local\Temp\ccVBu9ff.ltrans6.ltrans.o
 .text.CapSense_ScanSensor
                0x00006ea4       0x70 C:\Users\JEFFSN~1\AppData\Local\Temp\ccVBu9ff.ltrans6.ltrans.o
                0x00006ea4                CapSense_ScanSensor
 .text.CapSense_SetScanSlotSettings
                0x00006f14       0x5c C:\Users\JEFFSN~1\AppData\Local\Temp\ccVBu9ff.ltrans6.ltrans.o
                0x00006f14                CapSense_SetScanSlotSettings
 .text.CapSense_FindNextPair
                0x00006f70       0x78 C:\Users\JEFFSN~1\AppData\Local\Temp\ccVBu9ff.ltrans6.ltrans.o
                0x00006f70                CapSense_FindNextPair
 .text.initialize_psoc
                0x00006fe8       0x64 C:\Users\JEFFSN~1\AppData\Local\Temp\ccVBu9ff.ltrans6.ltrans.o
 .text._sbrk    0x0000704c       0x30 C:\Users\JEFFSN~1\AppData\Local\Temp\ccVBu9ff.ltrans6.ltrans.o
                0x0000704c                _sbrk
 .text.CapSense_AMuxCH1_Unset
                0x0000707c       0x24 C:\Users\JEFFSN~1\AppData\Local\Temp\ccVBu9ff.ltrans6.ltrans.o
                0x0000707c                CapSense_AMuxCH1_Unset
 .text.CapSense_AMuxCH1_Set
                0x000070a0       0x20 C:\Users\JEFFSN~1\AppData\Local\Temp\ccVBu9ff.ltrans6.ltrans.o
                0x000070a0                CapSense_AMuxCH1_Set
 .text.CapSense_AMuxCH0_Unset
                0x000070c0       0x24 C:\Users\JEFFSN~1\AppData\Local\Temp\ccVBu9ff.ltrans6.ltrans.o
                0x000070c0                CapSense_AMuxCH0_Unset
 .text.CapSense_AMuxCH0_Set
                0x000070e4       0x20 C:\Users\JEFFSN~1\AppData\Local\Temp\ccVBu9ff.ltrans6.ltrans.o
                0x000070e4                CapSense_AMuxCH0_Set
 .text.CapSense_Init
                0x00007104      0x138 C:\Users\JEFFSN~1\AppData\Local\Temp\ccVBu9ff.ltrans6.ltrans.o
 .text.CapSense_Start
                0x0000723c       0x1c C:\Users\JEFFSN~1\AppData\Local\Temp\ccVBu9ff.ltrans6.ltrans.o
                0x0000723c                CapSense_Start
 .text.AMux_1_CYAMUXSIDE_B_Unset
                0x00007258       0x44 C:\Users\JEFFSN~1\AppData\Local\Temp\ccVBu9ff.ltrans6.ltrans.o
                0x00007258                AMux_1_CYAMUXSIDE_B_Unset
 .text.AMux_1_CYAMUXSIDE_B_Set
                0x0000729c       0x40 C:\Users\JEFFSN~1\AppData\Local\Temp\ccVBu9ff.ltrans6.ltrans.o
                0x0000729c                AMux_1_CYAMUXSIDE_B_Set
 .text.AMux_1_CYAMUXSIDE_A_Unset
                0x000072dc       0x60 C:\Users\JEFFSN~1\AppData\Local\Temp\ccVBu9ff.ltrans6.ltrans.o
                0x000072dc                AMux_1_CYAMUXSIDE_A_Unset
 .text.AMux_1_CYAMUXSIDE_A_Set
                0x0000733c       0x60 C:\Users\JEFFSN~1\AppData\Local\Temp\ccVBu9ff.ltrans6.ltrans.o
                0x0000733c                AMux_1_CYAMUXSIDE_A_Set
 .text.OLEDparseInt
                0x0000739c       0x3c C:\Users\JEFFSN~1\AppData\Local\Temp\ccVBu9ff.ltrans6.ltrans.o
                0x0000739c                OLEDparseInt
 .text.GFXsetFont
                0x000073d8       0x60 C:\Users\JEFFSN~1\AppData\Local\Temp\ccVBu9ff.ltrans6.ltrans.o
                0x000073d8                GFXsetFont
 .text.GFXgetRotation
                0x00007438        0x4 C:\Users\JEFFSN~1\AppData\Local\Temp\ccVBu9ff.ltrans6.ltrans.o
                0x00007438                GFXgetRotation
 .text.GFXsetTextColor
                0x0000743c        0x8 C:\Users\JEFFSN~1\AppData\Local\Temp\ccVBu9ff.ltrans6.ltrans.o
                0x0000743c                GFXsetTextColor
 .text.GFXsetTextSize
                0x00007444        0xc C:\Users\JEFFSN~1\AppData\Local\Temp\ccVBu9ff.ltrans6.ltrans.o
                0x00007444                GFXsetTextSize
 .text.GFXsetCursor
                0x00007450        0x8 C:\Users\JEFFSN~1\AppData\Local\Temp\ccVBu9ff.ltrans6.ltrans.o
                0x00007450                GFXsetCursor
 .text.GFXwrite
                0x00007458       0xd0 C:\Users\JEFFSN~1\AppData\Local\Temp\ccVBu9ff.ltrans6.ltrans.o
                0x00007458                GFXwrite
 .text.GFXfillRect
                0x00007528       0x38 C:\Users\JEFFSN~1\AppData\Local\Temp\ccVBu9ff.ltrans6.ltrans.o
                0x00007528                GFXfillRect
 .text.GFXdrawFastVLine
                0x00007560       0x1c C:\Users\JEFFSN~1\AppData\Local\Temp\ccVBu9ff.ltrans6.ltrans.o
                0x00007560                GFXdrawFastVLine
 .text.Start_c  0x0000757c       0x4c C:\Users\JEFFSN~1\AppData\Local\Temp\ccVBu9ff.ltrans6.ltrans.o
 .text.USB_DispatchAUDIOClassRqst
                0x000075c8       0x40 C:\Users\JEFFSN~1\AppData\Local\Temp\ccVBu9ff.ltrans7.ltrans.o
 .text.USB_EP_DMA_Done_isr_Disable
                0x00007608        0xc C:\Users\JEFFSN~1\AppData\Local\Temp\ccVBu9ff.ltrans7.ltrans.o
 .text.USB_EP_DMA_Done_isr_Enable
                0x00007614        0xc C:\Users\JEFFSN~1\AppData\Local\Temp\ccVBu9ff.ltrans7.ltrans.o
 .text.USB_EP_DMA_Done_isr_SetPriority
                0x00007620       0x10 C:\Users\JEFFSN~1\AppData\Local\Temp\ccVBu9ff.ltrans7.ltrans.o
 .text.USB_EP_DMA_Done_isr_SetVector
                0x00007630        0xc C:\Users\JEFFSN~1\AppData\Local\Temp\ccVBu9ff.ltrans7.ltrans.o
 .text.CapSense_IdacCH1_DacTrim
                0x0000763c       0x34 C:\Users\JEFFSN~1\AppData\Local\Temp\ccVBu9ff.ltrans7.ltrans.o
 .text.CapSense_IdacCH1_SetSpeed
                0x00007670       0x1c C:\Users\JEFFSN~1\AppData\Local\Temp\ccVBu9ff.ltrans7.ltrans.o
 .text.CapSense_CompCH1_SetSpeed
                0x0000768c       0x58 C:\Users\JEFFSN~1\AppData\Local\Temp\ccVBu9ff.ltrans7.ltrans.o
 .text.IDAC8_1_DacTrim
                0x000076e4       0x34 C:\Users\JEFFSN~1\AppData\Local\Temp\ccVBu9ff.ltrans7.ltrans.o
 .text.IDAC8_1_SetValue
                0x00007718        0xc C:\Users\JEFFSN~1\AppData\Local\Temp\ccVBu9ff.ltrans7.ltrans.o
 .text.IDAC8_1_SetSpeed
                0x00007724       0x1c C:\Users\JEFFSN~1\AppData\Local\Temp\ccVBu9ff.ltrans7.ltrans.o
 .text.IDAC8_1_Enable
                0x00007740       0x1c C:\Users\JEFFSN~1\AppData\Local\Temp\ccVBu9ff.ltrans7.ltrans.o
 .text.IDAC8_1_Init
                0x0000775c       0x24 C:\Users\JEFFSN~1\AppData\Local\Temp\ccVBu9ff.ltrans7.ltrans.o
 .text.my_Vbus_ISR_Disable
                0x00007780       0x10 C:\Users\JEFFSN~1\AppData\Local\Temp\ccVBu9ff.ltrans7.ltrans.o
 .text.my_Vbus_ISR_Enable
                0x00007790       0x10 C:\Users\JEFFSN~1\AppData\Local\Temp\ccVBu9ff.ltrans7.ltrans.o
 .text.my_Vbus_ISR_SetPriority
                0x000077a0       0x10 C:\Users\JEFFSN~1\AppData\Local\Temp\ccVBu9ff.ltrans7.ltrans.o
 .text.my_Vbus_ISR_SetVector
                0x000077b0        0xc C:\Users\JEFFSN~1\AppData\Local\Temp\ccVBu9ff.ltrans7.ltrans.o
 .text.CapSense_AMuxCH1_DisconnectAll
                0x000077bc       0x18 C:\Users\JEFFSN~1\AppData\Local\Temp\ccVBu9ff.ltrans7.ltrans.o
 .text.EEPROM_Enable
                0x000077d4        0xc C:\Users\JEFFSN~1\AppData\Local\Temp\ccVBu9ff.ltrans7.ltrans.o
 .text.USB_DispatchClassRqst
                0x000077e0       0x5c C:\Users\JEFFSN~1\AppData\Local\Temp\ccVBu9ff.ltrans7.ltrans.o
                0x000077e0                USB_DispatchClassRqst
 .text.LED_1_Write
                0x0000783c       0x18 C:\Users\JEFFSN~1\AppData\Local\Temp\ccVBu9ff.ltrans7.ltrans.o
                0x0000783c                LED_1_Write
 .text.fretted_mom_Read
                0x00007854       0x10 C:\Users\JEFFSN~1\AppData\Local\Temp\ccVBu9ff.ltrans7.ltrans.o
                0x00007854                fretted_mom_Read
 .text.SPI_ready_Read
                0x00007864       0x10 C:\Users\JEFFSN~1\AppData\Local\Temp\ccVBu9ff.ltrans7.ltrans.o
                0x00007864                SPI_ready_Read
 .text.USB_EP8_DMA_Done_SR_InterruptEnable
                0x00007874       0x1c C:\Users\JEFFSN~1\AppData\Local\Temp\ccVBu9ff.ltrans7.ltrans.o
                0x00007874                USB_EP8_DMA_Done_SR_InterruptEnable
 .text.USB_EP8_DMA_Done_SR_Read
                0x00007890        0xc C:\Users\JEFFSN~1\AppData\Local\Temp\ccVBu9ff.ltrans7.ltrans.o
                0x00007890                USB_EP8_DMA_Done_SR_Read
 .text.USB_EP_DMA_Done_isr_StartEx
                0x0000789c       0x1c C:\Users\JEFFSN~1\AppData\Local\Temp\ccVBu9ff.ltrans7.ltrans.o
                0x0000789c                USB_EP_DMA_Done_isr_StartEx
 .text.USB_ep1_DmaInitialize
                0x000078b8       0x3c C:\Users\JEFFSN~1\AppData\Local\Temp\ccVBu9ff.ltrans7.ltrans.o
                0x000078b8                USB_ep1_DmaInitialize
 .text.USB_ep2_DmaInitialize
                0x000078f4       0x3c C:\Users\JEFFSN~1\AppData\Local\Temp\ccVBu9ff.ltrans7.ltrans.o
                0x000078f4                USB_ep2_DmaInitialize
 .text.USB_EP17_DMA_Done_SR_InterruptEnable
                0x00007930       0x1c C:\Users\JEFFSN~1\AppData\Local\Temp\ccVBu9ff.ltrans7.ltrans.o
                0x00007930                USB_EP17_DMA_Done_SR_InterruptEnable
 .text.USB_EP17_DMA_Done_SR_Read
                0x0000794c        0xc C:\Users\JEFFSN~1\AppData\Local\Temp\ccVBu9ff.ltrans7.ltrans.o
                0x0000794c                USB_EP17_DMA_Done_SR_Read
 .text.DMA_2_TX_DmaInitialize
                0x00007958       0x3c C:\Users\JEFFSN~1\AppData\Local\Temp\ccVBu9ff.ltrans7.ltrans.o
                0x00007958                DMA_2_TX_DmaInitialize
 .text.DMA_2_RX_DmaInitialize
                0x00007994       0x3c C:\Users\JEFFSN~1\AppData\Local\Temp\ccVBu9ff.ltrans7.ltrans.o
                0x00007994                DMA_2_RX_DmaInitialize
 .text.CV_pedal_sense_Read
                0x000079d0       0x10 C:\Users\JEFFSN~1\AppData\Local\Temp\ccVBu9ff.ltrans7.ltrans.o
                0x000079d0                CV_pedal_sense_Read
 .text.fretted_latching_Read
                0x000079e0       0x10 C:\Users\JEFFSN~1\AppData\Local\Temp\ccVBu9ff.ltrans7.ltrans.o
                0x000079e0                fretted_latching_Read
 .text.blue_LED_Write
                0x000079f0       0x18 C:\Users\JEFFSN~1\AppData\Local\Temp\ccVBu9ff.ltrans7.ltrans.o
                0x000079f0                blue_LED_Write
 .text.CapSense_AMuxCH1_Init
                0x00007a08        0x8 C:\Users\JEFFSN~1\AppData\Local\Temp\ccVBu9ff.ltrans7.ltrans.o
                0x00007a08                CapSense_AMuxCH1_Init
 .text.CapSense_IdacCH1_SetValue
                0x00007a10        0xc C:\Users\JEFFSN~1\AppData\Local\Temp\ccVBu9ff.ltrans7.ltrans.o
                0x00007a10                CapSense_IdacCH1_SetValue
 .text.CapSense_IdacCH1_SetRange
                0x00007a1c       0x20 C:\Users\JEFFSN~1\AppData\Local\Temp\ccVBu9ff.ltrans7.ltrans.o
                0x00007a1c                CapSense_IdacCH1_SetRange
 .text.CapSense_IdacCH1_SetPolarity
                0x00007a3c       0x20 C:\Users\JEFFSN~1\AppData\Local\Temp\ccVBu9ff.ltrans7.ltrans.o
                0x00007a3c                CapSense_IdacCH1_SetPolarity
 .text.CapSense_IdacCH1_Enable
                0x00007a5c       0x1c C:\Users\JEFFSN~1\AppData\Local\Temp\ccVBu9ff.ltrans7.ltrans.o
                0x00007a5c                CapSense_IdacCH1_Enable
 .text.CapSense_IdacCH1_Init
                0x00007a78       0x2c C:\Users\JEFFSN~1\AppData\Local\Temp\ccVBu9ff.ltrans7.ltrans.o
                0x00007a78                CapSense_IdacCH1_Init
 .text.CapSense_CompCH1_Enable
                0x00007aa4       0x1c C:\Users\JEFFSN~1\AppData\Local\Temp\ccVBu9ff.ltrans7.ltrans.o
                0x00007aa4                CapSense_CompCH1_Enable
 .text.CapSense_CompCH1_Init
                0x00007ac0       0x3c C:\Users\JEFFSN~1\AppData\Local\Temp\ccVBu9ff.ltrans7.ltrans.o
                0x00007ac0                CapSense_CompCH1_Init
 .text.IDAC8_1_Start
                0x00007afc       0x28 C:\Users\JEFFSN~1\AppData\Local\Temp\ccVBu9ff.ltrans7.ltrans.o
                0x00007afc                IDAC8_1_Start
 .text.USB_Dp_ClearInterrupt
                0x00007b24       0x10 C:\Users\JEFFSN~1\AppData\Local\Temp\ccVBu9ff.ltrans7.ltrans.o
                0x00007b24                USB_Dp_ClearInterrupt
 .text.Em_EEPROM_Init
                0x00007b34       0x2c C:\Users\JEFFSN~1\AppData\Local\Temp\ccVBu9ff.ltrans7.ltrans.o
                0x00007b34                Em_EEPROM_Init
 .text.my_Vbus_ISR_ClearPending
                0x00007b60       0x10 C:\Users\JEFFSN~1\AppData\Local\Temp\ccVBu9ff.ltrans7.ltrans.o
                0x00007b60                my_Vbus_ISR_ClearPending
 .text.my_Vbus_ISR_StartEx
                0x00007b70       0x1c C:\Users\JEFFSN~1\AppData\Local\Temp\ccVBu9ff.ltrans7.ltrans.o
                0x00007b70                my_Vbus_ISR_StartEx
 .text.vBusPin_ClearInterrupt
                0x00007b8c        0xc C:\Users\JEFFSN~1\AppData\Local\Temp\ccVBu9ff.ltrans7.ltrans.o
                0x00007b8c                vBusPin_ClearInterrupt
 .text.EEPROM_ReadByte
                0x00007b98       0x28 C:\Users\JEFFSN~1\AppData\Local\Temp\ccVBu9ff.ltrans7.ltrans.o
                0x00007b98                EEPROM_ReadByte
 .text.EEPROM_WriteByte
                0x00007bc0       0xd4 C:\Users\JEFFSN~1\AppData\Local\Temp\ccVBu9ff.ltrans7.ltrans.o
                0x00007bc0                EEPROM_WriteByte
 .text.EEPROM_Start
                0x00007c94        0x8 C:\Users\JEFFSN~1\AppData\Local\Temp\ccVBu9ff.ltrans7.ltrans.o
                0x00007c94                EEPROM_Start
 .text.USB_PrepareInBuffer
                0x00007c9c      0x2ac C:\Users\JEFFSN~1\AppData\Local\Temp\ccVBu9ff.ltrans7.ltrans.o
                0x00007c9c                USB_PrepareInBuffer
 .text          0x00007f48       0x20 .\ARM_GCC_541\Debug\CE210514_PSOC3_5_Thermistor.a(CyBootAsmGnu.o)
                0x00007f48                CyDelayCycles
                0x00007f58                CyEnterCriticalSection
                0x00007f60                CyExitCriticalSection
 .text.__errno  0x00007f68        0xc c:/program files (x86)/cypress/psoc creator/4.4/psoc creator/import/gnu/arm/5.4.1/bin/../lib/gcc/arm-none-eabi/5.4.1/../../../../arm-none-eabi/lib/armv7-m\libg_nano.a(lib_a-errno.o)
                0x00007f68                __errno
 .text.__libc_init_array
                0x00007f74       0x4c c:/program files (x86)/cypress/psoc creator/4.4/psoc creator/import/gnu/arm/5.4.1/bin/../lib/gcc/arm-none-eabi/5.4.1/../../../../arm-none-eabi/lib/armv7-m\libg_nano.a(lib_a-init.o)
                0x00007f74                __libc_init_array
 .text.memset   0x00007fc0       0x10 c:/program files (x86)/cypress/psoc creator/4.4/psoc creator/import/gnu/arm/5.4.1/bin/../lib/gcc/arm-none-eabi/5.4.1/../../../../arm-none-eabi/lib/armv7-m\libg_nano.a(lib_a-memset.o)
                0x00007fc0                memset
 .text.__cvt    0x00007fd0       0xc0 c:/program files (x86)/cypress/psoc creator/4.4/psoc creator/import/gnu/arm/5.4.1/bin/../lib/gcc/arm-none-eabi/5.4.1/../../../../arm-none-eabi/lib/armv7-m\libg_nano.a(lib_a-nano-vfprintf_float.o)
                0x00007fd0                __cvt
 .text.__exponent
                0x00008090       0x62 c:/program files (x86)/cypress/psoc creator/4.4/psoc creator/import/gnu/arm/5.4.1/bin/../lib/gcc/arm-none-eabi/5.4.1/../../../../arm-none-eabi/lib/armv7-m\libg_nano.a(lib_a-nano-vfprintf_float.o)
                0x00008090                __exponent
 *fill*         0x000080f2        0x2 
 .text._printf_float
                0x000080f4      0x488 c:/program files (x86)/cypress/psoc creator/4.4/psoc creator/import/gnu/arm/5.4.1/bin/../lib/gcc/arm-none-eabi/5.4.1/../../../../arm-none-eabi/lib/armv7-m\libg_nano.a(lib_a-nano-vfprintf_float.o)
                0x000080f4                _printf_float
 .text._printf_common
                0x0000857c       0xec c:/program files (x86)/cypress/psoc creator/4.4/psoc creator/import/gnu/arm/5.4.1/bin/../lib/gcc/arm-none-eabi/5.4.1/../../../../arm-none-eabi/lib/armv7-m\libg_nano.a(lib_a-nano-vfprintf_i.o)
                0x0000857c                _printf_common
 .text          0x00008668       0x10 c:/program files (x86)/cypress/psoc creator/4.4/psoc creator/import/gnu/arm/5.4.1/bin/../lib/gcc/arm-none-eabi/5.4.1/../../../../arm-none-eabi/lib/armv7-m\libg_nano.a(lib_a-strlen.o)
                0x00008668                strlen
 .text.quorem   0x00008678      0x116 c:/program files (x86)/cypress/psoc creator/4.4/psoc creator/import/gnu/arm/5.4.1/bin/../lib/gcc/arm-none-eabi/5.4.1/../../../../arm-none-eabi/lib/armv7-m\libg_nano.a(lib_a-dtoa.o)
 *fill*         0x0000878e        0x2 
 .text._dtoa_r  0x00008790      0xb30 c:/program files (x86)/cypress/psoc creator/4.4/psoc creator/import/gnu/arm/5.4.1/bin/../lib/gcc/arm-none-eabi/5.4.1/../../../../arm-none-eabi/lib/armv7-m\libg_nano.a(lib_a-dtoa.o)
                0x00008790                _dtoa_r
 .text._localeconv_r
                0x000092c0        0x8 c:/program files (x86)/cypress/psoc creator/4.4/psoc creator/import/gnu/arm/5.4.1/bin/../lib/gcc/arm-none-eabi/5.4.1/../../../../arm-none-eabi/lib/armv7-m\libg_nano.a(lib_a-locale.o)
                0x000092c0                _localeconv_r
 .text.malloc   0x000092c8       0x10 c:/program files (x86)/cypress/psoc creator/4.4/psoc creator/import/gnu/arm/5.4.1/bin/../lib/gcc/arm-none-eabi/5.4.1/../../../../arm-none-eabi/lib/armv7-m\libg_nano.a(lib_a-malloc.o)
                0x000092c8                malloc
 .text.memcpy   0x000092d8       0x16 c:/program files (x86)/cypress/psoc creator/4.4/psoc creator/import/gnu/arm/5.4.1/bin/../lib/gcc/arm-none-eabi/5.4.1/../../../../arm-none-eabi/lib/armv7-m\libg_nano.a(lib_a-memcpy-stub.o)
                0x000092d8                memcpy
 .text._Balloc  0x000092ee       0x6a c:/program files (x86)/cypress/psoc creator/4.4/psoc creator/import/gnu/arm/5.4.1/bin/../lib/gcc/arm-none-eabi/5.4.1/../../../../arm-none-eabi/lib/armv7-m\libg_nano.a(lib_a-mprec.o)
                0x000092ee                _Balloc
 .text._Bfree   0x00009358       0x2e c:/program files (x86)/cypress/psoc creator/4.4/psoc creator/import/gnu/arm/5.4.1/bin/../lib/gcc/arm-none-eabi/5.4.1/../../../../arm-none-eabi/lib/armv7-m\libg_nano.a(lib_a-mprec.o)
                0x00009358                _Bfree
 .text.__multadd
                0x00009386       0x76 c:/program files (x86)/cypress/psoc creator/4.4/psoc creator/import/gnu/arm/5.4.1/bin/../lib/gcc/arm-none-eabi/5.4.1/../../../../arm-none-eabi/lib/armv7-m\libg_nano.a(lib_a-mprec.o)
                0x00009386                __multadd
 .text.__hi0bits
                0x000093fc       0x40 c:/program files (x86)/cypress/psoc creator/4.4/psoc creator/import/gnu/arm/5.4.1/bin/../lib/gcc/arm-none-eabi/5.4.1/../../../../arm-none-eabi/lib/armv7-m\libg_nano.a(lib_a-mprec.o)
                0x000093fc                __hi0bits
 .text.__lo0bits
                0x0000943c       0x5a c:/program files (x86)/cypress/psoc creator/4.4/psoc creator/import/gnu/arm/5.4.1/bin/../lib/gcc/arm-none-eabi/5.4.1/../../../../arm-none-eabi/lib/armv7-m\libg_nano.a(lib_a-mprec.o)
                0x0000943c                __lo0bits
 .text.__i2b    0x00009496       0x12 c:/program files (x86)/cypress/psoc creator/4.4/psoc creator/import/gnu/arm/5.4.1/bin/../lib/gcc/arm-none-eabi/5.4.1/../../../../arm-none-eabi/lib/armv7-m\libg_nano.a(lib_a-mprec.o)
                0x00009496                __i2b
 .text.__multiply
                0x000094a8      0x120 c:/program files (x86)/cypress/psoc creator/4.4/psoc creator/import/gnu/arm/5.4.1/bin/../lib/gcc/arm-none-eabi/5.4.1/../../../../arm-none-eabi/lib/armv7-m\libg_nano.a(lib_a-mprec.o)
                0x000094a8                __multiply
 .text.__pow5mult
                0x000095c8       0x9c c:/program files (x86)/cypress/psoc creator/4.4/psoc creator/import/gnu/arm/5.4.1/bin/../lib/gcc/arm-none-eabi/5.4.1/../../../../arm-none-eabi/lib/armv7-m\libg_nano.a(lib_a-mprec.o)
                0x000095c8                __pow5mult
 .text.__lshift
                0x00009664       0xa2 c:/program files (x86)/cypress/psoc creator/4.4/psoc creator/import/gnu/arm/5.4.1/bin/../lib/gcc/arm-none-eabi/5.4.1/../../../../arm-none-eabi/lib/armv7-m\libg_nano.a(lib_a-mprec.o)
                0x00009664                __lshift
 .text.__mcmp   0x00009706       0x38 c:/program files (x86)/cypress/psoc creator/4.4/psoc creator/import/gnu/arm/5.4.1/bin/../lib/gcc/arm-none-eabi/5.4.1/../../../../arm-none-eabi/lib/armv7-m\libg_nano.a(lib_a-mprec.o)
                0x00009706                __mcmp
 .text.__mdiff  0x0000973e       0xbe c:/program files (x86)/cypress/psoc creator/4.4/psoc creator/import/gnu/arm/5.4.1/bin/../lib/gcc/arm-none-eabi/5.4.1/../../../../arm-none-eabi/lib/armv7-m\libg_nano.a(lib_a-mprec.o)
                0x0000973e                __mdiff
 .text.__d2b    0x000097fc       0x9c c:/program files (x86)/cypress/psoc creator/4.4/psoc creator/import/gnu/arm/5.4.1/bin/../lib/gcc/arm-none-eabi/5.4.1/../../../../arm-none-eabi/lib/armv7-m\libg_nano.a(lib_a-mprec.o)
                0x000097fc                __d2b
 .text._calloc_r
                0x00009898       0x1c c:/program files (x86)/cypress/psoc creator/4.4/psoc creator/import/gnu/arm/5.4.1/bin/../lib/gcc/arm-none-eabi/5.4.1/../../../../arm-none-eabi/lib/armv7-m\libg_nano.a(lib_a-nano-callocr.o)
                0x00009898                _calloc_r
 .text._malloc_r
                0x000098b4       0xbc c:/program files (x86)/cypress/psoc creator/4.4/psoc creator/import/gnu/arm/5.4.1/bin/../lib/gcc/arm-none-eabi/5.4.1/../../../../arm-none-eabi/lib/armv7-m\libg_nano.a(lib_a-nano-mallocr.o)
                0x000098b4                _malloc_r
 .text._sbrk_r  0x00009970       0x20 c:/program files (x86)/cypress/psoc creator/4.4/psoc creator/import/gnu/arm/5.4.1/bin/../lib/gcc/arm-none-eabi/5.4.1/../../../../arm-none-eabi/lib/armv7-m\libg_nano.a(lib_a-sbrkr.o)
                0x00009970                _sbrk_r
 .text.__malloc_lock
                0x00009990        0x2 c:/program files (x86)/cypress/psoc creator/4.4/psoc creator/import/gnu/arm/5.4.1/bin/../lib/gcc/arm-none-eabi/5.4.1/../../../../arm-none-eabi/lib/armv7-m\libg_nano.a(lib_a-mlock.o)
                0x00009990                __malloc_lock
 .text.__malloc_unlock
                0x00009992        0x2 c:/program files (x86)/cypress/psoc creator/4.4/psoc creator/import/gnu/arm/5.4.1/bin/../lib/gcc/arm-none-eabi/5.4.1/../../../../arm-none-eabi/lib/armv7-m\libg_nano.a(lib_a-mlock.o)
                0x00009992                __malloc_unlock
 .text          0x00009994      0x370 c:/program files (x86)/cypress/psoc creator/4.4/psoc creator/import/gnu/arm/5.4.1/bin/../lib/gcc/arm-none-eabi/5.4.1/armv7-m\libgcc.a(_arm_addsubdf3.o)
                0x00009994                __aeabi_drsub
                0x0000999c                __aeabi_dsub
                0x0000999c                __subdf3
                0x000099a0                __aeabi_dadd
                0x000099a0                __adddf3
                0x00009c18                __floatunsidf
                0x00009c18                __aeabi_ui2d
                0x00009c38                __floatsidf
                0x00009c38                __aeabi_i2d
                0x00009c5c                __aeabi_f2d
                0x00009c5c                __extendsfdf2
                0x00009c98                __floatundidf
                0x00009c98                __aeabi_ul2d
                0x00009ca8                __floatdidf
                0x00009ca8                __aeabi_l2d
 .text          0x00009d04      0x424 c:/program files (x86)/cypress/psoc creator/4.4/psoc creator/import/gnu/arm/5.4.1/bin/../lib/gcc/arm-none-eabi/5.4.1/armv7-m\libgcc.a(_arm_muldivdf3.o)
                0x00009d04                __aeabi_dmul
                0x00009d04                __muldf3
                0x00009f58                __divdf3
                0x00009f58                __aeabi_ddiv
 .text          0x0000a128      0x110 c:/program files (x86)/cypress/psoc creator/4.4/psoc creator/import/gnu/arm/5.4.1/bin/../lib/gcc/arm-none-eabi/5.4.1/armv7-m\libgcc.a(_arm_cmpdf2.o)
                0x0000a128                __gtdf2
                0x0000a128                __gedf2
                0x0000a130                __ltdf2
                0x0000a130                __ledf2
                0x0000a138                __nedf2
                0x0000a138                __eqdf2
                0x0000a138                __cmpdf2
                0x0000a1b4                __aeabi_cdrcmple
                0x0000a1c4                __aeabi_cdcmpeq
                0x0000a1c4                __aeabi_cdcmple
                0x0000a1d4                __aeabi_dcmpeq
                0x0000a1e8                __aeabi_dcmplt
                0x0000a1fc                __aeabi_dcmple
                0x0000a210                __aeabi_dcmpge
                0x0000a224                __aeabi_dcmpgt
 .text          0x0000a238       0x2c c:/program files (x86)/cypress/psoc creator/4.4/psoc creator/import/gnu/arm/5.4.1/bin/../lib/gcc/arm-none-eabi/5.4.1/armv7-m\libgcc.a(_arm_unorddf2.o)
                0x0000a238                __unorddf2
                0x0000a238                __aeabi_dcmpun
 .text          0x0000a264       0x50 c:/program files (x86)/cypress/psoc creator/4.4/psoc creator/import/gnu/arm/5.4.1/bin/../lib/gcc/arm-none-eabi/5.4.1/armv7-m\libgcc.a(_arm_fixdfsi.o)
                0x0000a264                __aeabi_d2iz
                0x0000a264                __fixdfsi
 .text.roundf   0x0000a2b4       0x48 c:/program files (x86)/cypress/psoc creator/4.4/psoc creator/import/gnu/arm/5.4.1/bin/../lib/gcc/arm-none-eabi/5.4.1/../../../../arm-none-eabi/lib/armv7-m\libm.a(lib_a-sf_round.o)
                0x0000a2b4                roundf
 .text.expf     0x0000a2fc       0xe4 c:/program files (x86)/cypress/psoc creator/4.4/psoc creator/import/gnu/arm/5.4.1/bin/../lib/gcc/arm-none-eabi/5.4.1/../../../../arm-none-eabi/lib/armv7-m\libm.a(lib_a-wf_exp.o)
                0x0000a2fc                expf
 .text.logf     0x0000a3e0       0xe8 c:/program files (x86)/cypress/psoc creator/4.4/psoc creator/import/gnu/arm/5.4.1/bin/../lib/gcc/arm-none-eabi/5.4.1/../../../../arm-none-eabi/lib/armv7-m\libm.a(lib_a-wf_log.o)
                0x0000a3e0                logf
 .text.powf     0x0000a4c8      0x2fc c:/program files (x86)/cypress/psoc creator/4.4/psoc creator/import/gnu/arm/5.4.1/bin/../lib/gcc/arm-none-eabi/5.4.1/../../../../arm-none-eabi/lib/armv7-m\libm.a(lib_a-wf_pow.o)
                0x0000a4c8                powf
 .text.sqrtf    0x0000a7c4       0x9c c:/program files (x86)/cypress/psoc creator/4.4/psoc creator/import/gnu/arm/5.4.1/bin/../lib/gcc/arm-none-eabi/5.4.1/../../../../arm-none-eabi/lib/armv7-m\libm.a(lib_a-wf_sqrt.o)
                0x0000a7c4                sqrtf
 .text.__ieee754_expf
                0x0000a860      0x1fc c:/program files (x86)/cypress/psoc creator/4.4/psoc creator/import/gnu/arm/5.4.1/bin/../lib/gcc/arm-none-eabi/5.4.1/../../../../arm-none-eabi/lib/armv7-m\libm.a(lib_a-ef_exp.o)
                0x0000a860                __ieee754_expf
 .text.__ieee754_logf
                0x0000aa5c      0x284 c:/program files (x86)/cypress/psoc creator/4.4/psoc creator/import/gnu/arm/5.4.1/bin/../lib/gcc/arm-none-eabi/5.4.1/../../../../arm-none-eabi/lib/armv7-m\libm.a(lib_a-ef_log.o)
                0x0000aa5c                __ieee754_logf
 .text.__ieee754_powf
                0x0000ace0      0x70c c:/program files (x86)/cypress/psoc creator/4.4/psoc creator/import/gnu/arm/5.4.1/bin/../lib/gcc/arm-none-eabi/5.4.1/../../../../arm-none-eabi/lib/armv7-m\libm.a(lib_a-ef_pow.o)
                0x0000ace0                __ieee754_powf
 .text.__ieee754_sqrtf
                0x0000b3ec       0xa8 c:/program files (x86)/cypress/psoc creator/4.4/psoc creator/import/gnu/arm/5.4.1/bin/../lib/gcc/arm-none-eabi/5.4.1/../../../../arm-none-eabi/lib/armv7-m\libm.a(lib_a-ef_sqrt.o)
                0x0000b3ec                __ieee754_sqrtf
 .text.matherr  0x0000b494        0x4 c:/program files (x86)/cypress/psoc creator/4.4/psoc creator/import/gnu/arm/5.4.1/bin/../lib/gcc/arm-none-eabi/5.4.1/../../../../arm-none-eabi/lib/armv7-m\libm.a(lib_a-s_matherr.o)
                0x0000b494                matherr
 .text.nan      0x0000b498        0xc c:/program files (x86)/cypress/psoc creator/4.4/psoc creator/import/gnu/arm/5.4.1/bin/../lib/gcc/arm-none-eabi/5.4.1/../../../../arm-none-eabi/lib/armv7-m\libm.a(lib_a-s_nan.o)
                0x0000b498                nan
 .text.rint     0x0000b4a4      0x120 c:/program files (x86)/cypress/psoc creator/4.4/psoc creator/import/gnu/arm/5.4.1/bin/../lib/gcc/arm-none-eabi/5.4.1/../../../../arm-none-eabi/lib/armv7-m\libm.a(lib_a-s_rint.o)
                0x0000b4a4                rint
 .text.fabsf    0x0000b5c4        0x8 c:/program files (x86)/cypress/psoc creator/4.4/psoc creator/import/gnu/arm/5.4.1/bin/../lib/gcc/arm-none-eabi/5.4.1/../../../../arm-none-eabi/lib/armv7-m\libm.a(lib_a-sf_fabs.o)
                0x0000b5c4                fabsf
 .text.finitef  0x0000b5cc       0x10 c:/program files (x86)/cypress/psoc creator/4.4/psoc creator/import/gnu/arm/5.4.1/bin/../lib/gcc/arm-none-eabi/5.4.1/../../../../arm-none-eabi/lib/armv7-m\libm.a(lib_a-sf_finite.o)
                0x0000b5cc                finitef
 .text.nanf     0x0000b5dc        0x8 c:/program files (x86)/cypress/psoc creator/4.4/psoc creator/import/gnu/arm/5.4.1/bin/../lib/gcc/arm-none-eabi/5.4.1/../../../../arm-none-eabi/lib/armv7-m\libm.a(lib_a-sf_nan.o)
                0x0000b5dc                nanf
 .text.scalbnf  0x0000b5e4       0xb0 c:/program files (x86)/cypress/psoc creator/4.4/psoc creator/import/gnu/arm/5.4.1/bin/../lib/gcc/arm-none-eabi/5.4.1/../../../../arm-none-eabi/lib/armv7-m\libm.a(lib_a-sf_scalbn.o)
                0x0000b5e4                scalbnf
 .text.copysignf
                0x0000b694        0xc c:/program files (x86)/cypress/psoc creator/4.4/psoc creator/import/gnu/arm/5.4.1/bin/../lib/gcc/arm-none-eabi/5.4.1/../../../../arm-none-eabi/lib/armv7-m\libm.a(lib_a-sf_copysign.o)
                0x0000b694                copysignf
 .text          0x0000b6a0       0xa0 c:/program files (x86)/cypress/psoc creator/4.4/psoc creator/import/gnu/arm/5.4.1/bin/../lib/gcc/arm-none-eabi/5.4.1/armv7-m\libgcc.a(_arm_truncdfsf2.o)
                0x0000b6a0                __truncdfsf2
                0x0000b6a0                __aeabi_d2f
 .text          0x0000b740      0x21c c:/program files (x86)/cypress/psoc creator/4.4/psoc creator/import/gnu/arm/5.4.1/bin/../lib/gcc/arm-none-eabi/5.4.1/armv7-m\libgcc.a(_arm_addsubsf3.o)
                0x0000b740                __aeabi_frsub
                0x0000b748                __subsf3
                0x0000b748                __aeabi_fsub
                0x0000b74c                __aeabi_fadd
                0x0000b74c                __addsf3
                0x0000b8ac                __aeabi_ui2f
                0x0000b8ac                __floatunsisf
                0x0000b8b4                __aeabi_i2f
                0x0000b8b4                __floatsisf
                0x0000b8d0                __aeabi_ul2f
                0x0000b8d0                __floatundisf
                0x0000b8e0                __aeabi_l2f
                0x0000b8e0                __floatdisf
 .text          0x0000b95c      0x2a0 c:/program files (x86)/cypress/psoc creator/4.4/psoc creator/import/gnu/arm/5.4.1/bin/../lib/gcc/arm-none-eabi/5.4.1/armv7-m\libgcc.a(_arm_muldivsf3.o)
                0x0000b95c                __mulsf3
                0x0000b95c                __aeabi_fmul
                0x0000bac4                __aeabi_fdiv
                0x0000bac4                __divsf3
 .text          0x0000bbfc       0xec c:/program files (x86)/cypress/psoc creator/4.4/psoc creator/import/gnu/arm/5.4.1/bin/../lib/gcc/arm-none-eabi/5.4.1/armv7-m\libgcc.a(_arm_cmpsf2.o)
                0x0000bbfc                __gesf2
                0x0000bbfc                __gtsf2
                0x0000bc04                __lesf2
                0x0000bc04                __ltsf2
                0x0000bc0c                __nesf2
                0x0000bc0c                __eqsf2
                0x0000bc0c                __cmpsf2
                0x0000bc6c                __aeabi_cfrcmple
                0x0000bc74                __aeabi_cfcmpeq
                0x0000bc74                __aeabi_cfcmple
                0x0000bc84                __aeabi_fcmpeq
                0x0000bc98                __aeabi_fcmplt
                0x0000bcac                __aeabi_fcmple
                0x0000bcc0                __aeabi_fcmpge
                0x0000bcd4                __aeabi_fcmpgt
 .text          0x0000bce8       0x2c c:/program files (x86)/cypress/psoc creator/4.4/psoc creator/import/gnu/arm/5.4.1/bin/../lib/gcc/arm-none-eabi/5.4.1/armv7-m\libgcc.a(_arm_unordsf2.o)
                0x0000bce8                __unordsf2
                0x0000bce8                __aeabi_fcmpun
 .text          0x0000bd14       0x4c c:/program files (x86)/cypress/psoc creator/4.4/psoc creator/import/gnu/arm/5.4.1/bin/../lib/gcc/arm-none-eabi/5.4.1/armv7-m\libgcc.a(_arm_fixsfsi.o)
                0x0000bd14                __aeabi_f2iz
                0x0000bd14                __fixsfsi
 .text          0x0000bd60       0x40 c:/program files (x86)/cypress/psoc creator/4.4/psoc creator/import/gnu/arm/5.4.1/bin/../lib/gcc/arm-none-eabi/5.4.1/armv7-m\libgcc.a(_arm_fixunssfsi.o)
                0x0000bd60                __fixunssfsi
                0x0000bd60                __aeabi_f2uiz
 *(.plt)
 *(.gnu.warning)
 *(.glue_7t)
 .glue_7t       0x0000bda0        0x0 linker stubs
 *(.glue_7)
 .glue_7        0x0000bda0        0x0 linker stubs
 *(.vfp11_veneer)
 .vfp11_veneer  0x0000bda0        0x0 linker stubs
 *(.bootloader)
 *(.ARM.extab* .gnu.linkonce.armextab.*)
 *(.gcc_except_table)

.v4_bx          0x0000bda0        0x0
 .v4_bx         0x0000bda0        0x0 linker stubs

.iplt           0x0000bda0        0x0
 .iplt          0x0000bda0        0x0 c:/program files (x86)/cypress/psoc creator/4.4/psoc creator/import/gnu/arm/5.4.1/bin/../lib/gcc/arm-none-eabi/5.4.1/armv7-m/crtbegin.o

.eh_frame_hdr
 *(.eh_frame_hdr)

.eh_frame       0x0000bda0        0x4
 *(.eh_frame)
 .eh_frame      0x0000bda0        0x0 c:/program files (x86)/cypress/psoc creator/4.4/psoc creator/import/gnu/arm/5.4.1/bin/../lib/gcc/arm-none-eabi/5.4.1/armv7-m/crtbegin.o
 .eh_frame      0x0000bda0        0x4 c:/program files (x86)/cypress/psoc creator/4.4/psoc creator/import/gnu/arm/5.4.1/bin/../lib/gcc/arm-none-eabi/5.4.1/armv7-m/crtend.o
                [!provide]                PROVIDE (__exidx_start, .)

.ARM.exidx
 *(.ARM.exidx* .gnu.linkonce.armexidx.*)
                0x0000bda4                __exidx_end = .

.rodata         0x0000be00     0x3090
 *(.rodata .rodata.* .gnu.linkonce.r.*)
 .rodata        0x0000be00      0x400 C:\Users\JEFFSN~1\AppData\Local\Temp\ccVBu9ff.ltrans0.ltrans.o
 .rodata        0x0000c200        0x9 C:\Users\JEFFSN~1\AppData\Local\Temp\ccVBu9ff.ltrans2.ltrans.o
 *fill*         0x0000c209        0x3 
 .rodata        0x0000c20c       0xa1 C:\Users\JEFFSN~1\AppData\Local\Temp\ccVBu9ff.ltrans3.ltrans.o
                0x0000c20c                CapSense_widgetNumber
                0x0000c2ac                CapSense_sensorEnableMask
 *fill*         0x0000c2ad        0x3 
 .rodata        0x0000c2b0      0x192 C:\Users\JEFFSN~1\AppData\Local\Temp\ccVBu9ff.ltrans4.ltrans.o
 *fill*         0x0000c442        0x2 
 .rodata.str1.4
                0x0000c444       0x11 C:\Users\JEFFSN~1\AppData\Local\Temp\ccVBu9ff.ltrans4.ltrans.o
 *fill*         0x0000c455        0x3 
 .rodata        0x0000c458     0x24a0 C:\Users\JEFFSN~1\AppData\Local\Temp\ccVBu9ff.ltrans5.ltrans.o
                0x0000e8f0                fretboard_fretless
                0x0000e8f4                polyMode
 .rodata.str1.4
                0x0000e8f8        0xe C:\Users\JEFFSN~1\AppData\Local\Temp\ccVBu9ff.ltrans5.ltrans.o
 *fill*         0x0000e906        0x2 
 .rodata        0x0000e908      0x3da C:\Users\JEFFSN~1\AppData\Local\Temp\ccVBu9ff.ltrans6.ltrans.o
 .rodata.str1.1
                0x0000ece2        0x2 c:/program files (x86)/cypress/psoc creator/4.4/psoc creator/import/gnu/arm/5.4.1/bin/../lib/gcc/arm-none-eabi/5.4.1/../../../../arm-none-eabi/lib/armv7-m\libg_nano.a(lib_a-impure.o)
 .rodata.str1.1
                0x0000ece4       0x12 c:/program files (x86)/cypress/psoc creator/4.4/psoc creator/import/gnu/arm/5.4.1/bin/../lib/gcc/arm-none-eabi/5.4.1/../../../../arm-none-eabi/lib/armv7-m\libg_nano.a(lib_a-nano-vfprintf_float.o)
 .rodata.str1.1
                0x0000ecf6        0xd c:/program files (x86)/cypress/psoc creator/4.4/psoc creator/import/gnu/arm/5.4.1/bin/../lib/gcc/arm-none-eabi/5.4.1/../../../../arm-none-eabi/lib/armv7-m\libg_nano.a(lib_a-dtoa.o)
                                  0xf (size before relaxing)
 .rodata.str1.1
                0x0000ed03        0x8 c:/program files (x86)/cypress/psoc creator/4.4/psoc creator/import/gnu/arm/5.4.1/bin/../lib/gcc/arm-none-eabi/5.4.1/../../../../arm-none-eabi/lib/armv7-m\libg_nano.a(lib_a-locale.o)
                                  0xb (size before relaxing)
 *fill*         0x0000ed0b        0x5 
 .rodata.__mprec_tens
                0x0000ed10       0xc8 c:/program files (x86)/cypress/psoc creator/4.4/psoc creator/import/gnu/arm/5.4.1/bin/../lib/gcc/arm-none-eabi/5.4.1/../../../../arm-none-eabi/lib/armv7-m\libg_nano.a(lib_a-mprec.o)
                0x0000ed10                __mprec_tens
 .rodata.p05.5408
                0x0000edd8        0xc c:/program files (x86)/cypress/psoc creator/4.4/psoc creator/import/gnu/arm/5.4.1/bin/../lib/gcc/arm-none-eabi/5.4.1/../../../../arm-none-eabi/lib/armv7-m\libg_nano.a(lib_a-mprec.o)
 *fill*         0x0000ede4        0x4 
 .rodata.__mprec_bigtens
                0x0000ede8       0x28 c:/program files (x86)/cypress/psoc creator/4.4/psoc creator/import/gnu/arm/5.4.1/bin/../lib/gcc/arm-none-eabi/5.4.1/../../../../arm-none-eabi/lib/armv7-m\libg_nano.a(lib_a-mprec.o)
                0x0000ede8                __mprec_bigtens
 .rodata.str1.4
                0x0000ee10        0x5 c:/program files (x86)/cypress/psoc creator/4.4/psoc creator/import/gnu/arm/5.4.1/bin/../lib/gcc/arm-none-eabi/5.4.1/../../../../arm-none-eabi/lib/armv7-m\libm.a(lib_a-wf_exp.o)
 *fill*         0x0000ee15        0x3 
 .rodata.str1.4
                0x0000ee18        0x5 c:/program files (x86)/cypress/psoc creator/4.4/psoc creator/import/gnu/arm/5.4.1/bin/../lib/gcc/arm-none-eabi/5.4.1/../../../../arm-none-eabi/lib/armv7-m\libm.a(lib_a-wf_log.o)
                                  0x9 (size before relaxing)
 *fill*         0x0000ee1d        0x3 
 .rodata.str1.4
                0x0000ee20        0x5 c:/program files (x86)/cypress/psoc creator/4.4/psoc creator/import/gnu/arm/5.4.1/bin/../lib/gcc/arm-none-eabi/5.4.1/../../../../arm-none-eabi/lib/armv7-m\libm.a(lib_a-wf_pow.o)
 *fill*         0x0000ee25        0x3 
 .rodata.str1.4
                0x0000ee28        0x8 c:/program files (x86)/cypress/psoc creator/4.4/psoc creator/import/gnu/arm/5.4.1/bin/../lib/gcc/arm-none-eabi/5.4.1/../../../../arm-none-eabi/lib/armv7-m\libm.a(lib_a-wf_sqrt.o)
                                  0x6 (size before relaxing)
 .rodata.halF   0x0000ee30        0x8 c:/program files (x86)/cypress/psoc creator/4.4/psoc creator/import/gnu/arm/5.4.1/bin/../lib/gcc/arm-none-eabi/5.4.1/../../../../arm-none-eabi/lib/armv7-m\libm.a(lib_a-ef_exp.o)
 .rodata.ln2LO  0x0000ee38        0x8 c:/program files (x86)/cypress/psoc creator/4.4/psoc creator/import/gnu/arm/5.4.1/bin/../lib/gcc/arm-none-eabi/5.4.1/../../../../arm-none-eabi/lib/armv7-m\libm.a(lib_a-ef_exp.o)
 .rodata.ln2HI  0x0000ee40        0x8 c:/program files (x86)/cypress/psoc creator/4.4/psoc creator/import/gnu/arm/5.4.1/bin/../lib/gcc/arm-none-eabi/5.4.1/../../../../arm-none-eabi/lib/armv7-m\libm.a(lib_a-ef_exp.o)
 .rodata.str1.4
                0x0000ee48        0x1 c:/program files (x86)/cypress/psoc creator/4.4/psoc creator/import/gnu/arm/5.4.1/bin/../lib/gcc/arm-none-eabi/5.4.1/../../../../arm-none-eabi/lib/armv7-m\libm.a(lib_a-ef_pow.o)
 .rodata.TWO52  0x0000ee48       0x10 c:/program files (x86)/cypress/psoc creator/4.4/psoc creator/import/gnu/arm/5.4.1/bin/../lib/gcc/arm-none-eabi/5.4.1/../../../../arm-none-eabi/lib/armv7-m\libm.a(lib_a-s_rint.o)
                0x0000ee58                . = ALIGN (0x4)
 *(.init)
 .init          0x0000ee58        0x4 c:/program files (x86)/cypress/psoc creator/4.4/psoc creator/import/gnu/arm/5.4.1/bin/../lib/gcc/arm-none-eabi/5.4.1/armv7-m/crti.o
                0x0000ee58                _init
 .init          0x0000ee5c        0x8 c:/program files (x86)/cypress/psoc creator/4.4/psoc creator/import/gnu/arm/5.4.1/bin/../lib/gcc/arm-none-eabi/5.4.1/armv7-m/crtn.o
                0x0000ee64                . = ALIGN (0x4)
                0x0000ee64                __preinit_array_start = .
 *(.preinit_array)
                0x0000ee64                __preinit_array_end = .
                0x0000ee64                . = ALIGN (0x4)
                0x0000ee64                __init_array_start = .
 *(SORT(.init_array.*))
 *(.init_array)
 .init_array    0x0000ee64        0x4 c:/program files (x86)/cypress/psoc creator/4.4/psoc creator/import/gnu/arm/5.4.1/bin/../lib/gcc/arm-none-eabi/5.4.1/armv7-m/crtbegin.o
 .init_array    0x0000ee68        0x4 C:\Users\JEFFSN~1\AppData\Local\Temp\ccVBu9ff.ltrans6.ltrans.o
                0x0000ee6c                __init_array_end = .
                0x0000ee6c                . = ALIGN (0x4)
 *(.fini)
 .fini          0x0000ee6c        0x4 c:/program files (x86)/cypress/psoc creator/4.4/psoc creator/import/gnu/arm/5.4.1/bin/../lib/gcc/arm-none-eabi/5.4.1/armv7-m/crti.o
                0x0000ee6c                _fini
 .fini          0x0000ee70        0x8 c:/program files (x86)/cypress/psoc creator/4.4/psoc creator/import/gnu/arm/5.4.1/bin/../lib/gcc/arm-none-eabi/5.4.1/armv7-m/crtn.o
                0x0000ee78                . = ALIGN (0x4)
                0x0000ee78                __fini_array_start = .
 *(.fini_array)
 .fini_array    0x0000ee78        0x4 c:/program files (x86)/cypress/psoc creator/4.4/psoc creator/import/gnu/arm/5.4.1/bin/../lib/gcc/arm-none-eabi/5.4.1/armv7-m/crtbegin.o
 *(SORT(.fini_array.*))
                0x0000ee7c                __fini_array_end = .
                0x0000ee7c                . = ALIGN (0x4)
 *crtbegin.o(.ctors)
 *(EXCLUDE_FILE(*crtend.o) .ctors)
 *(SORT(.ctors.*))
 *crtend.o(.ctors)
                0x0000ee7c                . = ALIGN (0x4)
 *crtbegin.o(.dtors)
 *(EXCLUDE_FILE(*crtend.o) .dtors)
 *(SORT(.dtors.*))
 *crtend.o(.dtors)
                0x0000ee7c                . = ALIGN (0x4)
                0x0000ee7c                __cy_regions = .
                0x0000ee7c        0x4 LONG 0xee90 __cy_region_init_ram
                0x0000ee80        0x4 LONG 0x1fff80c0 __cy_region_start_data
                0x0000ee84        0x4 LONG 0x128 __cy_region_init_size_ram
                0x0000ee88        0x4 LONG 0x2308 __cy_region_zero_size_ram
                0x0000ee8c                __cy_regions_end = .
                0x0000ee90                . = ALIGN (0x8)
 *fill*         0x0000ee8c        0x4 
                0x0000ee90                _etext = .

.cy_checksum_exclude
                0x0000ee90        0x0
 *(.cy_checksum_exclude)

.ramvectors     0x1fff8000       0xc0
                0x1fff8000                __cy_region_start_ram = .
 *(.ramvectors)
 .ramvectors    0x1fff8000       0xc0 C:\Users\JEFFSN~1\AppData\Local\Temp\ccVBu9ff.ltrans6.ltrans.o
                0x1fff8000                CyRamVectors

.noinit
 *(.noinit)

.data           0x1fff80c0      0x128 load address 0x0000ee90
                0x1fff80c0                __cy_region_start_data = .
 *(.jcr)
 .jcr           0x1fff80c0        0x0 c:/program files (x86)/cypress/psoc creator/4.4/psoc creator/import/gnu/arm/5.4.1/bin/../lib/gcc/arm-none-eabi/5.4.1/armv7-m/crtbegin.o
 .jcr           0x1fff80c0        0x4 c:/program files (x86)/cypress/psoc creator/4.4/psoc creator/import/gnu/arm/5.4.1/bin/../lib/gcc/arm-none-eabi/5.4.1/armv7-m/crtend.o
 *(.got.plt)
 *(.got)
 *(.shdata)
 *(.data .data.* .gnu.linkonce.d.*)
 .data          0x1fff80c4       0x20 C:\Users\JEFFSN~1\AppData\Local\Temp\ccVBu9ff.ltrans0.ltrans.o
 .data          0x1fff80e4        0x4 C:\Users\JEFFSN~1\AppData\Local\Temp\ccVBu9ff.ltrans1.ltrans.o
                0x1fff80e6                CyDmaTdFreeIndex.lto_priv.0
                0x1fff80e7                CyDmaTdCurrentNumber.lto_priv.1
 .data          0x1fff80e8        0xe C:\Users\JEFFSN~1\AppData\Local\Temp\ccVBu9ff.ltrans2.ltrans.o
 *fill*         0x1fff80f6        0x2 
 .data          0x1fff80f8       0x44 C:\Users\JEFFSN~1\AppData\Local\Temp\ccVBu9ff.ltrans5.ltrans.o
                0x1fff80f8                frettedState
                0x1fff80fc                fretMeasurements
 .data          0x1fff813c        0x4 C:\Users\JEFFSN~1\AppData\Local\Temp\ccVBu9ff.ltrans6.ltrans.o
 .data          0x1fff8140        0x4 C:\Users\JEFFSN~1\AppData\Local\Temp\ccVBu9ff.ltrans7.ltrans.o
 .data.impure_data
                0x1fff8144       0x60 c:/program files (x86)/cypress/psoc creator/4.4/psoc creator/import/gnu/arm/5.4.1/bin/../lib/gcc/arm-none-eabi/5.4.1/../../../../arm-none-eabi/lib/armv7-m\libg_nano.a(lib_a-impure.o)
 .data._impure_ptr
                0x1fff81a4        0x4 c:/program files (x86)/cypress/psoc creator/4.4/psoc creator/import/gnu/arm/5.4.1/bin/../lib/gcc/arm-none-eabi/5.4.1/../../../../arm-none-eabi/lib/armv7-m\libg_nano.a(lib_a-impure.o)
                0x1fff81a4                _impure_ptr
 .data.lconv    0x1fff81a8       0x38 c:/program files (x86)/cypress/psoc creator/4.4/psoc creator/import/gnu/arm/5.4.1/bin/../lib/gcc/arm-none-eabi/5.4.1/../../../../arm-none-eabi/lib/armv7-m\libg_nano.a(lib_a-locale.o)
 .data.__fdlib_version
                0x1fff81e0        0x1 c:/program files (x86)/cypress/psoc creator/4.4/psoc creator/import/gnu/arm/5.4.1/bin/../lib/gcc/arm-none-eabi/5.4.1/../../../../arm-none-eabi/lib/armv7-m\libm.a(lib_a-s_lib_ver.o)
                0x1fff81e0                __fdlib_version
                0x1fff81e8                . = ALIGN (0x8)
 *fill*         0x1fff81e1        0x7 
 *(.ram)
                0x1fff81e8                _edata = .

.igot.plt       0x1fff81e8        0x0 load address 0x0000efb8
 .igot.plt      0x1fff81e8        0x0 c:/program files (x86)/cypress/psoc creator/4.4/psoc creator/import/gnu/arm/5.4.1/bin/../lib/gcc/arm-none-eabi/5.4.1/armv7-m/crtbegin.o

.bss            0x1fff81e8     0x2308 load address 0x0000efb8
                0x1fff81e8                PROVIDE (__bss_start__, .)
 *(.shbss)
 *(.bss .bss.* .gnu.linkonce.b.*)
 .bss           0x1fff81e8       0x1c c:/program files (x86)/cypress/psoc creator/4.4/psoc creator/import/gnu/arm/5.4.1/bin/../lib/gcc/arm-none-eabi/5.4.1/armv7-m/crtbegin.o