/Users/dp9443/Documents/Princeton/LEAF/leaf/Src/leaf-distortion.c:25:6:tSampleReducer_init	16	static
/Users/dp9443/Documents/Princeton/LEAF/leaf/Src/leaf-distortion.c:30:6:tSampleReducer_initToPool	16	static
/Users/dp9443/Documents/Princeton/LEAF/leaf/Src/leaf-distortion.c:41:6:tSampleReducer_free	0	static
/Users/dp9443/Documents/Princeton/LEAF/leaf/Src/leaf-distortion.c:48:7:tSampleReducer_tick	0	static
/Users/dp9443/Documents/Princeton/LEAF/leaf/Src/leaf-distortion.c:62:6:tSampleReducer_setRatio	0	static
/Users/dp9443/Documents/Princeton/LEAF/leaf/Src/leaf-distortion.c:75:6:tOversampler_init	32	static
/Users/dp9443/Documents/Princeton/LEAF/leaf/Src/leaf-distortion.c:80:6:tOversampler_initToPool	32	static
/Users/dp9443/Documents/Princeton/LEAF/leaf/Src/leaf-distortion.c:104:6:tOversampler_free	8	static
/Users/dp9443/Documents/Princeton/LEAF/leaf/Src/leaf-distortion.c:127:6:tOversampler_upsample	16	static
/Users/dp9443/Documents/Princeton/LEAF/leaf/Src/leaf-distortion.c:226:7:tOversampler_downsample	12	static
/Users/dp9443/Documents/Princeton/LEAF/leaf/Src/leaf-distortion.c:113:7:tOversampler_tick	32	static
/Users/dp9443/Documents/Princeton/LEAF/leaf/Src/leaf-distortion.c:312:9:tOversampler_setRatio	16	static
/Users/dp9443/Documents/Princeton/LEAF/leaf/Src/leaf-distortion.c:330:9:tOversampler_setQuality	16	static
/Users/dp9443/Documents/Princeton/LEAF/leaf/Src/leaf-distortion.c:347:5:tOversampler_getLatency	0	static
/Users/dp9443/Documents/Princeton/LEAF/leaf/Src/leaf-distortion.c:362:6:tLockhartWavefolder_init	16	static
/Users/dp9443/Documents/Princeton/LEAF/leaf/Src/leaf-distortion.c:367:6:tLockhartWavefolder_initToPool	16	static
/Users/dp9443/Documents/Princeton/LEAF/leaf/Src/leaf-distortion.c:412:6:tLockhartWavefolder_free	0	static
/Users/dp9443/Documents/Princeton/LEAF/leaf/Src/leaf-distortion.c:421:8:tLockhartWavefolderLambert	64	static
/Users/dp9443/Documents/Princeton/LEAF/leaf/Src/leaf-distortion.c:504:7:tLockhartWavefolder_tick	32	static
/Users/dp9443/Documents/Princeton/LEAF/leaf/Src/leaf-distortion.c:617:6:tCrusher_init	24	static
/Users/dp9443/Documents/Princeton/LEAF/leaf/Src/leaf-distortion.c:622:6:tCrusher_initToPool	24	static
/Users/dp9443/Documents/Princeton/LEAF/leaf/Src/leaf-distortion.c:636:6:tCrusher_free	8	static
/Users/dp9443/Documents/Princeton/LEAF/leaf/Src/leaf-distortion.c:644:7:tCrusher_tick	8	static
/Users/dp9443/Documents/Princeton/LEAF/leaf/Src/leaf-distortion.c:668:9:tCrusher_setOperation	0	static
/Users/dp9443/Documents/Princeton/LEAF/leaf/Src/leaf-distortion.c:675:9:tCrusher_setQuality	8	static
/Users/dp9443/Documents/Princeton/LEAF/leaf/Src/leaf-distortion.c:687:9:tCrusher_setRound	0	static
/Users/dp9443/Documents/Princeton/LEAF/leaf/Src/leaf-distortion.c:693:9:tCrusher_setSamplingRatio	0	static
