/Users/jeffsnyder/dev/LEAF/leaf/Src/leaf-oscillators.c:21:9:tCycle_init	16	static
/Users/jeffsnyder/dev/LEAF/leaf/Src/leaf-oscillators.c:26:9:tCycle_initToPool	16	static
/Users/jeffsnyder/dev/LEAF/leaf/Src/leaf-oscillators.c:39:9:tCycle_free	0	static
/Users/jeffsnyder/dev/LEAF/leaf/Src/leaf-oscillators.c:47:9:tCycle_tick	0	static
/Users/jeffsnyder/dev/LEAF/leaf/Src/leaf-oscillators.c:68:10:tCycle_setFreq	0	static
/Users/jeffsnyder/dev/LEAF/leaf/Src/leaf-oscillators.c:78:9:tCycle_setPhase	0	static
/Users/jeffsnyder/dev/LEAF/leaf/Src/leaf-oscillators.c:87:10:tCycle_setSampleRate	0	static
/Users/jeffsnyder/dev/LEAF/leaf/Src/leaf-oscillators.c:99:8:tTriangle_init	24	static
/Users/jeffsnyder/dev/LEAF/leaf/Src/leaf-oscillators.c:104:9:tTriangle_initToPool	24	static
/Users/jeffsnyder/dev/LEAF/leaf/Src/leaf-oscillators.c:119:9:tTriangle_free	0	static
/Users/jeffsnyder/dev/LEAF/leaf/Src/leaf-oscillators.c:126:9:tTriangle_tick	4	static
/Users/jeffsnyder/dev/LEAF/leaf/Src/leaf-oscillators.c:154:6:tTriangle_setFreq	8	static
/Users/jeffsnyder/dev/LEAF/leaf/Src/leaf-oscillators.c:171:6:tTriangle_setPhase	0	static
/Users/jeffsnyder/dev/LEAF/leaf/Src/leaf-oscillators.c:180:10:tTriangle_setSampleRate	8	static
/Users/jeffsnyder/dev/LEAF/leaf/Src/leaf-oscillators.c:193:8:tSquare_init	24	static
/Users/jeffsnyder/dev/LEAF/leaf/Src/leaf-oscillators.c:198:9:tSquare_initToPool	24	static
/Users/jeffsnyder/dev/LEAF/leaf/Src/leaf-oscillators.c:213:9:tSquare_free	0	static
/Users/jeffsnyder/dev/LEAF/leaf/Src/leaf-oscillators.c:220:9:tSquare_tick	4	static
/Users/jeffsnyder/dev/LEAF/leaf/Src/leaf-oscillators.c:248:9:tSquare_setFreq	8	static
/Users/jeffsnyder/dev/LEAF/leaf/Src/leaf-oscillators.c:265:9:tSquare_setPhase	0	static
/Users/jeffsnyder/dev/LEAF/leaf/Src/leaf-oscillators.c:274:10:tSquare_setSampleRate	8	static
/Users/jeffsnyder/dev/LEAF/leaf/Src/leaf-oscillators.c:287:9:tSawtooth_init	24	static
/Users/jeffsnyder/dev/LEAF/leaf/Src/leaf-oscillators.c:292:9:tSawtooth_initToPool	24	static
/Users/jeffsnyder/dev/LEAF/leaf/Src/leaf-oscillators.c:307:9:tSawtooth_free	0	static
/Users/jeffsnyder/dev/LEAF/leaf/Src/leaf-oscillators.c:314:9:tSawtooth_tick	4	static
/Users/jeffsnyder/dev/LEAF/leaf/Src/leaf-oscillators.c:343:9:tSawtooth_setFreq	8	static
/Users/jeffsnyder/dev/LEAF/leaf/Src/leaf-oscillators.c:360:6:tSawtooth_setPhase	0	static
/Users/jeffsnyder/dev/LEAF/leaf/Src/leaf-oscillators.c:369:10:tSawtooth_setSampleRate	8	static
/Users/jeffsnyder/dev/LEAF/leaf/Src/leaf-oscillators.c:383:9:tPBTriangle_init	16	static
/Users/jeffsnyder/dev/LEAF/leaf/Src/leaf-oscillators.c:388:9:tPBTriangle_initToPool	16	static
/Users/jeffsnyder/dev/LEAF/leaf/Src/leaf-oscillators.c:402:9:tPBTriangle_free	0	static
/Users/jeffsnyder/dev/LEAF/leaf/Src/leaf-oscillators.c:409:9:tPBTriangle_tick	24	static
/Users/jeffsnyder/dev/LEAF/leaf/Src/leaf-oscillators.c:440:9:tPBTriangle_setFreq	0	static
/Users/jeffsnyder/dev/LEAF/leaf/Src/leaf-oscillators.c:448:9:tPBTriangle_setSkew	0	static
/Users/jeffsnyder/dev/LEAF/leaf/Src/leaf-oscillators.c:454:10:tPBTriangle_setSampleRate	0	static
/Users/jeffsnyder/dev/LEAF/leaf/Src/leaf-oscillators.c:466:9:tPBPulse_init	16	static
/Users/jeffsnyder/dev/LEAF/leaf/Src/leaf-oscillators.c:471:9:tPBPulse_initToPool	16	static
/Users/jeffsnyder/dev/LEAF/leaf/Src/leaf-oscillators.c:484:9:tPBPulse_free	0	static
/Users/jeffsnyder/dev/LEAF/leaf/Src/leaf-oscillators.c:491:9:tPBPulse_tick	24	static
/Users/jeffsnyder/dev/LEAF/leaf/Src/leaf-oscillators.c:508:9:tPBPulse_setFreq	0	static
/Users/jeffsnyder/dev/LEAF/leaf/Src/leaf-oscillators.c:516:9:tPBPulse_setWidth	0	static
/Users/jeffsnyder/dev/LEAF/leaf/Src/leaf-oscillators.c:522:9:tPBPulse_setSampleRate	0	static
/Users/jeffsnyder/dev/LEAF/leaf/Src/leaf-oscillators.c:533:9:tPBSaw_init	16	static
/Users/jeffsnyder/dev/LEAF/leaf/Src/leaf-oscillators.c:538:9:tPBSaw_initToPool	16	static
/Users/jeffsnyder/dev/LEAF/leaf/Src/leaf-oscillators.c:550:9:tPBSaw_free	0	static
/Users/jeffsnyder/dev/LEAF/leaf/Src/leaf-oscillators.c:557:9:tPBSaw_tick	16	static
/Users/jeffsnyder/dev/LEAF/leaf/Src/leaf-oscillators.c:571:9:tPBSaw_setFreq	0	static
/Users/jeffsnyder/dev/LEAF/leaf/Src/leaf-oscillators.c:579:9:tPBSaw_setSampleRate	0	static
/Users/jeffsnyder/dev/LEAF/leaf/Src/leaf-oscillators.c:590:9:tPhasor_init	16	static
/Users/jeffsnyder/dev/LEAF/leaf/Src/leaf-oscillators.c:595:9:tPhasor_initToPool	16	static
/Users/jeffsnyder/dev/LEAF/leaf/Src/leaf-oscillators.c:608:9:tPhasor_free	0	static
/Users/jeffsnyder/dev/LEAF/leaf/Src/leaf-oscillators.c:615:9:tPhasor_setFreq	0	static
/Users/jeffsnyder/dev/LEAF/leaf/Src/leaf-oscillators.c:625:9:tPhasor_tick	0	static
/Users/jeffsnyder/dev/LEAF/leaf/Src/leaf-oscillators.c:646:10:tPhasor_setSampleRate	0	static
/Users/jeffsnyder/dev/LEAF/leaf/Src/leaf-oscillators.c:656:9:tNoise_init	16	static
/Users/jeffsnyder/dev/LEAF/leaf/Src/leaf-oscillators.c:661:9:tNoise_initToPool	16	static
/Users/jeffsnyder/dev/LEAF/leaf/Src/leaf-oscillators.c:672:9:tNoise_free	0	static
/Users/jeffsnyder/dev/LEAF/leaf/Src/leaf-oscillators.c:679:9:tNoise_tick	8	static
/Users/jeffsnyder/dev/LEAF/leaf/Src/leaf-oscillators.c:703:6:tNeuron_init	24	static
/Users/jeffsnyder/dev/LEAF/leaf/Src/leaf-oscillators.c:708:6:tNeuron_initToPool	24	static
/Users/jeffsnyder/dev/LEAF/leaf/Src/leaf-oscillators.c:743:9:tNeuron_free	8	static
/Users/jeffsnyder/dev/LEAF/leaf/Src/leaf-oscillators.c:751:8:tNeuron_reset	8	static
/Users/jeffsnyder/dev/LEAF/leaf/Src/leaf-oscillators.c:780:6:tNeuron_setV1	0	static
/Users/jeffsnyder/dev/LEAF/leaf/Src/leaf-oscillators.c:786:6:tNeuron_setV2	0	static
/Users/jeffsnyder/dev/LEAF/leaf/Src/leaf-oscillators.c:792:6:tNeuron_setV3	0	static
/Users/jeffsnyder/dev/LEAF/leaf/Src/leaf-oscillators.c:798:6:tNeuron_setTimeStep	0	static
/Users/jeffsnyder/dev/LEAF/leaf/Src/leaf-oscillators.c:804:6:tNeuron_setK	0	static
/Users/jeffsnyder/dev/LEAF/leaf/Src/leaf-oscillators.c:810:6:tNeuron_setL	0	static
/Users/jeffsnyder/dev/LEAF/leaf/Src/leaf-oscillators.c:817:6:tNeuron_setN	0	static
/Users/jeffsnyder/dev/LEAF/leaf/Src/leaf-oscillators.c:823:6:tNeuron_setC	0	static
/Users/jeffsnyder/dev/LEAF/leaf/Src/leaf-oscillators.c:830:7:tNeuron_tick	48	static
/Users/jeffsnyder/dev/LEAF/leaf/Src/leaf-oscillators.c:906:6:tNeuron_setMode	0	static
/Users/jeffsnyder/dev/LEAF/leaf/Src/leaf-oscillators.c:912:6:tNeuron_setCurrent	0	static
/Users/jeffsnyder/dev/LEAF/leaf/Src/leaf-oscillators.c:918:6:tNeuron_setSampleRate	0	static
/Users/jeffsnyder/dev/LEAF/leaf/Src/leaf-oscillators.c:927:6:tMBPulse_init	16	static
/Users/jeffsnyder/dev/LEAF/leaf/Src/leaf-oscillators.c:932:6:tMBPulse_initToPool	16	static
/Users/jeffsnyder/dev/LEAF/leaf/Src/leaf-oscillators.c:954:6:tMBPulse_free	0	static
/Users/jeffsnyder/dev/LEAF/leaf/Src/leaf-oscillators.c:960:7:tMBPulse_tick	80	static
/Users/jeffsnyder/dev/LEAF/leaf/Src/leaf-oscillators.c:1187:6:tMBPulse_setFreq	0	static
/Users/jeffsnyder/dev/LEAF/leaf/Src/leaf-oscillators.c:1193:6:tMBPulse_setWidth	0	static
/Users/jeffsnyder/dev/LEAF/leaf/Src/leaf-oscillators.c:1199:7:tMBPulse_sync	0	static
/Users/jeffsnyder/dev/LEAF/leaf/Src/leaf-oscillators.c:1215:6:tMBPulse_setPhase	0	static
/Users/jeffsnyder/dev/LEAF/leaf/Src/leaf-oscillators.c:1221:6:tMBPulse_setSyncMode	0	static
/Users/jeffsnyder/dev/LEAF/leaf/Src/leaf-oscillators.c:1227:6:tMBPulse_setSampleRate	0	static
/Users/jeffsnyder/dev/LEAF/leaf/Src/leaf-oscillators.c:1236:6:tMBTriangle_init	16	static
/Users/jeffsnyder/dev/LEAF/leaf/Src/leaf-oscillators.c:1241:6:tMBTriangle_initToPool	16	static
/Users/jeffsnyder/dev/LEAF/leaf/Src/leaf-oscillators.c:1262:6:tMBTriangle_free	0	static
/Users/jeffsnyder/dev/LEAF/leaf/Src/leaf-oscillators.c:1268:7:tMBTriangle_tick	88	static
/Users/jeffsnyder/dev/LEAF/leaf/Src/leaf-oscillators.c:1496:6:tMBTriangle_setFreq	0	static
/Users/jeffsnyder/dev/LEAF/leaf/Src/leaf-oscillators.c:1502:6:tMBTriangle_setWidth	0	static
/Users/jeffsnyder/dev/LEAF/leaf/Src/leaf-oscillators.c:1508:7:tMBTriangle_sync	0	static
/Users/jeffsnyder/dev/LEAF/leaf/Src/leaf-oscillators.c:1524:6:tMBTriangle_setPhase	0	static
/Users/jeffsnyder/dev/LEAF/leaf/Src/leaf-oscillators.c:1530:6:tMBTriangle_setSyncMode	0	static
/Users/jeffsnyder/dev/LEAF/leaf/Src/leaf-oscillators.c:1536:6:tMBTriangle_setSampleRate	0	static
/Users/jeffsnyder/dev/LEAF/leaf/Src/leaf-oscillators.c:1545:6:tMBSaw_init	16	static
/Users/jeffsnyder/dev/LEAF/leaf/Src/leaf-oscillators.c:1550:6:tMBSaw_initToPool	16	static
/Users/jeffsnyder/dev/LEAF/leaf/Src/leaf-oscillators.c:1570:6:tMBSaw_free	0	static
/Users/jeffsnyder/dev/LEAF/leaf/Src/leaf-oscillators.c:1576:7:tMBSaw_tick	40	static
/Users/jeffsnyder/dev/LEAF/leaf/Src/leaf-oscillators.c:1675:6:tMBSaw_setFreq	0	static
/Users/jeffsnyder/dev/LEAF/leaf/Src/leaf-oscillators.c:1681:7:tMBSaw_sync	0	static
/Users/jeffsnyder/dev/LEAF/leaf/Src/leaf-oscillators.c:1697:6:tMBSaw_setPhase	0	static
/Users/jeffsnyder/dev/LEAF/leaf/Src/leaf-oscillators.c:1703:6:tMBSaw_setSyncMode	0	static
/Users/jeffsnyder/dev/LEAF/leaf/Src/leaf-oscillators.c:1709:6:tMBSaw_setSampleRate	0	static
/Users/jeffsnyder/dev/LEAF/leaf/Src/leaf-oscillators.c:1717:9:tTable_init	24	static
/Users/jeffsnyder/dev/LEAF/leaf/Src/leaf-oscillators.c:1722:9:tTable_initToPool	24	static
/Users/jeffsnyder/dev/LEAF/leaf/Src/leaf-oscillators.c:1736:9:tTable_free	0	static
/Users/jeffsnyder/dev/LEAF/leaf/Src/leaf-oscillators.c:1743:10:tTable_setFreq	0	static
/Users/jeffsnyder/dev/LEAF/leaf/Src/leaf-oscillators.c:1754:9:tTable_tick	0	static
/Users/jeffsnyder/dev/LEAF/leaf/Src/leaf-oscillators.c:1780:10:tTable_setSampleRate	0	static
/Users/jeffsnyder/dev/LEAF/leaf/Src/leaf-oscillators.c:1792:6:tWaveTable_initToPool	48	static
/Users/jeffsnyder/dev/LEAF/leaf/Src/leaf-oscillators.c:1787:6:tWaveTable_init	0	static
/Users/jeffsnyder/dev/LEAF/leaf/Src/leaf-oscillators.c:1856:6:tWaveTable_free	16	static
/Users/jeffsnyder/dev/LEAF/leaf/Src/leaf-oscillators.c:1869:6:tWaveTable_setSampleRate	48	static
/Users/jeffsnyder/dev/LEAF/leaf/Src/leaf-oscillators.c:1930:6:tWaveOsc_init	24	static
/Users/jeffsnyder/dev/LEAF/leaf/Src/leaf-oscillators.c:1935:6:tWaveOsc_initToPool	24	static
/Users/jeffsnyder/dev/LEAF/leaf/Src/leaf-oscillators.c:1966:6:tWaveOsc_free	0	static
/Users/jeffsnyder/dev/LEAF/leaf/Src/leaf-oscillators.c:1972:7:tWaveOsc_tick	20	static
/Users/jeffsnyder/dev/LEAF/leaf/Src/leaf-oscillators.c:2041:6:tWaveOsc_setFreq	8	static
/Users/jeffsnyder/dev/LEAF/leaf/Src/leaf-oscillators.c:2061:6:tWaveOsc_setAntiAliasing	0	static
/Users/jeffsnyder/dev/LEAF/leaf/Src/leaf-oscillators.c:2067:6:tWaveOsc_setIndex	0	static
/Users/jeffsnyder/dev/LEAF/leaf/Src/leaf-oscillators.c:2079:6:tWaveOsc_setTables	4	static
/Users/jeffsnyder/dev/LEAF/leaf/Src/leaf-oscillators.c:2110:6:tWaveOsc_setSampleRate	8	static
/Users/jeffsnyder/dev/LEAF/leaf/Src/leaf-oscillators.c:2132:6:tWaveTableS_initToPool	56	static
/Users/jeffsnyder/dev/LEAF/leaf/Src/leaf-oscillators.c:2127:6:tWaveTableS_init	0	static
/Users/jeffsnyder/dev/LEAF/leaf/Src/leaf-oscillators.c:2215:9:tWaveTableS_free	16	static
/Users/jeffsnyder/dev/LEAF/leaf/Src/leaf-oscillators.c:2230:9:tWaveTableS_setSampleRate	56	static
/Users/jeffsnyder/dev/LEAF/leaf/Src/leaf-oscillators.c:2314:6:tWaveOscS_init	24	static
/Users/jeffsnyder/dev/LEAF/leaf/Src/leaf-oscillators.c:2319:6:tWaveOscS_initToPool	24	static
/Users/jeffsnyder/dev/LEAF/leaf/Src/leaf-oscillators.c:2350:6:tWaveOscS_free	0	static
/Users/jeffsnyder/dev/LEAF/leaf/Src/leaf-oscillators.c:2358:7:tWaveOscS_tick	48	static
/Users/jeffsnyder/dev/LEAF/leaf/Src/leaf-oscillators.c:2429:6:tWaveOscS_setFreq	8	static
/Users/jeffsnyder/dev/LEAF/leaf/Src/leaf-oscillators.c:2449:6:tWaveOscS_setAntiAliasing	0	static
/Users/jeffsnyder/dev/LEAF/leaf/Src/leaf-oscillators.c:2455:6:tWaveOscS_setIndex	0	static
/Users/jeffsnyder/dev/LEAF/leaf/Src/leaf-oscillators.c:2483:6:tWaveOscS_setSampleRate	8	static
