20:02:37 **** Incremental Build of configuration Debug for project Electrobass_Daisy_Pluck ****
make -j7 all 
arm-none-eabi-gcc "../Core/Src/main.c" -mcpu=cortex-m7 -std=gnu11 -g3 -DDEBUG -DUSE_HAL_DRIVER -DSTM32H750xx -c -I/Users/jeffsnyder/dev/LEAF/leaf -I../Core/Inc -I../Drivers/STM32H7xx_HAL_Driver/Inc -I../Drivers/STM32H7xx_HAL_Driver/Inc/Legacy -I../Drivers/CMSIS/Device/ST/STM32H7xx/Include -I../Drivers/CMSIS/Include -Ofast -ffunction-sections -fdata-sections -Wall -fstack-usage -MMD -MP -MF"Core/Src/main.d" -MT"Core/Src/main.o" --specs=nano.specs -mfpu=fpv5-d16 -mfloat-abi=hard -mthumb -o "Core/Src/main.o"
arm-none-eabi-gcc -o "Electrobass_Daisy_Pluck.elf" @"objects.list"   -mcpu=cortex-m7 -T"/Users/jeffsnyder/dev/Electrobass_embedded/daisy_boards/Electrobass_Daisy_Pluck/STM32H750IBKX_FLASH.ld" --specs=nosys.specs -Wl,-Map="Electrobass_Daisy_Pluck.map" -Wl,--gc-sections -static --specs=nano.specs -mfpu=fpv5-d16 -mfloat-abi=hard -mthumb -Wl,--start-group -lc -lm -Wl,--end-group
Finished building target: Electrobass_Daisy_Pluck.elf
 
arm-none-eabi-size   Electrobass_Daisy_Pluck.elf 
arm-none-eabi-objdump -h -S  Electrobass_Daisy_Pluck.elf  > "Electrobass_Daisy_Pluck.list"
   text	   data	    bss	    dec	    hex	filename
  39348	    176	 426272	 465796	  71b84	Electrobass_Daisy_Pluck.elf
Finished building: default.size.stdout
 
Finished building: Electrobass_Daisy_Pluck.list
 
20:02:52 **** Incremental Build of configuration Debug for project Electrobass_Daisy_Pluck ****
make -j7 all 
arm-none-eabi-size   Electrobass_Daisy_Pluck.elf 
   text	   data	    bss	    dec	    hex	filename
  39348	    176	 426272	 465796	  71b84	Electrobass_Daisy_Pluck.elf
Finished building: default.size.stdout
 
