../Core/Src/main.c:429:7:randomNumber	16	static
../Core/Src/main.c:259:6:SystemClock_Config	128	static,ignoring_inline_asm
../Core/Src/main.c:318:6:PeriphCommonClock_Config	200	static,ignoring_inline_asm
../Core/Src/main.c:341:6:MPU_Conf	24	static
../Core/Src/main.c:144:5:main	72	static,ignoring_inline_asm
../Core/Src/main.c:454:5:attackDetectPeak2	56	static
../Core/Src/main.c:617:6:ADC_Frame	64	static
../Core/Src/main.c:955:6:ADC_EM	0	static
../Core/Src/main.c:975:6:HAL_ADC_ConvCpltCallback	0	static
../Core/Src/main.c:984:6:HAL_ADC_ConvHalfCpltCallback	0	static
../Core/Src/main.c:992:6:HAL_ADC_Error	0	static
../Core/Src/main.c:997:6:HAL_SPI_TxRxCpltCallback	48	static
../Core/Src/main.c:1021:6:HAL_SPI_TxRxHalfCpltCallback	56	static
../Core/Src/main.c:1045:6:HAL_GPIO_EXTI_Callback	8	static
../Core/Src/main.c:1082:6:Error_Handler	0	static,ignoring_inline_asm
