../Core/Src/main.c:428:7:randomNumber	16	static
../Core/Src/main.c:258:6:SystemClock_Config	128	static,ignoring_inline_asm
../Core/Src/main.c:317:6:PeriphCommonClock_Config	200	static,ignoring_inline_asm
../Core/Src/main.c:340:6:MPU_Conf	24	static
../Core/Src/main.c:143:5:main	72	static,ignoring_inline_asm
../Core/Src/main.c:453:5:attackDetectPeak2	64	static
../Core/Src/main.c:614:6:ADC_Frame	64	static
../Core/Src/main.c:952:6:ADC_EM	0	static
../Core/Src/main.c:972:6:HAL_ADC_ConvCpltCallback	0	static
../Core/Src/main.c:981:6:HAL_ADC_ConvHalfCpltCallback	0	static
../Core/Src/main.c:989:6:HAL_ADC_Error	0	static
../Core/Src/main.c:994:6:HAL_SPI_TxRxCpltCallback	48	static
../Core/Src/main.c:1018:6:HAL_SPI_TxRxHalfCpltCallback	56	static
../Core/Src/main.c:1042:6:HAL_GPIO_EXTI_Callback	8	static
../Core/Src/main.c:1079:6:Error_Handler	0	static,ignoring_inline_asm
